*** Using Compiler 'V6.21', folder: 'D:\keil\ARM\ARMCLANG\Bin'
Build target '1.12PWMhal'
compiling i2c.c...
compiling gpio.c...
compiling OLED_Data.c...
compiling main.c...
compiling stm32f4xx_hal_msp.c...
compiling rtc.c...
compiling tim.c...
compiling usart.c...
compiling mpu6050.c...
compiling stm32f4xx_hal_i2c_ex.c...
compiling OLED.c...
compiling stm32f4xx_hal_rcc.c...
compiling stm32f4xx_hal_rcc_ex.c...
compiling stm32f4xx_hal_flash.c...
compiling stm32f4xx_hal_flash_ex.c...
compiling stm32f4xx_hal_i2c.c...
compiling stm32f4xx_hal_flash_ramfunc.c...
compiling stm32f4xx_hal_dma_ex.c...
compiling stm32f4xx_hal_gpio.c...
compiling stm32f4xx_hal_dma.c...
compiling stm32f4xx_hal_pwr.c...
compiling stm32f4xx_hal_pwr_ex.c...
compiling stm32f4xx_hal.c...
compiling stm32f4xx_hal_cortex.c...
compiling stm32f4xx_hal_exti.c...
compiling stm32f4xx_hal_rtc.c...
compiling stm32f4xx_hal_rtc_ex.c...
compiling system_stm32f4xx.c...
compiling stm32f4xx_hal_tim_ex.c...
compiling stm32f4xx_hal_uart.c...
compiling stm32f4xx_hal_tim.c...
compiling stm32f4xx_it.c...
linking...
Program Size: Code=34066 RO-data=2898 RW-data=180 ZI-data=3652  
FromELF: creating hex file...
"1.12PWMhal\1.12PWMhal" - 0 Error(s), 0 Warning(s).
Build Time Elapsed:  00:00:42
