<?xml version="1.0" encoding="ISO-8859-1" ?>
<link_info>
   <banner>TI ARM Clang Linker PC v4.0.2.LTS</banner>
   <copyright>Copyright (c) 1996-2018 Texas Instruments Incorporated</copyright>
   <command_line>E:\M0CCS\CCS\ccs\tools\compiler\ti-cgt-armllvm_4.0.2.LTS\bin\tiarmlnk -IE:\M0CCS\CCS\ccs\tools\compiler\ti-cgt-armllvm_4.0.2.LTS\lib -o car_driver_mspm0.out -mcar_driver_mspm0.map -iE:/M0CCS/CCS/mspm0_sdk_2_05_01_00/source -iC:/Users/HuYiFei/Desktop/cocode/EDC_Control/car_driver_mspm0/car_driver_mspm0/Debug/syscfg -iE:/M0CCS/CCS/ccs/tools/compiler/ti-cgt-armllvm_4.0.2.LTS/lib --diag_wrap=off --display_error_number --warn_sections --xml_link_info=car_driver_mspm0_linkInfo.xml --rom_model ./syscfg/ti_msp_dl_config.o ./syscfg/boot_config.o ./startup_mspm0g350x_ticlang.o ./main.o ./car_bsp/ADC.o ./car_bsp/Buzzer.o ./car_bsp/No_Mcu_Ganv_Grayscale_Sensor.o ./car_bsp/PID.o ./car_bsp/draw.o ./car_bsp/key.o ./car_bsp/key1.o ./car_bsp/laser_tracker.o ./car_bsp/motor.o ./car_bsp/rgb.o ./car_bsp/sensor.o ./car_bsp/servo_protocol.o ./car_bsp/usart.o ./car_bsp/usb_uart0.o ./car_bsp/vcc_adc.o ./car_bsp/Grayscale_Sensor/IIC.o ./car_bsp/Grayscale_Sensor/hardware_iic.o ./car_bsp/ICM45686/ICM45686/inv_imu_driver.o ./car_bsp/ICM45686/ICM45686/inv_imu_transport.o ./car_bsp/ICM45686/IMU/IMU.o ./car_bsp/ICM45686/basic_read_reg.o ./car_bsp/ICM45686/timer_100us.o ./car_bsp/OLED/oled.o -lsyscfg/device_linker.cmd -ldevice.cmd.genlibs -llibc.a --start-group -llibc++.a -llibc++abi.a -llibc.a -llibsys.a -llibsysbm.a -llibclang_rt.builtins.a -llibclang_rt.profile.a --end-group --cg_opt_level=0</command_line>
   <link_time>0x688a310c</link_time>
   <link_errors>0x0</link_errors>
   <output_file>C:\Users\HuYiFei\Desktop\cocode\EDC_Control\car_driver_mspm0\car_driver_mspm0\Debug\car_driver_mspm0.out</output_file>
   <entry_point>
      <name>_c_int00_noargs</name>
      <address>0x970d</address>
   </entry_point>
   <input_file_list>
      <input_file id="fl-1">
         <path>C:\Users\HuYiFei\Desktop\cocode\EDC_Control\car_driver_mspm0\car_driver_mspm0\Debug\.\syscfg\</path>
         <kind>object</kind>
         <file>ti_msp_dl_config.o</file>
         <name>ti_msp_dl_config.o</name>
      </input_file>
      <input_file id="fl-2">
         <path>C:\Users\HuYiFei\Desktop\cocode\EDC_Control\car_driver_mspm0\car_driver_mspm0\Debug\.\syscfg\</path>
         <kind>object</kind>
         <file>boot_config.o</file>
         <name>boot_config.o</name>
      </input_file>
      <input_file id="fl-3">
         <path>C:\Users\HuYiFei\Desktop\cocode\EDC_Control\car_driver_mspm0\car_driver_mspm0\Debug\.\</path>
         <kind>object</kind>
         <file>startup_mspm0g350x_ticlang.o</file>
         <name>startup_mspm0g350x_ticlang.o</name>
      </input_file>
      <input_file id="fl-4">
         <path>C:\Users\HuYiFei\Desktop\cocode\EDC_Control\car_driver_mspm0\car_driver_mspm0\Debug\.\</path>
         <kind>object</kind>
         <file>main.o</file>
         <name>main.o</name>
      </input_file>
      <input_file id="fl-5">
         <path>C:\Users\HuYiFei\Desktop\cocode\EDC_Control\car_driver_mspm0\car_driver_mspm0\Debug\.\car_bsp\</path>
         <kind>object</kind>
         <file>ADC.o</file>
         <name>ADC.o</name>
      </input_file>
      <input_file id="fl-6">
         <path>C:\Users\HuYiFei\Desktop\cocode\EDC_Control\car_driver_mspm0\car_driver_mspm0\Debug\.\car_bsp\</path>
         <kind>object</kind>
         <file>Buzzer.o</file>
         <name>Buzzer.o</name>
      </input_file>
      <input_file id="fl-7">
         <path>C:\Users\HuYiFei\Desktop\cocode\EDC_Control\car_driver_mspm0\car_driver_mspm0\Debug\.\car_bsp\</path>
         <kind>object</kind>
         <file>No_Mcu_Ganv_Grayscale_Sensor.o</file>
         <name>No_Mcu_Ganv_Grayscale_Sensor.o</name>
      </input_file>
      <input_file id="fl-8">
         <path>C:\Users\HuYiFei\Desktop\cocode\EDC_Control\car_driver_mspm0\car_driver_mspm0\Debug\.\car_bsp\</path>
         <kind>object</kind>
         <file>PID.o</file>
         <name>PID.o</name>
      </input_file>
      <input_file id="fl-9">
         <path>C:\Users\HuYiFei\Desktop\cocode\EDC_Control\car_driver_mspm0\car_driver_mspm0\Debug\.\car_bsp\</path>
         <kind>object</kind>
         <file>draw.o</file>
         <name>draw.o</name>
      </input_file>
      <input_file id="fl-a">
         <path>C:\Users\HuYiFei\Desktop\cocode\EDC_Control\car_driver_mspm0\car_driver_mspm0\Debug\.\car_bsp\</path>
         <kind>object</kind>
         <file>key.o</file>
         <name>key.o</name>
      </input_file>
      <input_file id="fl-b">
         <path>C:\Users\HuYiFei\Desktop\cocode\EDC_Control\car_driver_mspm0\car_driver_mspm0\Debug\.\car_bsp\</path>
         <kind>object</kind>
         <file>key1.o</file>
         <name>key1.o</name>
      </input_file>
      <input_file id="fl-c">
         <path>C:\Users\HuYiFei\Desktop\cocode\EDC_Control\car_driver_mspm0\car_driver_mspm0\Debug\.\car_bsp\</path>
         <kind>object</kind>
         <file>laser_tracker.o</file>
         <name>laser_tracker.o</name>
      </input_file>
      <input_file id="fl-d">
         <path>C:\Users\HuYiFei\Desktop\cocode\EDC_Control\car_driver_mspm0\car_driver_mspm0\Debug\.\car_bsp\</path>
         <kind>object</kind>
         <file>motor.o</file>
         <name>motor.o</name>
      </input_file>
      <input_file id="fl-e">
         <path>C:\Users\HuYiFei\Desktop\cocode\EDC_Control\car_driver_mspm0\car_driver_mspm0\Debug\.\car_bsp\</path>
         <kind>object</kind>
         <file>rgb.o</file>
         <name>rgb.o</name>
      </input_file>
      <input_file id="fl-f">
         <path>C:\Users\HuYiFei\Desktop\cocode\EDC_Control\car_driver_mspm0\car_driver_mspm0\Debug\.\car_bsp\</path>
         <kind>object</kind>
         <file>sensor.o</file>
         <name>sensor.o</name>
      </input_file>
      <input_file id="fl-10">
         <path>C:\Users\HuYiFei\Desktop\cocode\EDC_Control\car_driver_mspm0\car_driver_mspm0\Debug\.\car_bsp\</path>
         <kind>object</kind>
         <file>servo_protocol.o</file>
         <name>servo_protocol.o</name>
      </input_file>
      <input_file id="fl-11">
         <path>C:\Users\HuYiFei\Desktop\cocode\EDC_Control\car_driver_mspm0\car_driver_mspm0\Debug\.\car_bsp\</path>
         <kind>object</kind>
         <file>usart.o</file>
         <name>usart.o</name>
      </input_file>
      <input_file id="fl-12">
         <path>C:\Users\HuYiFei\Desktop\cocode\EDC_Control\car_driver_mspm0\car_driver_mspm0\Debug\.\car_bsp\</path>
         <kind>object</kind>
         <file>usb_uart0.o</file>
         <name>usb_uart0.o</name>
      </input_file>
      <input_file id="fl-13">
         <path>C:\Users\HuYiFei\Desktop\cocode\EDC_Control\car_driver_mspm0\car_driver_mspm0\Debug\.\car_bsp\</path>
         <kind>object</kind>
         <file>vcc_adc.o</file>
         <name>vcc_adc.o</name>
      </input_file>
      <input_file id="fl-14">
         <path>C:\Users\HuYiFei\Desktop\cocode\EDC_Control\car_driver_mspm0\car_driver_mspm0\Debug\.\car_bsp\Grayscale_Sensor\</path>
         <kind>object</kind>
         <file>IIC.o</file>
         <name>IIC.o</name>
      </input_file>
      <input_file id="fl-15">
         <path>C:\Users\HuYiFei\Desktop\cocode\EDC_Control\car_driver_mspm0\car_driver_mspm0\Debug\.\car_bsp\Grayscale_Sensor\</path>
         <kind>object</kind>
         <file>hardware_iic.o</file>
         <name>hardware_iic.o</name>
      </input_file>
      <input_file id="fl-16">
         <path>C:\Users\HuYiFei\Desktop\cocode\EDC_Control\car_driver_mspm0\car_driver_mspm0\Debug\.\car_bsp\ICM45686\ICM45686\</path>
         <kind>object</kind>
         <file>inv_imu_driver.o</file>
         <name>inv_imu_driver.o</name>
      </input_file>
      <input_file id="fl-17">
         <path>C:\Users\HuYiFei\Desktop\cocode\EDC_Control\car_driver_mspm0\car_driver_mspm0\Debug\.\car_bsp\ICM45686\ICM45686\</path>
         <kind>object</kind>
         <file>inv_imu_transport.o</file>
         <name>inv_imu_transport.o</name>
      </input_file>
      <input_file id="fl-18">
         <path>C:\Users\HuYiFei\Desktop\cocode\EDC_Control\car_driver_mspm0\car_driver_mspm0\Debug\.\car_bsp\ICM45686\IMU\</path>
         <kind>object</kind>
         <file>IMU.o</file>
         <name>IMU.o</name>
      </input_file>
      <input_file id="fl-19">
         <path>C:\Users\HuYiFei\Desktop\cocode\EDC_Control\car_driver_mspm0\car_driver_mspm0\Debug\.\car_bsp\ICM45686\</path>
         <kind>object</kind>
         <file>basic_read_reg.o</file>
         <name>basic_read_reg.o</name>
      </input_file>
      <input_file id="fl-1a">
         <path>C:\Users\HuYiFei\Desktop\cocode\EDC_Control\car_driver_mspm0\car_driver_mspm0\Debug\.\car_bsp\ICM45686\</path>
         <kind>object</kind>
         <file>timer_100us.o</file>
         <name>timer_100us.o</name>
      </input_file>
      <input_file id="fl-1b">
         <path>C:\Users\HuYiFei\Desktop\cocode\EDC_Control\car_driver_mspm0\car_driver_mspm0\Debug\.\car_bsp\OLED\</path>
         <kind>object</kind>
         <file>oled.o</file>
         <name>oled.o</name>
      </input_file>
      <input_file id="fl-29">
         <path>C:\Users\HuYiFei\Desktop\cocode\EDC_Control\car_driver_mspm0\car_driver_mspm0\Debug\</path>
         <kind>object</kind>
         <file>&lt;internal&gt;</file>
         <name>&lt;internal&gt;</name>
      </input_file>
      <input_file id="fl-2a">
         <path>E:\M0CCS\CCS\mspm0_sdk_2_05_01_00\source\ti\driverlib\lib\ticlang\m0p\mspm0g1x0x_g3x0x\</path>
         <kind>archive</kind>
         <file>driverlib.a</file>
         <name>dl_adc12.o</name>
      </input_file>
      <input_file id="fl-2b">
         <path>E:\M0CCS\CCS\mspm0_sdk_2_05_01_00\source\ti\driverlib\lib\ticlang\m0p\mspm0g1x0x_g3x0x\</path>
         <kind>archive</kind>
         <file>driverlib.a</file>
         <name>dl_common.o</name>
      </input_file>
      <input_file id="fl-2c">
         <path>E:\M0CCS\CCS\mspm0_sdk_2_05_01_00\source\ti\driverlib\lib\ticlang\m0p\mspm0g1x0x_g3x0x\</path>
         <kind>archive</kind>
         <file>driverlib.a</file>
         <name>dl_i2c.o</name>
      </input_file>
      <input_file id="fl-2d">
         <path>E:\M0CCS\CCS\mspm0_sdk_2_05_01_00\source\ti\driverlib\lib\ticlang\m0p\mspm0g1x0x_g3x0x\</path>
         <kind>archive</kind>
         <file>driverlib.a</file>
         <name>dl_spi.o</name>
      </input_file>
      <input_file id="fl-2e">
         <path>E:\M0CCS\CCS\mspm0_sdk_2_05_01_00\source\ti\driverlib\lib\ticlang\m0p\mspm0g1x0x_g3x0x\</path>
         <kind>archive</kind>
         <file>driverlib.a</file>
         <name>dl_timer.o</name>
      </input_file>
      <input_file id="fl-2f">
         <path>E:\M0CCS\CCS\mspm0_sdk_2_05_01_00\source\ti\driverlib\lib\ticlang\m0p\mspm0g1x0x_g3x0x\</path>
         <kind>archive</kind>
         <file>driverlib.a</file>
         <name>dl_uart.o</name>
      </input_file>
      <input_file id="fl-46">
         <path>E:\M0CCS\CCS\ccs\tools\compiler\ti-cgt-armllvm_4.0.2.LTS\lib\armv6m-ti-none-eabi\c\</path>
         <kind>archive</kind>
         <file>libc.a</file>
         <name>e_asin.c.obj</name>
      </input_file>
      <input_file id="fl-47">
         <path>E:\M0CCS\CCS\ccs\tools\compiler\ti-cgt-armllvm_4.0.2.LTS\lib\armv6m-ti-none-eabi\c\</path>
         <kind>archive</kind>
         <file>libc.a</file>
         <name>e_atan2.c.obj</name>
      </input_file>
      <input_file id="fl-48">
         <path>E:\M0CCS\CCS\ccs\tools\compiler\ti-cgt-armllvm_4.0.2.LTS\lib\armv6m-ti-none-eabi\c\</path>
         <kind>archive</kind>
         <file>libc.a</file>
         <name>e_sqrt.c.obj</name>
      </input_file>
      <input_file id="fl-49">
         <path>E:\M0CCS\CCS\ccs\tools\compiler\ti-cgt-armllvm_4.0.2.LTS\lib\armv6m-ti-none-eabi\c\</path>
         <kind>archive</kind>
         <file>libc.a</file>
         <name>s_atan.c.obj</name>
      </input_file>
      <input_file id="fl-4a">
         <path>E:\M0CCS\CCS\ccs\tools\compiler\ti-cgt-armllvm_4.0.2.LTS\lib\armv6m-ti-none-eabi\c\</path>
         <kind>archive</kind>
         <file>libc.a</file>
         <name>printf.c.obj</name>
      </input_file>
      <input_file id="fl-4b">
         <path>E:\M0CCS\CCS\ccs\tools\compiler\ti-cgt-armllvm_4.0.2.LTS\lib\armv6m-ti-none-eabi\c\</path>
         <kind>archive</kind>
         <file>libc.a</file>
         <name>_printfi.c.obj</name>
      </input_file>
      <input_file id="fl-4c">
         <path>E:\M0CCS\CCS\ccs\tools\compiler\ti-cgt-armllvm_4.0.2.LTS\lib\armv6m-ti-none-eabi\c\</path>
         <kind>archive</kind>
         <file>libc.a</file>
         <name>sprintf.c.obj</name>
      </input_file>
      <input_file id="fl-4d">
         <path>E:\M0CCS\CCS\ccs\tools\compiler\ti-cgt-armllvm_4.0.2.LTS\lib\armv6m-ti-none-eabi\c\</path>
         <kind>archive</kind>
         <file>libc.a</file>
         <name>sscanf.c.obj</name>
      </input_file>
      <input_file id="fl-4e">
         <path>E:\M0CCS\CCS\ccs\tools\compiler\ti-cgt-armllvm_4.0.2.LTS\lib\armv6m-ti-none-eabi\c\</path>
         <kind>archive</kind>
         <file>libc.a</file>
         <name>s_truncf.c.obj</name>
      </input_file>
      <input_file id="fl-4f">
         <path>E:\M0CCS\CCS\ccs\tools\compiler\ti-cgt-armllvm_4.0.2.LTS\lib\armv6m-ti-none-eabi\c\</path>
         <kind>archive</kind>
         <file>libc.a</file>
         <name>aeabi_ctype.S.obj</name>
      </input_file>
      <input_file id="fl-50">
         <path>E:\M0CCS\CCS\ccs\tools\compiler\ti-cgt-armllvm_4.0.2.LTS\lib\armv6m-ti-none-eabi\c\</path>
         <kind>archive</kind>
         <file>libc.a</file>
         <name>aeabi_portable.c.obj</name>
      </input_file>
      <input_file id="fl-51">
         <path>E:\M0CCS\CCS\ccs\tools\compiler\ti-cgt-armllvm_4.0.2.LTS\lib\armv6m-ti-none-eabi\c\</path>
         <kind>archive</kind>
         <file>libc.a</file>
         <name>_lock.c.obj</name>
      </input_file>
      <input_file id="fl-52">
         <path>E:\M0CCS\CCS\ccs\tools\compiler\ti-cgt-armllvm_4.0.2.LTS\lib\armv6m-ti-none-eabi\c\</path>
         <kind>archive</kind>
         <file>libc.a</file>
         <name>_ltoa.c.obj</name>
      </input_file>
      <input_file id="fl-53">
         <path>E:\M0CCS\CCS\ccs\tools\compiler\ti-cgt-armllvm_4.0.2.LTS\lib\armv6m-ti-none-eabi\c\</path>
         <kind>archive</kind>
         <file>libc.a</file>
         <name>assert.c.obj</name>
      </input_file>
      <input_file id="fl-54">
         <path>E:\M0CCS\CCS\ccs\tools\compiler\ti-cgt-armllvm_4.0.2.LTS\lib\armv6m-ti-none-eabi\c\</path>
         <kind>archive</kind>
         <file>libc.a</file>
         <name>atof.c.obj</name>
      </input_file>
      <input_file id="fl-55">
         <path>E:\M0CCS\CCS\ccs\tools\compiler\ti-cgt-armllvm_4.0.2.LTS\lib\armv6m-ti-none-eabi\c\</path>
         <kind>archive</kind>
         <file>libc.a</file>
         <name>atoi.c.obj</name>
      </input_file>
      <input_file id="fl-56">
         <path>E:\M0CCS\CCS\ccs\tools\compiler\ti-cgt-armllvm_4.0.2.LTS\lib\armv6m-ti-none-eabi\c\</path>
         <kind>archive</kind>
         <file>libc.a</file>
         <name>defs.c.obj</name>
      </input_file>
      <input_file id="fl-57">
         <path>E:\M0CCS\CCS\ccs\tools\compiler\ti-cgt-armllvm_4.0.2.LTS\lib\armv6m-ti-none-eabi\c\</path>
         <kind>archive</kind>
         <file>libc.a</file>
         <name>memccpy.c.obj</name>
      </input_file>
      <input_file id="fl-58">
         <path>E:\M0CCS\CCS\ccs\tools\compiler\ti-cgt-armllvm_4.0.2.LTS\lib\armv6m-ti-none-eabi\c\</path>
         <kind>archive</kind>
         <file>libc.a</file>
         <name>memory.c.obj</name>
      </input_file>
      <input_file id="fl-59">
         <path>E:\M0CCS\CCS\ccs\tools\compiler\ti-cgt-armllvm_4.0.2.LTS\lib\armv6m-ti-none-eabi\c\</path>
         <kind>archive</kind>
         <file>libc.a</file>
         <name>strtod.c.obj</name>
      </input_file>
      <input_file id="fl-5a">
         <path>E:\M0CCS\CCS\ccs\tools\compiler\ti-cgt-armllvm_4.0.2.LTS\lib\armv6m-ti-none-eabi\c\</path>
         <kind>archive</kind>
         <file>libc.a</file>
         <name>boot_cortex_m.c.obj</name>
      </input_file>
      <input_file id="fl-5b">
         <path>E:\M0CCS\CCS\ccs\tools\compiler\ti-cgt-armllvm_4.0.2.LTS\lib\armv6m-ti-none-eabi\c\</path>
         <kind>archive</kind>
         <file>libc.a</file>
         <name>mathacl_init.c.obj</name>
      </input_file>
      <input_file id="fl-5c">
         <path>E:\M0CCS\CCS\ccs\tools\compiler\ti-cgt-armllvm_4.0.2.LTS\lib\armv6m-ti-none-eabi\c\</path>
         <kind>archive</kind>
         <file>libc.a</file>
         <name>autoinit.c.obj</name>
      </input_file>
      <input_file id="fl-5d">
         <path>E:\M0CCS\CCS\ccs\tools\compiler\ti-cgt-armllvm_4.0.2.LTS\lib\armv6m-ti-none-eabi\c\</path>
         <kind>archive</kind>
         <file>libc.a</file>
         <name>pre_init.c.obj</name>
      </input_file>
      <input_file id="fl-5e">
         <path>E:\M0CCS\CCS\ccs\tools\compiler\ti-cgt-armllvm_4.0.2.LTS\lib\armv6m-ti-none-eabi\c\</path>
         <kind>archive</kind>
         <file>libc.a</file>
         <name>cpy_tbl.c.obj</name>
      </input_file>
      <input_file id="fl-5f">
         <path>E:\M0CCS\CCS\ccs\tools\compiler\ti-cgt-armllvm_4.0.2.LTS\lib\armv6m-ti-none-eabi\c\</path>
         <kind>archive</kind>
         <file>libc.a</file>
         <name>copy_zero_init.c.obj</name>
      </input_file>
      <input_file id="fl-60">
         <path>E:\M0CCS\CCS\ccs\tools\compiler\ti-cgt-armllvm_4.0.2.LTS\lib\armv6m-ti-none-eabi\c\</path>
         <kind>archive</kind>
         <file>libc.a</file>
         <name>copy_decompress_none.c.obj</name>
      </input_file>
      <input_file id="fl-61">
         <path>E:\M0CCS\CCS\ccs\tools\compiler\ti-cgt-armllvm_4.0.2.LTS\lib\armv6m-ti-none-eabi\c\</path>
         <kind>archive</kind>
         <file>libc.a</file>
         <name>copy_decompress_lzss.c.obj</name>
      </input_file>
      <input_file id="fl-62">
         <path>E:\M0CCS\CCS\ccs\tools\compiler\ti-cgt-armllvm_4.0.2.LTS\lib\armv6m-ti-none-eabi\c\</path>
         <kind>archive</kind>
         <file>libc.a</file>
         <name>s_frexp.c.obj</name>
      </input_file>
      <input_file id="fl-63">
         <path>E:\M0CCS\CCS\ccs\tools\compiler\ti-cgt-armllvm_4.0.2.LTS\lib\armv6m-ti-none-eabi\c\</path>
         <kind>archive</kind>
         <file>libc.a</file>
         <name>s_scalbn.c.obj</name>
      </input_file>
      <input_file id="fl-64">
         <path>E:\M0CCS\CCS\ccs\tools\compiler\ti-cgt-armllvm_4.0.2.LTS\lib\armv6m-ti-none-eabi\c\</path>
         <kind>archive</kind>
         <file>libc.a</file>
         <name>wcslen.c.obj</name>
      </input_file>
      <input_file id="fl-65">
         <path>E:\M0CCS\CCS\ccs\tools\compiler\ti-cgt-armllvm_4.0.2.LTS\lib\armv6m-ti-none-eabi\c\</path>
         <kind>archive</kind>
         <file>libc.a</file>
         <name>_scanfi.c.obj</name>
      </input_file>
      <input_file id="fl-66">
         <path>E:\M0CCS\CCS\ccs\tools\compiler\ti-cgt-armllvm_4.0.2.LTS\lib\armv6m-ti-none-eabi\c\</path>
         <kind>archive</kind>
         <file>libc.a</file>
         <name>fflush.c.obj</name>
      </input_file>
      <input_file id="fl-67">
         <path>E:\M0CCS\CCS\ccs\tools\compiler\ti-cgt-armllvm_4.0.2.LTS\lib\armv6m-ti-none-eabi\c\</path>
         <kind>archive</kind>
         <file>libc.a</file>
         <name>exit.c.obj</name>
      </input_file>
      <input_file id="fl-68">
         <path>E:\M0CCS\CCS\ccs\tools\compiler\ti-cgt-armllvm_4.0.2.LTS\lib\armv6m-ti-none-eabi\c\</path>
         <kind>archive</kind>
         <file>libc.a</file>
         <name>args_main.c.obj</name>
      </input_file>
      <input_file id="fl-69">
         <path>E:\M0CCS\CCS\ccs\tools\compiler\ti-cgt-armllvm_4.0.2.LTS\lib\armv6m-ti-none-eabi\c\</path>
         <kind>archive</kind>
         <file>libc.a</file>
         <name>strtol.c.obj</name>
      </input_file>
      <input_file id="fl-6a">
         <path>E:\M0CCS\CCS\ccs\tools\compiler\ti-cgt-armllvm_4.0.2.LTS\lib\armv6m-ti-none-eabi\c\</path>
         <kind>archive</kind>
         <file>libc.a</file>
         <name>strtoll.c.obj</name>
      </input_file>
      <input_file id="fl-6b">
         <path>E:\M0CCS\CCS\ccs\tools\compiler\ti-cgt-armllvm_4.0.2.LTS\lib\armv6m-ti-none-eabi\c\</path>
         <kind>archive</kind>
         <file>libc.a</file>
         <name>strtoul.c.obj</name>
      </input_file>
      <input_file id="fl-6c">
         <path>E:\M0CCS\CCS\ccs\tools\compiler\ti-cgt-armllvm_4.0.2.LTS\lib\armv6m-ti-none-eabi\c\</path>
         <kind>archive</kind>
         <file>libc.a</file>
         <name>strtoull.c.obj</name>
      </input_file>
      <input_file id="fl-10c">
         <path>E:\M0CCS\CCS\ccs\tools\compiler\ti-cgt-armllvm_4.0.2.LTS\lib\armv6m-ti-none-eabi\c\</path>
         <kind>archive</kind>
         <file>libsysbm.a</file>
         <name>hostexit.c.obj</name>
      </input_file>
      <input_file id="fl-10d">
         <path>E:\M0CCS\CCS\ccs\tools\compiler\ti-cgt-armllvm_4.0.2.LTS\lib\armv6m-ti-none-eabi\c\</path>
         <kind>archive</kind>
         <file>libsysbm.a</file>
         <name>write.c.obj</name>
      </input_file>
      <input_file id="fl-10e">
         <path>E:\M0CCS\CCS\ccs\tools\compiler\ti-cgt-armllvm_4.0.2.LTS\lib\armv6m-ti-none-eabi\c\</path>
         <kind>archive</kind>
         <file>libsysbm.a</file>
         <name>host_device.c.obj</name>
      </input_file>
      <input_file id="fl-10f">
         <path>E:\M0CCS\CCS\ccs\tools\compiler\ti-cgt-armllvm_4.0.2.LTS\lib\armv6m-ti-none-eabi\c\</path>
         <kind>archive</kind>
         <file>libsysbm.a</file>
         <name>hostclose.c.obj</name>
      </input_file>
      <input_file id="fl-110">
         <path>E:\M0CCS\CCS\ccs\tools\compiler\ti-cgt-armllvm_4.0.2.LTS\lib\armv6m-ti-none-eabi\c\</path>
         <kind>archive</kind>
         <file>libsysbm.a</file>
         <name>hostlseek.c.obj</name>
      </input_file>
      <input_file id="fl-111">
         <path>E:\M0CCS\CCS\ccs\tools\compiler\ti-cgt-armllvm_4.0.2.LTS\lib\armv6m-ti-none-eabi\c\</path>
         <kind>archive</kind>
         <file>libsysbm.a</file>
         <name>hostopen.c.obj</name>
      </input_file>
      <input_file id="fl-112">
         <path>E:\M0CCS\CCS\ccs\tools\compiler\ti-cgt-armllvm_4.0.2.LTS\lib\armv6m-ti-none-eabi\c\</path>
         <kind>archive</kind>
         <file>libsysbm.a</file>
         <name>hostread.c.obj</name>
      </input_file>
      <input_file id="fl-113">
         <path>E:\M0CCS\CCS\ccs\tools\compiler\ti-cgt-armllvm_4.0.2.LTS\lib\armv6m-ti-none-eabi\c\</path>
         <kind>archive</kind>
         <file>libsysbm.a</file>
         <name>hostrename.c.obj</name>
      </input_file>
      <input_file id="fl-114">
         <path>E:\M0CCS\CCS\ccs\tools\compiler\ti-cgt-armllvm_4.0.2.LTS\lib\armv6m-ti-none-eabi\c\</path>
         <kind>archive</kind>
         <file>libsysbm.a</file>
         <name>hostunlink.c.obj</name>
      </input_file>
      <input_file id="fl-115">
         <path>E:\M0CCS\CCS\ccs\tools\compiler\ti-cgt-armllvm_4.0.2.LTS\lib\armv6m-ti-none-eabi\c\</path>
         <kind>archive</kind>
         <file>libsysbm.a</file>
         <name>hostwrite.c.obj</name>
      </input_file>
      <input_file id="fl-116">
         <path>E:\M0CCS\CCS\ccs\tools\compiler\ti-cgt-armllvm_4.0.2.LTS\lib\armv6m-ti-none-eabi\c\</path>
         <kind>archive</kind>
         <file>libsysbm.a</file>
         <name>trgmsg.c.obj</name>
      </input_file>
      <input_file id="fl-117">
         <path>E:\M0CCS\CCS\ccs\tools\compiler\ti-cgt-armllvm_4.0.2.LTS\lib\armv6m-ti-none-eabi\</path>
         <kind>archive</kind>
         <file>libclang_rt.builtins.a</file>
         <name>addsf3.S.obj</name>
      </input_file>
      <input_file id="fl-118">
         <path>E:\M0CCS\CCS\ccs\tools\compiler\ti-cgt-armllvm_4.0.2.LTS\lib\armv6m-ti-none-eabi\</path>
         <kind>archive</kind>
         <file>libclang_rt.builtins.a</file>
         <name>adddf3.S.obj</name>
      </input_file>
      <input_file id="fl-119">
         <path>E:\M0CCS\CCS\ccs\tools\compiler\ti-cgt-armllvm_4.0.2.LTS\lib\armv6m-ti-none-eabi\</path>
         <kind>archive</kind>
         <file>libclang_rt.builtins.a</file>
         <name>muldf3.S.obj</name>
      </input_file>
      <input_file id="fl-11a">
         <path>E:\M0CCS\CCS\ccs\tools\compiler\ti-cgt-armllvm_4.0.2.LTS\lib\armv6m-ti-none-eabi\</path>
         <kind>archive</kind>
         <file>libclang_rt.builtins.a</file>
         <name>muldsi3.S.obj</name>
      </input_file>
      <input_file id="fl-11b">
         <path>E:\M0CCS\CCS\ccs\tools\compiler\ti-cgt-armllvm_4.0.2.LTS\lib\armv6m-ti-none-eabi\</path>
         <kind>archive</kind>
         <file>libclang_rt.builtins.a</file>
         <name>mulsf3.S.obj</name>
      </input_file>
      <input_file id="fl-11c">
         <path>E:\M0CCS\CCS\ccs\tools\compiler\ti-cgt-armllvm_4.0.2.LTS\lib\armv6m-ti-none-eabi\</path>
         <kind>archive</kind>
         <file>libclang_rt.builtins.a</file>
         <name>divsf3.S.obj</name>
      </input_file>
      <input_file id="fl-11d">
         <path>E:\M0CCS\CCS\ccs\tools\compiler\ti-cgt-armllvm_4.0.2.LTS\lib\armv6m-ti-none-eabi\</path>
         <kind>archive</kind>
         <file>libclang_rt.builtins.a</file>
         <name>divdf3.S.obj</name>
      </input_file>
      <input_file id="fl-11e">
         <path>E:\M0CCS\CCS\ccs\tools\compiler\ti-cgt-armllvm_4.0.2.LTS\lib\armv6m-ti-none-eabi\</path>
         <kind>archive</kind>
         <file>libclang_rt.builtins.a</file>
         <name>extendsfdf2.S.obj</name>
      </input_file>
      <input_file id="fl-11f">
         <path>E:\M0CCS\CCS\ccs\tools\compiler\ti-cgt-armllvm_4.0.2.LTS\lib\armv6m-ti-none-eabi\</path>
         <kind>archive</kind>
         <file>libclang_rt.builtins.a</file>
         <name>fixdfsi.S.obj</name>
      </input_file>
      <input_file id="fl-120">
         <path>E:\M0CCS\CCS\ccs\tools\compiler\ti-cgt-armllvm_4.0.2.LTS\lib\armv6m-ti-none-eabi\</path>
         <kind>archive</kind>
         <file>libclang_rt.builtins.a</file>
         <name>fixsfsi.S.obj</name>
      </input_file>
      <input_file id="fl-121">
         <path>E:\M0CCS\CCS\ccs\tools\compiler\ti-cgt-armllvm_4.0.2.LTS\lib\armv6m-ti-none-eabi\</path>
         <kind>archive</kind>
         <file>libclang_rt.builtins.a</file>
         <name>floatsidf.S.obj</name>
      </input_file>
      <input_file id="fl-122">
         <path>E:\M0CCS\CCS\ccs\tools\compiler\ti-cgt-armllvm_4.0.2.LTS\lib\armv6m-ti-none-eabi\</path>
         <kind>archive</kind>
         <file>libclang_rt.builtins.a</file>
         <name>floatsisf.S.obj</name>
      </input_file>
      <input_file id="fl-123">
         <path>E:\M0CCS\CCS\ccs\tools\compiler\ti-cgt-armllvm_4.0.2.LTS\lib\armv6m-ti-none-eabi\</path>
         <kind>archive</kind>
         <file>libclang_rt.builtins.a</file>
         <name>floatunsidf.S.obj</name>
      </input_file>
      <input_file id="fl-124">
         <path>E:\M0CCS\CCS\ccs\tools\compiler\ti-cgt-armllvm_4.0.2.LTS\lib\armv6m-ti-none-eabi\</path>
         <kind>archive</kind>
         <file>libclang_rt.builtins.a</file>
         <name>floatunsisf.S.obj</name>
      </input_file>
      <input_file id="fl-125">
         <path>E:\M0CCS\CCS\ccs\tools\compiler\ti-cgt-armllvm_4.0.2.LTS\lib\armv6m-ti-none-eabi\</path>
         <kind>archive</kind>
         <file>libclang_rt.builtins.a</file>
         <name>muldi3.S.obj</name>
      </input_file>
      <input_file id="fl-126">
         <path>E:\M0CCS\CCS\ccs\tools\compiler\ti-cgt-armllvm_4.0.2.LTS\lib\armv6m-ti-none-eabi\</path>
         <kind>archive</kind>
         <file>libclang_rt.builtins.a</file>
         <name>truncdfsf2.S.obj</name>
      </input_file>
      <input_file id="fl-127">
         <path>E:\M0CCS\CCS\ccs\tools\compiler\ti-cgt-armllvm_4.0.2.LTS\lib\armv6m-ti-none-eabi\</path>
         <kind>archive</kind>
         <file>libclang_rt.builtins.a</file>
         <name>aeabi_dcmp.S.obj</name>
      </input_file>
      <input_file id="fl-128">
         <path>E:\M0CCS\CCS\ccs\tools\compiler\ti-cgt-armllvm_4.0.2.LTS\lib\armv6m-ti-none-eabi\</path>
         <kind>archive</kind>
         <file>libclang_rt.builtins.a</file>
         <name>aeabi_fcmp.S.obj</name>
      </input_file>
      <input_file id="fl-129">
         <path>E:\M0CCS\CCS\ccs\tools\compiler\ti-cgt-armllvm_4.0.2.LTS\lib\armv6m-ti-none-eabi\</path>
         <kind>archive</kind>
         <file>libclang_rt.builtins.a</file>
         <name>aeabi_idivmod.S.obj</name>
      </input_file>
      <input_file id="fl-12a">
         <path>E:\M0CCS\CCS\ccs\tools\compiler\ti-cgt-armllvm_4.0.2.LTS\lib\armv6m-ti-none-eabi\</path>
         <kind>archive</kind>
         <file>libclang_rt.builtins.a</file>
         <name>aeabi_memcpy.S.obj</name>
      </input_file>
      <input_file id="fl-12b">
         <path>E:\M0CCS\CCS\ccs\tools\compiler\ti-cgt-armllvm_4.0.2.LTS\lib\armv6m-ti-none-eabi\</path>
         <kind>archive</kind>
         <file>libclang_rt.builtins.a</file>
         <name>aeabi_memset.S.obj</name>
      </input_file>
      <input_file id="fl-12c">
         <path>E:\M0CCS\CCS\ccs\tools\compiler\ti-cgt-armllvm_4.0.2.LTS\lib\armv6m-ti-none-eabi\</path>
         <kind>archive</kind>
         <file>libclang_rt.builtins.a</file>
         <name>aeabi_uidivmod.S.obj</name>
      </input_file>
      <input_file id="fl-12d">
         <path>E:\M0CCS\CCS\ccs\tools\compiler\ti-cgt-armllvm_4.0.2.LTS\lib\armv6m-ti-none-eabi\</path>
         <kind>archive</kind>
         <file>libclang_rt.builtins.a</file>
         <name>aeabi_uldivmod.S.obj</name>
      </input_file>
      <input_file id="fl-12e">
         <path>E:\M0CCS\CCS\ccs\tools\compiler\ti-cgt-armllvm_4.0.2.LTS\lib\armv6m-ti-none-eabi\</path>
         <kind>archive</kind>
         <file>libclang_rt.builtins.a</file>
         <name>comparesf2.S.obj</name>
      </input_file>
      <input_file id="fl-12f">
         <path>E:\M0CCS\CCS\ccs\tools\compiler\ti-cgt-armllvm_4.0.2.LTS\lib\armv6m-ti-none-eabi\</path>
         <kind>archive</kind>
         <file>libclang_rt.builtins.a</file>
         <name>udivmoddi4.S.obj</name>
      </input_file>
      <input_file id="fl-130">
         <path>E:\M0CCS\CCS\ccs\tools\compiler\ti-cgt-armllvm_4.0.2.LTS\lib\armv6m-ti-none-eabi\</path>
         <kind>archive</kind>
         <file>libclang_rt.builtins.a</file>
         <name>ashldi3.S.obj</name>
      </input_file>
      <input_file id="fl-131">
         <path>E:\M0CCS\CCS\ccs\tools\compiler\ti-cgt-armllvm_4.0.2.LTS\lib\armv6m-ti-none-eabi\</path>
         <kind>archive</kind>
         <file>libclang_rt.builtins.a</file>
         <name>comparedf2.c.obj</name>
      </input_file>
      <input_file id="fl-132">
         <path>E:\M0CCS\CCS\ccs\tools\compiler\ti-cgt-armllvm_4.0.2.LTS\lib\armv6m-ti-none-eabi\</path>
         <kind>archive</kind>
         <file>libclang_rt.builtins.a</file>
         <name>aeabi_div0.c.obj</name>
      </input_file>
      <input_file id="fl-133">
         <path>E:\M0CCS\CCS\ccs\tools\compiler\ti-cgt-armllvm_4.0.2.LTS\lib\armv6m-ti-none-eabi\c\</path>
         <kind>archive</kind>
         <file>libc.a</file>
         <name>memcpy16.S.obj</name>
      </input_file>
      <input_file id="fl-134">
         <path>E:\M0CCS\CCS\ccs\tools\compiler\ti-cgt-armllvm_4.0.2.LTS\lib\armv6m-ti-none-eabi\c\</path>
         <kind>archive</kind>
         <file>libc.a</file>
         <name>memset16.S.obj</name>
      </input_file>
   </input_file_list>
   <object_component_list>
      <object_component id="oc-1b">
         <name>.intvecs</name>
         <load_address>0x0</load_address>
         <readonly>true</readonly>
         <run_address>0x0</run_address>
         <size>0xc0</size>
         <alignment>0x4</alignment>
         <input_file_ref idref="fl-3"/>
      </object_component>
      <object_component id="oc-348">
         <name>.text.__TI_scanfi</name>
         <load_address>0xc0</load_address>
         <readonly>true</readonly>
         <executable>true</executable>
         <run_address>0xc0</run_address>
         <size>0xbdc</size>
         <alignment>0x4</alignment>
         <input_file_ref idref="fl-65"/>
      </object_component>
      <object_component id="oc-31b">
         <name>.text:__TI_printfi</name>
         <load_address>0xc9c</load_address>
         <readonly>true</readonly>
         <executable>true</executable>
         <run_address>0xc9c</run_address>
         <size>0x9d0</size>
         <alignment>0x4</alignment>
         <input_file_ref idref="fl-4b"/>
      </object_component>
      <object_component id="oc-b3">
         <name>.text.main</name>
         <load_address>0x166c</load_address>
         <readonly>true</readonly>
         <executable>true</executable>
         <run_address>0x166c</run_address>
         <size>0x8fc</size>
         <alignment>0x4</alignment>
         <input_file_ref idref="fl-4"/>
      </object_component>
      <object_component id="oc-32a">
         <name>.text.IMU_AHRSupdate</name>
         <load_address>0x1f68</load_address>
         <readonly>true</readonly>
         <executable>true</executable>
         <run_address>0x1f68</run_address>
         <size>0x6ac</size>
         <alignment>0x4</alignment>
         <input_file_ref idref="fl-18"/>
      </object_component>
      <object_component id="oc-159">
         <name>.text.control_camera</name>
         <load_address>0x2614</load_address>
         <readonly>true</readonly>
         <executable>true</executable>
         <run_address>0x2614</run_address>
         <size>0x484</size>
         <alignment>0x4</alignment>
         <input_file_ref idref="fl-c"/>
      </object_component>
      <object_component id="oc-3ca">
         <name>.text.strtod</name>
         <load_address>0x2a98</load_address>
         <readonly>true</readonly>
         <executable>true</executable>
         <run_address>0x2a98</run_address>
         <size>0x3b8</size>
         <alignment>0x4</alignment>
         <input_file_ref idref="fl-59"/>
      </object_component>
      <object_component id="oc-1e6">
         <name>.text.setup_imu</name>
         <load_address>0x2e50</load_address>
         <readonly>true</readonly>
         <executable>true</executable>
         <run_address>0x2e50</run_address>
         <size>0x3a0</size>
         <alignment>0x4</alignment>
         <input_file_ref idref="fl-19"/>
      </object_component>
      <object_component id="oc-20f">
         <name>.text.asin</name>
         <load_address>0x31f0</load_address>
         <readonly>true</readonly>
         <executable>true</executable>
         <run_address>0x31f0</run_address>
         <size>0x364</size>
         <alignment>0x4</alignment>
         <input_file_ref idref="fl-46"/>
      </object_component>
      <object_component id="oc-32c">
         <name>.text.atan</name>
         <load_address>0x3554</load_address>
         <readonly>true</readonly>
         <executable>true</executable>
         <run_address>0x3554</run_address>
         <size>0x2f8</size>
         <alignment>0x4</alignment>
         <input_file_ref idref="fl-49"/>
      </object_component>
      <object_component id="oc-3a7">
         <name>.text.calGyroVariance</name>
         <load_address>0x384c</load_address>
         <readonly>true</readonly>
         <executable>true</executable>
         <run_address>0x384c</run_address>
         <size>0x2e0</size>
         <alignment>0x4</alignment>
         <input_file_ref idref="fl-18"/>
      </object_component>
      <object_component id="oc-1bd">
         <name>.text.SYSCFG_DL_GPIO_init</name>
         <load_address>0x3b2c</load_address>
         <readonly>true</readonly>
         <executable>true</executable>
         <run_address>0x3b2c</run_address>
         <size>0x29c</size>
         <alignment>0x4</alignment>
         <input_file_ref idref="fl-1"/>
      </object_component>
      <object_component id="oc-98">
         <name>.text.set_motor</name>
         <load_address>0x3dc8</load_address>
         <readonly>true</readonly>
         <executable>true</executable>
         <run_address>0x3dc8</run_address>
         <size>0x22c</size>
         <alignment>0x4</alignment>
         <input_file_ref idref="fl-d"/>
      </object_component>
      <object_component id="oc-3a0">
         <name>.text._pconv_a</name>
         <load_address>0x3ff4</load_address>
         <readonly>true</readonly>
         <executable>true</executable>
         <run_address>0x3ff4</run_address>
         <size>0x220</size>
         <alignment>0x4</alignment>
         <input_file_ref idref="fl-4b"/>
      </object_component>
      <object_component id="oc-3dd">
         <name>.text.strtoll</name>
         <load_address>0x4214</load_address>
         <readonly>true</readonly>
         <executable>true</executable>
         <run_address>0x4214</run_address>
         <size>0x1e0</size>
         <alignment>0x4</alignment>
         <input_file_ref idref="fl-6a"/>
      </object_component>
      <object_component id="oc-3a1">
         <name>.text._pconv_g</name>
         <load_address>0x43f4</load_address>
         <readonly>true</readonly>
         <executable>true</executable>
         <run_address>0x43f4</run_address>
         <size>0x1dc</size>
         <alignment>0x4</alignment>
         <input_file_ref idref="fl-4b"/>
      </object_component>
      <object_component id="oc-12c">
         <name>.text.get_keychar</name>
         <load_address>0x45d0</load_address>
         <readonly>true</readonly>
         <executable>true</executable>
         <run_address>0x45d0</run_address>
         <size>0x1cc</size>
         <alignment>0x4</alignment>
         <input_file_ref idref="fl-a"/>
      </object_component>
      <object_component id="oc-11b">
         <name>.text.IMU_getYawPitchRoll</name>
         <load_address>0x479c</load_address>
         <readonly>true</readonly>
         <executable>true</executable>
         <run_address>0x479c</run_address>
         <size>0x1b0</size>
         <alignment>0x4</alignment>
         <input_file_ref idref="fl-18"/>
      </object_component>
      <object_component id="oc-14d">
         <name>.text.adddf3_subdf3</name>
         <load_address>0x494c</load_address>
         <readonly>true</readonly>
         <executable>true</executable>
         <run_address>0x494c</run_address>
         <size>0x192</size>
         <alignment>0x4</alignment>
         <input_file_ref idref="fl-118"/>
      </object_component>
      <object_component id="oc-271">
         <name>.text.__aeabi_idiv0</name>
         <load_address>0x4ade</load_address>
         <readonly>true</readonly>
         <executable>true</executable>
         <run_address>0x4ade</run_address>
         <size>0x2</size>
         <alignment>0x2</alignment>
         <input_file_ref idref="fl-132"/>
      </object_component>
      <object_component id="oc-119">
         <name>.text.No_MCU_Ganv_Sensor_Init</name>
         <load_address>0x4ae0</load_address>
         <readonly>true</readonly>
         <executable>true</executable>
         <run_address>0x4ae0</run_address>
         <size>0x188</size>
         <alignment>0x4</alignment>
         <input_file_ref idref="fl-7"/>
      </object_component>
      <object_component id="oc-20b">
         <name>.text.atan2</name>
         <load_address>0x4c68</load_address>
         <readonly>true</readonly>
         <executable>true</executable>
         <run_address>0x4c68</run_address>
         <size>0x188</size>
         <alignment>0x4</alignment>
         <input_file_ref idref="fl-47"/>
      </object_component>
      <object_component id="oc-3a6">
         <name>.text.bsp_IcmGetRawData</name>
         <load_address>0x4df0</load_address>
         <readonly>true</readonly>
         <executable>true</executable>
         <run_address>0x4df0</run_address>
         <size>0x170</size>
         <alignment>0x4</alignment>
         <input_file_ref idref="fl-19"/>
      </object_component>
      <object_component id="oc-33c">
         <name>.text.sqrt</name>
         <load_address>0x4f60</load_address>
         <readonly>true</readonly>
         <executable>true</executable>
         <run_address>0x4f60</run_address>
         <size>0x170</size>
         <alignment>0x4</alignment>
         <input_file_ref idref="fl-48"/>
      </object_component>
      <object_component id="oc-3d9">
         <name>.text.strtoull</name>
         <load_address>0x50d0</load_address>
         <readonly>true</readonly>
         <executable>true</executable>
         <run_address>0x50d0</run_address>
         <size>0x16c</size>
         <alignment>0x4</alignment>
         <input_file_ref idref="fl-6c"/>
      </object_component>
      <object_component id="oc-127">
         <name>.text.getKeyValue</name>
         <load_address>0x523c</load_address>
         <readonly>true</readonly>
         <executable>true</executable>
         <run_address>0x523c</run_address>
         <size>0x158</size>
         <alignment>0x4</alignment>
         <input_file_ref idref="fl-a"/>
      </object_component>
      <object_component id="oc-2f7">
         <name>.text.inv_imu_set_config_int</name>
         <load_address>0x5394</load_address>
         <readonly>true</readonly>
         <executable>true</executable>
         <run_address>0x5394</run_address>
         <size>0x156</size>
         <alignment>0x2</alignment>
         <input_file_ref idref="fl-16"/>
      </object_component>
      <object_component id="oc-42a">
         <name>.text.__aeabi_ldiv0</name>
         <load_address>0x54ea</load_address>
         <readonly>true</readonly>
         <executable>true</executable>
         <run_address>0x54ea</run_address>
         <size>0x2</size>
         <alignment>0x2</alignment>
         <input_file_ref idref="fl-132"/>
      </object_component>
      <object_component id="oc-125">
         <name>.text.UART0_ProcessFrame</name>
         <load_address>0x54ec</load_address>
         <readonly>true</readonly>
         <executable>true</executable>
         <run_address>0x54ec</run_address>
         <size>0x148</size>
         <alignment>0x4</alignment>
         <input_file_ref idref="fl-12"/>
      </object_component>
      <object_component id="oc-fd">
         <name>.text.OLED_Init</name>
         <load_address>0x5634</load_address>
         <readonly>true</readonly>
         <executable>true</executable>
         <run_address>0x5634</run_address>
         <size>0x144</size>
         <alignment>0x4</alignment>
         <input_file_ref idref="fl-1b"/>
      </object_component>
      <object_component id="oc-3d5">
         <name>.text.strtol</name>
         <load_address>0x5778</load_address>
         <readonly>true</readonly>
         <executable>true</executable>
         <run_address>0x5778</run_address>
         <size>0x144</size>
         <alignment>0x4</alignment>
         <input_file_ref idref="fl-69"/>
      </object_component>
      <object_component id="oc-8f">
         <name>.text.PID_Compute</name>
         <load_address>0x58bc</load_address>
         <readonly>true</readonly>
         <executable>true</executable>
         <run_address>0x58bc</run_address>
         <size>0x13c</size>
         <alignment>0x4</alignment>
         <input_file_ref idref="fl-8"/>
      </object_component>
      <object_component id="oc-409">
         <name>.text.fcvt</name>
         <load_address>0x59f8</load_address>
         <readonly>true</readonly>
         <executable>true</executable>
         <run_address>0x59f8</run_address>
         <size>0x13c</size>
         <alignment>0x4</alignment>
         <input_file_ref idref="fl-4b"/>
      </object_component>
      <object_component id="oc-3d1">
         <name>.text.strtoul</name>
         <load_address>0x5b34</load_address>
         <readonly>true</readonly>
         <executable>true</executable>
         <run_address>0x5b34</run_address>
         <size>0x12c</size>
         <alignment>0x4</alignment>
         <input_file_ref idref="fl-6b"/>
      </object_component>
      <object_component id="oc-3a3">
         <name>.text._pconv_e</name>
         <load_address>0x5c60</load_address>
         <readonly>true</readonly>
         <executable>true</executable>
         <run_address>0x5c60</run_address>
         <size>0x120</size>
         <alignment>0x4</alignment>
         <input_file_ref idref="fl-4b"/>
      </object_component>
      <object_component id="oc-1bc">
         <name>.text.SYSCFG_DL_initPower</name>
         <load_address>0x5d80</load_address>
         <readonly>true</readonly>
         <executable>true</executable>
         <run_address>0x5d80</run_address>
         <size>0x11c</size>
         <alignment>0x4</alignment>
         <input_file_ref idref="fl-1"/>
      </object_component>
      <object_component id="oc-40b">
         <name>.text.inv_imu_get_register_data</name>
         <load_address>0x5e9c</load_address>
         <readonly>true</readonly>
         <executable>true</executable>
         <run_address>0x5e9c</run_address>
         <size>0x112</size>
         <alignment>0x2</alignment>
         <input_file_ref idref="fl-16"/>
      </object_component>
      <object_component id="oc-31c">
         <name>.text._nop</name>
         <load_address>0x5fae</load_address>
         <readonly>true</readonly>
         <executable>true</executable>
         <run_address>0x5fae</run_address>
         <size>0x2</size>
         <alignment>0x2</alignment>
         <input_file_ref idref="fl-51"/>
      </object_component>
      <object_component id="oc-3a">
         <name>.text.GROUP1_IRQHandler</name>
         <load_address>0x5fb0</load_address>
         <readonly>true</readonly>
         <executable>true</executable>
         <run_address>0x5fb0</run_address>
         <size>0x110</size>
         <alignment>0x4</alignment>
         <input_file_ref idref="fl-b"/>
      </object_component>
      <object_component id="oc-329">
         <name>.text.IMU_getValues</name>
         <load_address>0x60c0</load_address>
         <readonly>true</readonly>
         <executable>true</executable>
         <run_address>0x60c0</run_address>
         <size>0x10c</size>
         <alignment>0x4</alignment>
         <input_file_ref idref="fl-18"/>
      </object_component>
      <object_component id="oc-206">
         <name>.text.__divdf3</name>
         <load_address>0x61cc</load_address>
         <readonly>true</readonly>
         <executable>true</executable>
         <run_address>0x61cc</run_address>
         <size>0x10c</size>
         <alignment>0x4</alignment>
         <input_file_ref idref="fl-11d"/>
      </object_component>
      <object_component id="oc-12d">
         <name>.text.handle_key_press</name>
         <load_address>0x62d8</load_address>
         <readonly>true</readonly>
         <executable>true</executable>
         <run_address>0x62d8</run_address>
         <size>0x108</size>
         <alignment>0x4</alignment>
         <input_file_ref idref="fl-4"/>
      </object_component>
      <object_component id="oc-296">
         <name>.text.DL_Timer_initFourCCPWMMode</name>
         <load_address>0x63e0</load_address>
         <readonly>true</readonly>
         <executable>true</executable>
         <run_address>0x63e0</run_address>
         <size>0x104</size>
         <alignment>0x4</alignment>
         <input_file_ref idref="fl-2e"/>
      </object_component>
      <object_component id="oc-20a">
         <name>.text.IMU_getQ</name>
         <load_address>0x64e4</load_address>
         <readonly>true</readonly>
         <executable>true</executable>
         <run_address>0x64e4</run_address>
         <size>0x104</size>
         <alignment>0x4</alignment>
         <input_file_ref idref="fl-18"/>
      </object_component>
      <object_component id="oc-2a8">
         <name>.text.DL_Timer_initTimerMode</name>
         <load_address>0x65e8</load_address>
         <readonly>true</readonly>
         <executable>true</executable>
         <run_address>0x65e8</run_address>
         <size>0xe8</size>
         <alignment>0x4</alignment>
         <input_file_ref idref="fl-2e"/>
      </object_component>
      <object_component id="oc-149">
         <name>.text.__muldf3</name>
         <load_address>0x66d0</load_address>
         <readonly>true</readonly>
         <executable>true</executable>
         <run_address>0x66d0</run_address>
         <size>0xe4</size>
         <alignment>0x4</alignment>
         <input_file_ref idref="fl-119"/>
      </object_component>
      <object_component id="oc-1f5">
         <name>.text.Get_Analog_value</name>
         <load_address>0x67b4</load_address>
         <readonly>true</readonly>
         <executable>true</executable>
         <run_address>0x67b4</run_address>
         <size>0xdc</size>
         <alignment>0x4</alignment>
         <input_file_ref idref="fl-7"/>
      </object_component>
      <object_component id="oc-4e">
         <name>.text.TIMA0_IRQHandler</name>
         <load_address>0x6890</load_address>
         <readonly>true</readonly>
         <executable>true</executable>
         <run_address>0x6890</run_address>
         <size>0xd8</size>
         <alignment>0x4</alignment>
         <input_file_ref idref="fl-1a"/>
      </object_component>
      <object_component id="oc-3fc">
         <name>.text.scalbn</name>
         <load_address>0x6968</load_address>
         <readonly>true</readonly>
         <executable>true</executable>
         <run_address>0x6968</run_address>
         <size>0xd8</size>
         <alignment>0x4</alignment>
         <input_file_ref idref="fl-63"/>
      </object_component>
      <object_component id="oc-c1">
         <name>.text</name>
         <load_address>0x6a40</load_address>
         <readonly>true</readonly>
         <executable>true</executable>
         <run_address>0x6a40</run_address>
         <size>0xd8</size>
         <alignment>0x4</alignment>
         <input_file_ref idref="fl-117"/>
      </object_component>
      <object_component id="oc-23d">
         <name>.text.OLED_ShowChar</name>
         <load_address>0x6b18</load_address>
         <readonly>true</readonly>
         <executable>true</executable>
         <run_address>0x6b18</run_address>
         <size>0xc8</size>
         <alignment>0x4</alignment>
         <input_file_ref idref="fl-1b"/>
      </object_component>
      <object_component id="oc-2f5">
         <name>.text.inv_imu_soft_reset</name>
         <load_address>0x6be0</load_address>
         <readonly>true</readonly>
         <executable>true</executable>
         <run_address>0x6be0</run_address>
         <size>0xc6</size>
         <alignment>0x2</alignment>
         <input_file_ref idref="fl-16"/>
      </object_component>
      <object_component id="oc-36a">
         <name>.text.write_mreg</name>
         <load_address>0x6ca6</load_address>
         <readonly>true</readonly>
         <executable>true</executable>
         <run_address>0x6ca6</run_address>
         <size>0xbc</size>
         <alignment>0x2</alignment>
         <input_file_ref idref="fl-17"/>
      </object_component>
      <object_component id="oc-3e3">
         <name>.text.check_out_of_bounds_mreg</name>
         <load_address>0x6d62</load_address>
         <readonly>true</readonly>
         <executable>true</executable>
         <run_address>0x6d62</run_address>
         <size>0xba</size>
         <alignment>0x2</alignment>
         <input_file_ref idref="fl-17"/>
      </object_component>
      <object_component id="oc-124">
         <name>.text.motor_init</name>
         <load_address>0x6e1c</load_address>
         <readonly>true</readonly>
         <executable>true</executable>
         <run_address>0x6e1c</run_address>
         <size>0xb8</size>
         <alignment>0x4</alignment>
         <input_file_ref idref="fl-d"/>
      </object_component>
      <object_component id="oc-3e4">
         <name>.text.read_mreg</name>
         <load_address>0x6ed4</load_address>
         <readonly>true</readonly>
         <executable>true</executable>
         <run_address>0x6ed4</run_address>
         <size>0xac</size>
         <alignment>0x2</alignment>
         <input_file_ref idref="fl-17"/>
      </object_component>
      <object_component id="oc-1f7">
         <name>.text.normalizeAnalogValues</name>
         <load_address>0x6f80</load_address>
         <readonly>true</readonly>
         <executable>true</executable>
         <run_address>0x6f80</run_address>
         <size>0xaa</size>
         <alignment>0x2</alignment>
         <input_file_ref idref="fl-7"/>
      </object_component>
      <object_component id="oc-49">
         <name>.text.UART0_IRQHandler</name>
         <load_address>0x702c</load_address>
         <readonly>true</readonly>
         <executable>true</executable>
         <run_address>0x702c</run_address>
         <size>0xa8</size>
         <alignment>0x4</alignment>
         <input_file_ref idref="fl-12"/>
      </object_component>
      <object_component id="oc-13d">
         <name>.text.OLED_DrawBMP</name>
         <load_address>0x70d4</load_address>
         <readonly>true</readonly>
         <executable>true</executable>
         <run_address>0x70d4</run_address>
         <size>0xa2</size>
         <alignment>0x2</alignment>
         <input_file_ref idref="fl-1b"/>
      </object_component>
      <object_component id="oc-2f6">
         <name>.text.inv_imu_set_pin_config_int</name>
         <load_address>0x7176</load_address>
         <readonly>true</readonly>
         <executable>true</executable>
         <run_address>0x7176</run_address>
         <size>0xa2</size>
         <alignment>0x2</alignment>
         <input_file_ref idref="fl-16"/>
      </object_component>
      <object_component id="oc-3f3">
         <name>.text</name>
         <load_address>0x7218</load_address>
         <readonly>true</readonly>
         <executable>true</executable>
         <run_address>0x7218</run_address>
         <size>0xa2</size>
         <alignment>0x4</alignment>
         <input_file_ref idref="fl-12f"/>
      </object_component>
      <object_component id="oc-2a2">
         <name>.text.DL_Timer_initCompareMode</name>
         <load_address>0x72bc</load_address>
         <readonly>true</readonly>
         <executable>true</executable>
         <run_address>0x72bc</run_address>
         <size>0xa0</size>
         <alignment>0x4</alignment>
         <input_file_ref idref="fl-2e"/>
      </object_component>
      <object_component id="oc-2ef">
         <name>.text.si_print_error_if_any</name>
         <load_address>0x735c</load_address>
         <readonly>true</readonly>
         <executable>true</executable>
         <run_address>0x735c</run_address>
         <size>0xa0</size>
         <alignment>0x4</alignment>
         <input_file_ref idref="fl-19"/>
      </object_component>
      <object_component id="oc-99">
         <name>.text.stop_all_motors</name>
         <load_address>0x73fc</load_address>
         <readonly>true</readonly>
         <executable>true</executable>
         <run_address>0x73fc</run_address>
         <size>0x98</size>
         <alignment>0x4</alignment>
         <input_file_ref idref="fl-d"/>
      </object_component>
      <object_component id="oc-215">
         <name>.text.BuildPacket</name>
         <load_address>0x7494</load_address>
         <readonly>true</readonly>
         <executable>true</executable>
         <run_address>0x7494</run_address>
         <size>0x90</size>
         <alignment>0x2</alignment>
         <input_file_ref idref="fl-10"/>
      </object_component>
      <object_component id="oc-1bf">
         <name>.text.SYSCFG_DL_PWM_G0_init</name>
         <load_address>0x7524</load_address>
         <readonly>true</readonly>
         <executable>true</executable>
         <run_address>0x7524</run_address>
         <size>0x90</size>
         <alignment>0x4</alignment>
         <input_file_ref idref="fl-1"/>
      </object_component>
      <object_component id="oc-1c0">
         <name>.text.SYSCFG_DL_PWM_MOTOR_1_2_init</name>
         <load_address>0x75b4</load_address>
         <readonly>true</readonly>
         <executable>true</executable>
         <run_address>0x75b4</run_address>
         <size>0x90</size>
         <alignment>0x4</alignment>
         <input_file_ref idref="fl-1"/>
      </object_component>
      <object_component id="oc-1c1">
         <name>.text.SYSCFG_DL_PWM_MOTOR_3_4_init</name>
         <load_address>0x7644</load_address>
         <readonly>true</readonly>
         <executable>true</executable>
         <run_address>0x7644</run_address>
         <size>0x90</size>
         <alignment>0x4</alignment>
         <input_file_ref idref="fl-1"/>
      </object_component>
      <object_component id="oc-c5">
         <name>.text.__mulsf3</name>
         <load_address>0x76d4</load_address>
         <readonly>true</readonly>
         <executable>true</executable>
         <run_address>0x76d4</run_address>
         <size>0x8c</size>
         <alignment>0x4</alignment>
         <input_file_ref idref="fl-11b"/>
      </object_component>
      <object_component id="oc-f0">
         <name>.text.set_rgb_duty</name>
         <load_address>0x7760</load_address>
         <readonly>true</readonly>
         <executable>true</executable>
         <run_address>0x7760</run_address>
         <size>0x88</size>
         <alignment>0x4</alignment>
         <input_file_ref idref="fl-e"/>
      </object_component>
      <object_component id="oc-294">
         <name>.text.__NVIC_SetPriority</name>
         <load_address>0x77e8</load_address>
         <readonly>true</readonly>
         <executable>true</executable>
         <run_address>0x77e8</run_address>
         <size>0x84</size>
         <alignment>0x4</alignment>
         <input_file_ref idref="fl-1"/>
      </object_component>
      <object_component id="oc-cd">
         <name>.text.__divsf3</name>
         <load_address>0x786c</load_address>
         <readonly>true</readonly>
         <executable>true</executable>
         <run_address>0x786c</run_address>
         <size>0x82</size>
         <alignment>0x4</alignment>
         <input_file_ref idref="fl-11c"/>
      </object_component>
      <object_component id="oc-107">
         <name>.text.IMU_init</name>
         <load_address>0x78f0</load_address>
         <readonly>true</readonly>
         <executable>true</executable>
         <run_address>0x78f0</run_address>
         <size>0x7c</size>
         <alignment>0x4</alignment>
         <input_file_ref idref="fl-18"/>
      </object_component>
      <object_component id="oc-1f">
         <name>.text:decompress:lzss</name>
         <load_address>0x796c</load_address>
         <readonly>true</readonly>
         <executable>true</executable>
         <run_address>0x796c</run_address>
         <size>0x7c</size>
         <alignment>0x4</alignment>
         <input_file_ref idref="fl-61"/>
      </object_component>
      <object_component id="oc-1db">
         <name>.text.OLED_WR_Byte</name>
         <load_address>0x79e8</load_address>
         <readonly>true</readonly>
         <executable>true</executable>
         <run_address>0x79e8</run_address>
         <size>0x78</size>
         <alignment>0x4</alignment>
         <input_file_ref idref="fl-1b"/>
      </object_component>
      <object_component id="oc-302">
         <name>.text.icm45686_read_regs</name>
         <load_address>0x7a60</load_address>
         <readonly>true</readonly>
         <executable>true</executable>
         <run_address>0x7a60</run_address>
         <size>0x78</size>
         <alignment>0x4</alignment>
         <input_file_ref idref="fl-19"/>
      </object_component>
      <object_component id="oc-f5">
         <name>.text.SYSCFG_DL_init</name>
         <load_address>0x7ad8</load_address>
         <readonly>true</readonly>
         <executable>true</executable>
         <run_address>0x7ad8</run_address>
         <size>0x74</size>
         <alignment>0x4</alignment>
         <input_file_ref idref="fl-1"/>
      </object_component>
      <object_component id="oc-1a9">
         <name>.text.__gedf2</name>
         <load_address>0x7b4c</load_address>
         <readonly>true</readonly>
         <executable>true</executable>
         <run_address>0x7b4c</run_address>
         <size>0x74</size>
         <alignment>0x4</alignment>
         <input_file_ref idref="fl-131"/>
      </object_component>
      <object_component id="oc-151">
         <name>.text.__truncdfsf2</name>
         <load_address>0x7bc0</load_address>
         <readonly>true</readonly>
         <executable>true</executable>
         <run_address>0x7bc0</run_address>
         <size>0x74</size>
         <alignment>0x10</alignment>
         <input_file_ref idref="fl-126"/>
      </object_component>
      <object_component id="oc-350">
         <name>.text._chkmbc</name>
         <load_address>0x7c34</load_address>
         <readonly>true</readonly>
         <executable>true</executable>
         <run_address>0x7c34</run_address>
         <size>0x74</size>
         <alignment>0x4</alignment>
         <input_file_ref idref="fl-4d"/>
      </object_component>
      <object_component id="oc-10c">
         <name>.text.No_MCU_Ganv_Sensor_Init_Frist</name>
         <load_address>0x7ca8</load_address>
         <readonly>true</readonly>
         <executable>true</executable>
         <run_address>0x7ca8</run_address>
         <size>0x72</size>
         <alignment>0x2</alignment>
         <input_file_ref idref="fl-7"/>
      </object_component>
      <object_component id="oc-1ca">
         <name>.text.SYSCFG_DL_VCC_ADC_init</name>
         <load_address>0x7d1c</load_address>
         <readonly>true</readonly>
         <executable>true</executable>
         <run_address>0x7d1c</run_address>
         <size>0x70</size>
         <alignment>0x4</alignment>
         <input_file_ref idref="fl-1"/>
      </object_component>
      <object_component id="oc-fa">
         <name>.text.PID_Init</name>
         <load_address>0x7d8c</load_address>
         <readonly>true</readonly>
         <executable>true</executable>
         <run_address>0x7d8c</run_address>
         <size>0x6c</size>
         <alignment>0x4</alignment>
         <input_file_ref idref="fl-8"/>
      </object_component>
      <object_component id="oc-1f6">
         <name>.text.convertAnalogToDigital</name>
         <load_address>0x7df8</load_address>
         <readonly>true</readonly>
         <executable>true</executable>
         <run_address>0x7df8</run_address>
         <size>0x6c</size>
         <alignment>0x2</alignment>
         <input_file_ref idref="fl-7"/>
      </object_component>
      <object_component id="oc-249">
         <name>.text.truncf</name>
         <load_address>0x7e64</load_address>
         <readonly>true</readonly>
         <executable>true</executable>
         <run_address>0x7e64</run_address>
         <size>0x6c</size>
         <alignment>0x4</alignment>
         <input_file_ref idref="fl-4e"/>
      </object_component>
      <object_component id="oc-13c">
         <name>.text.OLED_Clear</name>
         <load_address>0x7ed0</load_address>
         <readonly>true</readonly>
         <executable>true</executable>
         <run_address>0x7ed0</run_address>
         <size>0x6a</size>
         <alignment>0x2</alignment>
         <input_file_ref idref="fl-1b"/>
      </object_component>
      <object_component id="oc-13e">
         <name>.text.OLED_ShowString</name>
         <load_address>0x7f3a</load_address>
         <readonly>true</readonly>
         <executable>true</executable>
         <run_address>0x7f3a</run_address>
         <size>0x68</size>
         <alignment>0x2</alignment>
         <input_file_ref idref="fl-1b"/>
      </object_component>
      <object_component id="oc-1a3">
         <name>.text.__ledf2</name>
         <load_address>0x7fa4</load_address>
         <readonly>true</readonly>
         <executable>true</executable>
         <run_address>0x7fa4</run_address>
         <size>0x68</size>
         <alignment>0x4</alignment>
         <input_file_ref idref="fl-131"/>
      </object_component>
      <object_component id="oc-408">
         <name>.text._mcpy</name>
         <load_address>0x800c</load_address>
         <readonly>true</readonly>
         <executable>true</executable>
         <run_address>0x800c</run_address>
         <size>0x66</size>
         <alignment>0x2</alignment>
         <input_file_ref idref="fl-4b"/>
      </object_component>
      <object_component id="oc-2ff">
         <name>.text.inv_imu_set_accel_mode</name>
         <load_address>0x8072</load_address>
         <readonly>true</readonly>
         <executable>true</executable>
         <run_address>0x8072</run_address>
         <size>0x64</size>
         <alignment>0x2</alignment>
         <input_file_ref idref="fl-16"/>
      </object_component>
      <object_component id="oc-d5">
         <name>.text.__aeabi_dcmp</name>
         <load_address>0x80d8</load_address>
         <readonly>true</readonly>
         <executable>true</executable>
         <run_address>0x80d8</run_address>
         <size>0x62</size>
         <alignment>0x4</alignment>
         <input_file_ref idref="fl-127"/>
      </object_component>
      <object_component id="oc-c9">
         <name>.text.__aeabi_fcmp</name>
         <load_address>0x813c</load_address>
         <readonly>true</readonly>
         <executable>true</executable>
         <run_address>0x813c</run_address>
         <size>0x62</size>
         <alignment>0x4</alignment>
         <input_file_ref idref="fl-128"/>
      </object_component>
      <object_component id="oc-2dd">
         <name>.text.DL_ADC12_initSeqSample</name>
         <load_address>0x81a0</load_address>
         <readonly>true</readonly>
         <executable>true</executable>
         <run_address>0x81a0</run_address>
         <size>0x60</size>
         <alignment>0x4</alignment>
         <input_file_ref idref="fl-1"/>
      </object_component>
      <object_component id="oc-300">
         <name>.text.inv_imu_set_gyro_mode</name>
         <load_address>0x8200</load_address>
         <readonly>true</readonly>
         <executable>true</executable>
         <run_address>0x8200</run_address>
         <size>0x60</size>
         <alignment>0x2</alignment>
         <input_file_ref idref="fl-16"/>
      </object_component>
      <object_component id="oc-3f8">
         <name>.text.frexp</name>
         <load_address>0x8260</load_address>
         <readonly>true</readonly>
         <executable>true</executable>
         <run_address>0x8260</run_address>
         <size>0x5c</size>
         <alignment>0x4</alignment>
         <input_file_ref idref="fl-62"/>
      </object_component>
      <object_component id="oc-2fc">
         <name>.text.inv_imu_set_accel_ln_bw</name>
         <load_address>0x82bc</load_address>
         <readonly>true</readonly>
         <executable>true</executable>
         <run_address>0x82bc</run_address>
         <size>0x5c</size>
         <alignment>0x4</alignment>
         <input_file_ref idref="fl-16"/>
      </object_component>
      <object_component id="oc-2fd">
         <name>.text.inv_imu_set_gyro_ln_bw</name>
         <load_address>0x8318</load_address>
         <readonly>true</readonly>
         <executable>true</executable>
         <run_address>0x8318</run_address>
         <size>0x5c</size>
         <alignment>0x4</alignment>
         <input_file_ref idref="fl-16"/>
      </object_component>
      <object_component id="oc-113">
         <name>.text.printf</name>
         <load_address>0x8374</load_address>
         <readonly>true</readonly>
         <executable>true</executable>
         <run_address>0x8374</run_address>
         <size>0x5c</size>
         <alignment>0x4</alignment>
         <input_file_ref idref="fl-4a"/>
      </object_component>
      <object_component id="oc-1c5">
         <name>.text.SYSCFG_DL_I2C_0_init</name>
         <load_address>0x83d0</load_address>
         <readonly>true</readonly>
         <executable>true</executable>
         <run_address>0x83d0</run_address>
         <size>0x58</size>
         <alignment>0x4</alignment>
         <input_file_ref idref="fl-1"/>
      </object_component>
      <object_component id="oc-11c">
         <name>.text.Servo_SetPosition</name>
         <load_address>0x8428</load_address>
         <readonly>true</readonly>
         <executable>true</executable>
         <run_address>0x8428</run_address>
         <size>0x58</size>
         <alignment>0x4</alignment>
         <input_file_ref idref="fl-10"/>
      </object_component>
      <object_component id="oc-400">
         <name>.text.__TI_ltoa</name>
         <load_address>0x8480</load_address>
         <readonly>true</readonly>
         <executable>true</executable>
         <run_address>0x8480</run_address>
         <size>0x58</size>
         <alignment>0x2</alignment>
         <input_file_ref idref="fl-52"/>
      </object_component>
      <object_component id="oc-3a2">
         <name>.text._pconv_f</name>
         <load_address>0x84d8</load_address>
         <readonly>true</readonly>
         <executable>true</executable>
         <run_address>0x84d8</run_address>
         <size>0x58</size>
         <alignment>0x2</alignment>
         <input_file_ref idref="fl-4b"/>
      </object_component>
      <object_component id="oc-3af">
         <name>.text.invSqrt1</name>
         <load_address>0x8530</load_address>
         <readonly>true</readonly>
         <executable>true</executable>
         <run_address>0x8530</run_address>
         <size>0x58</size>
         <alignment>0x4</alignment>
         <input_file_ref idref="fl-18"/>
      </object_component>
      <object_component id="oc-2fe">
         <name>.text.inv_imu_select_accel_lp_clk</name>
         <load_address>0x8588</load_address>
         <readonly>true</readonly>
         <executable>true</executable>
         <run_address>0x8588</run_address>
         <size>0x58</size>
         <alignment>0x4</alignment>
         <input_file_ref idref="fl-16"/>
      </object_component>
      <object_component id="oc-436">
         <name>.text.__aeabi_idivmod</name>
         <load_address>0x85e0</load_address>
         <readonly>true</readonly>
         <executable>true</executable>
         <run_address>0x85e0</run_address>
         <size>0x56</size>
         <alignment>0x4</alignment>
         <input_file_ref idref="fl-129"/>
      </object_component>
      <object_component id="oc-2fa">
         <name>.text.inv_imu_set_accel_frequency</name>
         <load_address>0x8636</load_address>
         <readonly>true</readonly>
         <executable>true</executable>
         <run_address>0x8636</run_address>
         <size>0x56</size>
         <alignment>0x2</alignment>
         <input_file_ref idref="fl-16"/>
      </object_component>
      <object_component id="oc-2fb">
         <name>.text.inv_imu_set_gyro_frequency</name>
         <load_address>0x868c</load_address>
         <readonly>true</readonly>
         <executable>true</executable>
         <run_address>0x868c</run_address>
         <size>0x56</size>
         <alignment>0x2</alignment>
         <input_file_ref idref="fl-16"/>
      </object_component>
      <object_component id="oc-1c6">
         <name>.text.SYSCFG_DL_USB_UART_0_init</name>
         <load_address>0x86e4</load_address>
         <readonly>true</readonly>
         <executable>true</executable>
         <run_address>0x86e4</run_address>
         <size>0x54</size>
         <alignment>0x4</alignment>
         <input_file_ref idref="fl-1"/>
      </object_component>
      <object_component id="oc-406">
         <name>.text._ecpy</name>
         <load_address>0x8738</load_address>
         <readonly>true</readonly>
         <executable>true</executable>
         <run_address>0x8738</run_address>
         <size>0x52</size>
         <alignment>0x2</alignment>
         <input_file_ref idref="fl-4b"/>
      </object_component>
      <object_component id="oc-303">
         <name>.text.icm45686_write_regs</name>
         <load_address>0x878a</load_address>
         <readonly>true</readonly>
         <executable>true</executable>
         <run_address>0x878a</run_address>
         <size>0x52</size>
         <alignment>0x2</alignment>
         <input_file_ref idref="fl-19"/>
      </object_component>
      <object_component id="oc-2f8">
         <name>.text.inv_imu_set_accel_fsr</name>
         <load_address>0x87dc</load_address>
         <readonly>true</readonly>
         <executable>true</executable>
         <run_address>0x87dc</run_address>
         <size>0x52</size>
         <alignment>0x2</alignment>
         <input_file_ref idref="fl-16"/>
      </object_component>
      <object_component id="oc-325">
         <name>.text.fputs</name>
         <load_address>0x8830</load_address>
         <readonly>true</readonly>
         <executable>true</executable>
         <run_address>0x8830</run_address>
         <size>0x50</size>
         <alignment>0x4</alignment>
         <input_file_ref idref="fl-12"/>
      </object_component>
      <object_component id="oc-2f9">
         <name>.text.inv_imu_set_gyro_fsr</name>
         <load_address>0x8880</load_address>
         <readonly>true</readonly>
         <executable>true</executable>
         <run_address>0x8880</run_address>
         <size>0x50</size>
         <alignment>0x2</alignment>
         <input_file_ref idref="fl-16"/>
      </object_component>
      <object_component id="oc-37c">
         <name>.text.io_write_reg</name>
         <load_address>0x88d0</load_address>
         <readonly>true</readonly>
         <executable>true</executable>
         <run_address>0x88d0</run_address>
         <size>0x50</size>
         <alignment>0x4</alignment>
         <input_file_ref idref="fl-19"/>
      </object_component>
      <object_component id="oc-37b">
         <name>.text.spi0_read_write_byte</name>
         <load_address>0x8920</load_address>
         <readonly>true</readonly>
         <executable>true</executable>
         <run_address>0x8920</run_address>
         <size>0x50</size>
         <alignment>0x4</alignment>
         <input_file_ref idref="fl-19"/>
      </object_component>
      <object_component id="oc-2c2">
         <name>.text.DL_UART_setBaudRateDivisor</name>
         <load_address>0x8970</load_address>
         <readonly>true</readonly>
         <executable>true</executable>
         <run_address>0x8970</run_address>
         <size>0x4c</size>
         <alignment>0x4</alignment>
         <input_file_ref idref="fl-1"/>
      </object_component>
      <object_component id="oc-2de">
         <name>.text.DL_ADC12_configConversionMem</name>
         <load_address>0x89bc</load_address>
         <readonly>true</readonly>
         <executable>true</executable>
         <run_address>0x89bc</run_address>
         <size>0x4a</size>
         <alignment>0x2</alignment>
         <input_file_ref idref="fl-1"/>
      </object_component>
      <object_component id="oc-310">
         <name>.text.__fixdfsi</name>
         <load_address>0x8a08</load_address>
         <readonly>true</readonly>
         <executable>true</executable>
         <run_address>0x8a08</run_address>
         <size>0x4a</size>
         <alignment>0x4</alignment>
         <input_file_ref idref="fl-11f"/>
      </object_component>
      <object_component id="oc-30b">
         <name>.text.adc_getValue</name>
         <load_address>0x8a52</load_address>
         <readonly>true</readonly>
         <executable>true</executable>
         <run_address>0x8a52</run_address>
         <size>0x4a</size>
         <alignment>0x2</alignment>
         <input_file_ref idref="fl-5"/>
      </object_component>
      <object_component id="oc-2c0">
         <name>.text.DL_UART_init</name>
         <load_address>0x8a9c</load_address>
         <readonly>true</readonly>
         <executable>true</executable>
         <run_address>0x8a9c</run_address>
         <size>0x48</size>
         <alignment>0x4</alignment>
         <input_file_ref idref="fl-2f"/>
      </object_component>
      <object_component id="oc-2d1">
         <name>.text.DL_SPI_init</name>
         <load_address>0x8ae4</load_address>
         <readonly>true</readonly>
         <executable>true</executable>
         <run_address>0x8ae4</run_address>
         <size>0x44</size>
         <alignment>0x4</alignment>
         <input_file_ref idref="fl-2d"/>
      </object_component>
      <object_component id="oc-53">
         <name>.text.TIMA1_IRQHandler</name>
         <load_address>0x8b28</load_address>
         <readonly>true</readonly>
         <executable>true</executable>
         <run_address>0x8b28</run_address>
         <size>0x44</size>
         <alignment>0x4</alignment>
         <input_file_ref idref="fl-d"/>
      </object_component>
      <object_component id="oc-3f">
         <name>.text.TIMG8_IRQHandler</name>
         <load_address>0x8b6c</load_address>
         <readonly>true</readonly>
         <executable>true</executable>
         <run_address>0x8b6c</run_address>
         <size>0x44</size>
         <alignment>0x4</alignment>
         <input_file_ref idref="fl-d"/>
      </object_component>
      <object_component id="oc-248">
         <name>.text.constrain_float</name>
         <load_address>0x8bb0</load_address>
         <readonly>true</readonly>
         <executable>true</executable>
         <run_address>0x8bb0</run_address>
         <size>0x44</size>
         <alignment>0x2</alignment>
         <input_file_ref idref="fl-c"/>
      </object_component>
      <object_component id="oc-374">
         <name>.text.inv_imu_read_reg</name>
         <load_address>0x8bf4</load_address>
         <readonly>true</readonly>
         <executable>true</executable>
         <run_address>0x8bf4</run_address>
         <size>0x44</size>
         <alignment>0x2</alignment>
         <input_file_ref idref="fl-17"/>
      </object_component>
      <object_component id="oc-345">
         <name>.text.uart_send</name>
         <load_address>0x8c38</load_address>
         <readonly>true</readonly>
         <executable>true</executable>
         <run_address>0x8c38</run_address>
         <size>0x44</size>
         <alignment>0x2</alignment>
         <input_file_ref idref="fl-11"/>
      </object_component>
      <object_component id="oc-111">
         <name>.text.No_Mcu_Ganv_Sensor_Task_Without_tick</name>
         <load_address>0x8c7c</load_address>
         <readonly>true</readonly>
         <executable>true</executable>
         <run_address>0x8c7c</run_address>
         <size>0x42</size>
         <alignment>0x2</alignment>
         <input_file_ref idref="fl-7"/>
      </object_component>
      <object_component id="oc-2ea">
         <name>.text.inv_imu_write_reg</name>
         <load_address>0x8cbe</load_address>
         <readonly>true</readonly>
         <executable>true</executable>
         <run_address>0x8cbe</run_address>
         <size>0x42</size>
         <alignment>0x2</alignment>
         <input_file_ref idref="fl-17"/>
      </object_component>
      <object_component id="oc-2d7">
         <name>.text.DL_ADC12_setClockConfig</name>
         <load_address>0x8d00</load_address>
         <readonly>true</readonly>
         <executable>true</executable>
         <run_address>0x8d00</run_address>
         <size>0x40</size>
         <alignment>0x4</alignment>
         <input_file_ref idref="fl-2a"/>
      </object_component>
      <object_component id="oc-1cb">
         <name>.text.SYSCFG_DL_ADC1_init</name>
         <load_address>0x8d40</load_address>
         <readonly>true</readonly>
         <executable>true</executable>
         <run_address>0x8d40</run_address>
         <size>0x40</size>
         <alignment>0x4</alignment>
         <input_file_ref idref="fl-1"/>
      </object_component>
[...]
      </symbol>
      <symbol id="sm-52d">
         <name>atan2</name>
         <value>0x4c69</value>
         <object_component_ref idref="oc-20b"/>
      </symbol>
      <symbol id="sm-52e">
         <name>atan2l</name>
         <value>0x4c69</value>
         <object_component_ref idref="oc-20b"/>
      </symbol>
      <symbol id="sm-538">
         <name>sqrt</name>
         <value>0x4f61</value>
         <object_component_ref idref="oc-33c"/>
      </symbol>
      <symbol id="sm-539">
         <name>sqrtl</name>
         <value>0x4f61</value>
         <object_component_ref idref="oc-33c"/>
      </symbol>
      <symbol id="sm-550">
         <name>atan</name>
         <value>0x3555</value>
         <object_component_ref idref="oc-32c"/>
      </symbol>
      <symbol id="sm-551">
         <name>atanl</name>
         <value>0x3555</value>
         <object_component_ref idref="oc-32c"/>
      </symbol>
      <symbol id="sm-562">
         <name>printf</name>
         <value>0x8375</value>
         <object_component_ref idref="oc-113"/>
      </symbol>
      <symbol id="sm-5ab">
         <name>__TI_printfi</name>
         <value>0xc9d</value>
         <object_component_ref idref="oc-31b"/>
      </symbol>
      <symbol id="sm-5bc">
         <name>sprintf</name>
         <value>0x9281</value>
         <object_component_ref idref="oc-13f"/>
      </symbol>
      <symbol id="sm-5d1">
         <name>sscanf</name>
         <value>0x94b1</value>
         <object_component_ref idref="oc-222"/>
      </symbol>
      <symbol id="sm-5db">
         <name>truncf</name>
         <value>0x7e65</value>
         <object_component_ref idref="oc-249"/>
      </symbol>
      <symbol id="sm-5dc">
         <name>__aeabi_ctype_table_</name>
         <value>0xa970</value>
         <object_component_ref idref="oc-3c4"/>
      </symbol>
      <symbol id="sm-5dd">
         <name>__aeabi_ctype_table_C</name>
         <value>0xa970</value>
         <object_component_ref idref="oc-3c4"/>
      </symbol>
      <symbol id="sm-5e8">
         <name>__aeabi_errno_addr</name>
         <value>0xa309</value>
         <object_component_ref idref="oc-335"/>
      </symbol>
      <symbol id="sm-5e9">
         <name>__aeabi_errno</name>
         <value>0x202025c8</value>
         <object_component_ref idref="oc-3b9"/>
      </symbol>
      <symbol id="sm-5f2">
         <name>_nop</name>
         <value>0x5faf</value>
         <object_component_ref idref="oc-31c"/>
      </symbol>
      <symbol id="sm-5f3">
         <name>_lock</name>
         <value>0x202025cc</value>
         <object_component_ref idref="oc-1f9"/>
      </symbol>
      <symbol id="sm-5f4">
         <name>_unlock</name>
         <value>0x202025d0</value>
         <object_component_ref idref="oc-1ff"/>
      </symbol>
      <symbol id="sm-5fd">
         <name>__TI_ltoa</name>
         <value>0x8481</value>
         <object_component_ref idref="oc-400"/>
      </symbol>
      <symbol id="sm-609">
         <name>atoi</name>
         <value>0x8ec1</value>
         <object_component_ref idref="oc-38f"/>
      </symbol>
      <symbol id="sm-60e">
         <name>_ftable</name>
         <value>0x20202474</value>
         <object_component_ref idref="oc-1fb"/>
      </symbol>
      <symbol id="sm-617">
         <name>memccpy</name>
         <value>0x9833</value>
         <object_component_ref idref="oc-388"/>
      </symbol>
      <symbol id="sm-62d">
         <name>strtod</name>
         <value>0x2a99</value>
         <object_component_ref idref="oc-3ca"/>
      </symbol>
      <symbol id="sm-62e">
         <name>strtold</name>
         <value>0x2a99</value>
         <object_component_ref idref="oc-3ca"/>
      </symbol>
      <symbol id="sm-639">
         <name>_c_int00_noargs</name>
         <value>0x970d</value>
         <object_component_ref idref="oc-6f"/>
      </symbol>
      <symbol id="sm-63a">
         <name>__stack</name>
         <value>0x20207e00</value>
         <object_component_ref idref="oc-1d"/>
      </symbol>
      <symbol id="sm-649">
         <name>__TI_auto_init_nobinit_nopinit</name>
         <value>0x9125</value>
         <object_component_ref idref="oc-182"/>
      </symbol>
      <symbol id="sm-651">
         <name>_system_pre_init</name>
         <value>0xa37d</value>
         <object_component_ref idref="oc-af"/>
      </symbol>
      <symbol id="sm-65c">
         <name>__TI_zero_init</name>
         <value>0xa1b5</value>
         <object_component_ref idref="oc-6c"/>
      </symbol>
      <symbol id="sm-665">
         <name>__TI_decompress_none</name>
         <value>0xa171</value>
         <object_component_ref idref="oc-23"/>
      </symbol>
      <symbol id="sm-670">
         <name>__TI_decompress_lzss</name>
         <value>0x796d</value>
         <object_component_ref idref="oc-1f"/>
      </symbol>
      <symbol id="sm-67a">
         <name>frexp</name>
         <value>0x8261</value>
         <object_component_ref idref="oc-3f8"/>
      </symbol>
      <symbol id="sm-67b">
         <name>frexpl</name>
         <value>0x8261</value>
         <object_component_ref idref="oc-3f8"/>
      </symbol>
      <symbol id="sm-685">
         <name>scalbn</name>
         <value>0x6969</value>
         <object_component_ref idref="oc-3fc"/>
      </symbol>
      <symbol id="sm-686">
         <name>ldexp</name>
         <value>0x6969</value>
         <object_component_ref idref="oc-3fc"/>
      </symbol>
      <symbol id="sm-687">
         <name>scalbnl</name>
         <value>0x6969</value>
         <object_component_ref idref="oc-3fc"/>
      </symbol>
      <symbol id="sm-688">
         <name>ldexpl</name>
         <value>0x6969</value>
         <object_component_ref idref="oc-3fc"/>
      </symbol>
      <symbol id="sm-691">
         <name>wcslen</name>
         <value>0xa1a5</value>
         <object_component_ref idref="oc-393"/>
      </symbol>
      <symbol id="sm-6b8">
         <name>__TI_scanfi</name>
         <value>0xc1</value>
         <object_component_ref idref="oc-348"/>
      </symbol>
      <symbol id="sm-6c3">
         <name>abort</name>
         <value>0xa355</value>
         <object_component_ref idref="oc-17b"/>
      </symbol>
      <symbol id="sm-6cf">
         <name>strtol</name>
         <value>0x5779</value>
         <object_component_ref idref="oc-3d5"/>
      </symbol>
      <symbol id="sm-6da">
         <name>strtoll</name>
         <value>0x4215</value>
         <object_component_ref idref="oc-3dd"/>
      </symbol>
      <symbol id="sm-6e5">
         <name>strtoul</name>
         <value>0x5b35</value>
         <object_component_ref idref="oc-3d1"/>
      </symbol>
      <symbol id="sm-6f0">
         <name>strtoull</name>
         <value>0x50d1</value>
         <object_component_ref idref="oc-3d9"/>
      </symbol>
      <symbol id="sm-6f8">
         <name>HOSTexit</name>
         <value>0xa35f</value>
         <object_component_ref idref="oc-25f"/>
      </symbol>
      <symbol id="sm-6f9">
         <name>C$$EXIT</name>
         <value>0xa35e</value>
         <object_component_ref idref="oc-25f"/>
      </symbol>
      <symbol id="sm-709">
         <name>__aeabi_fadd</name>
         <value>0x6a4b</value>
         <object_component_ref idref="oc-c1"/>
      </symbol>
      <symbol id="sm-70a">
         <name>__addsf3</name>
         <value>0x6a4b</value>
         <object_component_ref idref="oc-c1"/>
      </symbol>
      <symbol id="sm-70b">
         <name>__aeabi_fsub</name>
         <value>0x6a41</value>
         <object_component_ref idref="oc-c1"/>
      </symbol>
      <symbol id="sm-70c">
         <name>__subsf3</name>
         <value>0x6a41</value>
         <object_component_ref idref="oc-c1"/>
      </symbol>
      <symbol id="sm-712">
         <name>__aeabi_dadd</name>
         <value>0x4957</value>
         <object_component_ref idref="oc-14d"/>
      </symbol>
      <symbol id="sm-713">
         <name>__adddf3</name>
         <value>0x4957</value>
         <object_component_ref idref="oc-14d"/>
      </symbol>
      <symbol id="sm-714">
         <name>__aeabi_dsub</name>
         <value>0x494d</value>
         <object_component_ref idref="oc-14d"/>
      </symbol>
      <symbol id="sm-715">
         <name>__subdf3</name>
         <value>0x494d</value>
         <object_component_ref idref="oc-14d"/>
      </symbol>
      <symbol id="sm-721">
         <name>__aeabi_dmul</name>
         <value>0x66d1</value>
         <object_component_ref idref="oc-149"/>
      </symbol>
      <symbol id="sm-722">
         <name>__muldf3</name>
         <value>0x66d1</value>
         <object_component_ref idref="oc-149"/>
      </symbol>
      <symbol id="sm-72b">
         <name>__muldsi3</name>
         <value>0x919d</value>
         <object_component_ref idref="oc-195"/>
      </symbol>
      <symbol id="sm-731">
         <name>__aeabi_fmul</name>
         <value>0x76d5</value>
         <object_component_ref idref="oc-c5"/>
      </symbol>
      <symbol id="sm-732">
         <name>__mulsf3</name>
         <value>0x76d5</value>
         <object_component_ref idref="oc-c5"/>
      </symbol>
      <symbol id="sm-738">
         <name>__aeabi_fdiv</name>
         <value>0x786d</value>
         <object_component_ref idref="oc-cd"/>
      </symbol>
      <symbol id="sm-739">
         <name>__divsf3</name>
         <value>0x786d</value>
         <object_component_ref idref="oc-cd"/>
      </symbol>
      <symbol id="sm-73f">
         <name>__aeabi_ddiv</name>
         <value>0x61cd</value>
         <object_component_ref idref="oc-206"/>
      </symbol>
      <symbol id="sm-740">
         <name>__divdf3</name>
         <value>0x61cd</value>
         <object_component_ref idref="oc-206"/>
      </symbol>
      <symbol id="sm-749">
         <name>__aeabi_f2d</name>
         <value>0x8e81</value>
         <object_component_ref idref="oc-d1"/>
      </symbol>
      <symbol id="sm-74a">
         <name>__extendsfdf2</name>
         <value>0x8e81</value>
         <object_component_ref idref="oc-d1"/>
      </symbol>
      <symbol id="sm-750">
         <name>__aeabi_d2iz</name>
         <value>0x8a09</value>
         <object_component_ref idref="oc-310"/>
      </symbol>
      <symbol id="sm-751">
         <name>__fixdfsi</name>
         <value>0x8a09</value>
         <object_component_ref idref="oc-310"/>
      </symbol>
      <symbol id="sm-757">
         <name>__aeabi_f2iz</name>
         <value>0x9249</value>
         <object_component_ref idref="oc-94"/>
      </symbol>
      <symbol id="sm-758">
         <name>__fixsfsi</name>
         <value>0x9249</value>
         <object_component_ref idref="oc-94"/>
      </symbol>
      <symbol id="sm-75e">
         <name>__aeabi_i2d</name>
         <value>0x95e9</value>
         <object_component_ref idref="oc-145"/>
      </symbol>
      <symbol id="sm-75f">
         <name>__floatsidf</name>
         <value>0x95e9</value>
         <object_component_ref idref="oc-145"/>
      </symbol>
      <symbol id="sm-765">
         <name>__aeabi_i2f</name>
         <value>0x9071</value>
         <object_component_ref idref="oc-155"/>
      </symbol>
      <symbol id="sm-766">
         <name>__floatsisf</name>
         <value>0x9071</value>
         <object_component_ref idref="oc-155"/>
      </symbol>
      <symbol id="sm-76c">
         <name>__aeabi_ui2d</name>
         <value>0x97c9</value>
         <object_component_ref idref="oc-202"/>
      </symbol>
      <symbol id="sm-76d">
         <name>__floatunsidf</name>
         <value>0x97c9</value>
         <object_component_ref idref="oc-202"/>
      </symbol>
      <symbol id="sm-773">
         <name>__aeabi_ui2f</name>
         <value>0x96e5</value>
         <object_component_ref idref="oc-3ab"/>
      </symbol>
      <symbol id="sm-774">
         <name>__floatunsisf</name>
         <value>0x96e5</value>
         <object_component_ref idref="oc-3ab"/>
      </symbol>
      <symbol id="sm-77a">
         <name>__aeabi_lmul</name>
         <value>0x97ed</value>
         <object_component_ref idref="oc-397"/>
      </symbol>
      <symbol id="sm-77b">
         <name>__muldi3</name>
         <value>0x97ed</value>
         <object_component_ref idref="oc-397"/>
      </symbol>
      <symbol id="sm-782">
         <name>__aeabi_d2f</name>
         <value>0x7bc1</value>
         <object_component_ref idref="oc-151"/>
      </symbol>
      <symbol id="sm-783">
         <name>__truncdfsf2</name>
         <value>0x7bc1</value>
         <object_component_ref idref="oc-151"/>
      </symbol>
      <symbol id="sm-789">
         <name>__aeabi_dcmpeq</name>
         <value>0x80d9</value>
         <object_component_ref idref="oc-d5"/>
      </symbol>
      <symbol id="sm-78a">
         <name>__aeabi_dcmplt</name>
         <value>0x80ed</value>
         <object_component_ref idref="oc-d5"/>
      </symbol>
      <symbol id="sm-78b">
         <name>__aeabi_dcmple</name>
         <value>0x8101</value>
         <object_component_ref idref="oc-d5"/>
      </symbol>
      <symbol id="sm-78c">
         <name>__aeabi_dcmpge</name>
         <value>0x8115</value>
         <object_component_ref idref="oc-d5"/>
      </symbol>
      <symbol id="sm-78d">
         <name>__aeabi_dcmpgt</name>
         <value>0x8129</value>
         <object_component_ref idref="oc-d5"/>
      </symbol>
      <symbol id="sm-796">
         <name>__aeabi_fcmpeq</name>
         <value>0x813d</value>
         <object_component_ref idref="oc-c9"/>
      </symbol>
      <symbol id="sm-797">
         <name>__aeabi_fcmplt</name>
         <value>0x8151</value>
         <object_component_ref idref="oc-c9"/>
      </symbol>
      <symbol id="sm-798">
         <name>__aeabi_fcmple</name>
         <value>0x8165</value>
         <object_component_ref idref="oc-c9"/>
      </symbol>
      <symbol id="sm-799">
         <name>__aeabi_fcmpge</name>
         <value>0x8179</value>
         <object_component_ref idref="oc-c9"/>
      </symbol>
      <symbol id="sm-79a">
         <name>__aeabi_fcmpgt</name>
         <value>0x818d</value>
         <object_component_ref idref="oc-c9"/>
      </symbol>
      <symbol id="sm-7a0">
         <name>__aeabi_idiv</name>
         <value>0x85e1</value>
         <object_component_ref idref="oc-436"/>
      </symbol>
      <symbol id="sm-7a1">
         <name>__aeabi_idivmod</name>
         <value>0x85e1</value>
         <object_component_ref idref="oc-436"/>
      </symbol>
      <symbol id="sm-7a7">
         <name>__aeabi_memcpy</name>
         <value>0xa311</value>
         <object_component_ref idref="oc-5f"/>
      </symbol>
      <symbol id="sm-7a8">
         <name>__aeabi_memcpy4</name>
         <value>0xa311</value>
         <object_component_ref idref="oc-5f"/>
      </symbol>
      <symbol id="sm-7a9">
         <name>__aeabi_memcpy8</name>
         <value>0xa311</value>
         <object_component_ref idref="oc-5f"/>
      </symbol>
      <symbol id="sm-7b2">
         <name>__aeabi_memset</name>
         <value>0xa1fd</value>
         <object_component_ref idref="oc-387"/>
      </symbol>
      <symbol id="sm-7b3">
         <name>__aeabi_memset4</name>
         <value>0xa1fd</value>
         <object_component_ref idref="oc-387"/>
      </symbol>
      <symbol id="sm-7b4">
         <name>__aeabi_memset8</name>
         <value>0xa1fd</value>
         <object_component_ref idref="oc-387"/>
      </symbol>
      <symbol id="sm-7b5">
         <name>__aeabi_memclr</name>
         <value>0xa229</value>
         <object_component_ref idref="oc-aa"/>
      </symbol>
      <symbol id="sm-7b6">
         <name>__aeabi_memclr4</name>
         <value>0xa229</value>
         <object_component_ref idref="oc-aa"/>
      </symbol>
      <symbol id="sm-7b7">
         <name>__aeabi_memclr8</name>
         <value>0xa229</value>
         <object_component_ref idref="oc-aa"/>
      </symbol>
      <symbol id="sm-7bd">
         <name>__aeabi_uidiv</name>
         <value>0x8e41</value>
         <object_component_ref idref="oc-1b4"/>
      </symbol>
      <symbol id="sm-7be">
         <name>__aeabi_uidivmod</name>
         <value>0x8e41</value>
         <object_component_ref idref="oc-1b4"/>
      </symbol>
      <symbol id="sm-7c4">
         <name>__aeabi_uldivmod</name>
         <value>0xa0a5</value>
         <object_component_ref idref="oc-39c"/>
      </symbol>
      <symbol id="sm-7cd">
         <name>__eqsf2</name>
         <value>0x9161</value>
         <object_component_ref idref="oc-19a"/>
      </symbol>
      <symbol id="sm-7ce">
         <name>__lesf2</name>
         <value>0x9161</value>
         <object_component_ref idref="oc-19a"/>
      </symbol>
      <symbol id="sm-7cf">
         <name>__ltsf2</name>
         <value>0x9161</value>
         <object_component_ref idref="oc-19a"/>
      </symbol>
      <symbol id="sm-7d0">
         <name>__nesf2</name>
         <value>0x9161</value>
         <object_component_ref idref="oc-19a"/>
      </symbol>
      <symbol id="sm-7d1">
         <name>__cmpsf2</name>
         <value>0x9161</value>
         <object_component_ref idref="oc-19a"/>
      </symbol>
      <symbol id="sm-7d2">
         <name>__gtsf2</name>
         <value>0x90ad</value>
         <object_component_ref idref="oc-19f"/>
      </symbol>
      <symbol id="sm-7d3">
         <name>__gesf2</name>
         <value>0x90ad</value>
         <object_component_ref idref="oc-19f"/>
      </symbol>
      <symbol id="sm-7d9">
         <name>__udivmoddi4</name>
         <value>0x7219</value>
         <object_component_ref idref="oc-3f3"/>
      </symbol>
      <symbol id="sm-7df">
         <name>__aeabi_llsl</name>
         <value>0x98d5</value>
         <object_component_ref idref="oc-42b"/>
      </symbol>
      <symbol id="sm-7e0">
         <name>__ashldi3</name>
         <value>0x98d5</value>
         <object_component_ref idref="oc-42b"/>
      </symbol>
      <symbol id="sm-7ee">
         <name>__ledf2</name>
         <value>0x7fa5</value>
         <object_component_ref idref="oc-1a3"/>
      </symbol>
      <symbol id="sm-7ef">
         <name>__gedf2</name>
         <value>0x7b4d</value>
         <object_component_ref idref="oc-1a9"/>
      </symbol>
      <symbol id="sm-7f0">
         <name>__cmpdf2</name>
         <value>0x7fa5</value>
         <object_component_ref idref="oc-1a3"/>
      </symbol>
      <symbol id="sm-7f1">
         <name>__eqdf2</name>
         <value>0x7fa5</value>
         <object_component_ref idref="oc-1a3"/>
      </symbol>
      <symbol id="sm-7f2">
         <name>__ltdf2</name>
         <value>0x7fa5</value>
         <object_component_ref idref="oc-1a3"/>
      </symbol>
      <symbol id="sm-7f3">
         <name>__nedf2</name>
         <value>0x7fa5</value>
         <object_component_ref idref="oc-1a3"/>
      </symbol>
      <symbol id="sm-7f4">
         <name>__gtdf2</name>
         <value>0x7b4d</value>
         <object_component_ref idref="oc-1a9"/>
      </symbol>
      <symbol id="sm-800">
         <name>__aeabi_idiv0</name>
         <value>0x4adf</value>
         <object_component_ref idref="oc-271"/>
      </symbol>
      <symbol id="sm-801">
         <name>__aeabi_ldiv0</name>
         <value>0x54eb</value>
         <object_component_ref idref="oc-42a"/>
      </symbol>
      <symbol id="sm-80a">
         <name>TI_memcpy_small</name>
         <value>0xa15f</value>
         <object_component_ref idref="oc-e6"/>
      </symbol>
      <symbol id="sm-813">
         <name>TI_memset_small</name>
         <value>0xa219</value>
         <object_component_ref idref="oc-1ae"/>
      </symbol>
      <symbol id="sm-814">
         <name>__TI_static_base__</name>
         <value>0x0</value>
      </symbol>
      <symbol id="sm-818">
         <name>__mpu_init</name>
         <value>0x0</value>
      </symbol>
      <symbol id="sm-819">
         <name>_system_post_cinit</name>
         <value>0x0</value>
      </symbol>
   </symbol_table>
   <title>Link successful</title>
</link_info>
