Component: ARM Compiler 6.16 Tool: armlink [5dfeaa00]

==============================================================================

Section Cross References

    startup_stm32f407xx.o(STACK) refers (Special) to heapauxi.o(.text) for __use_two_region_memory
    startup_stm32f407xx.o(HEAP) refers (Special) to heapauxi.o(.text) for __use_two_region_memory
    startup_stm32f407xx.o(RESET) refers (Special) to heapauxi.o(.text) for __use_two_region_memory
    startup_stm32f407xx.o(RESET) refers to startup_stm32f407xx.o(STACK) for __initial_sp
    startup_stm32f407xx.o(RESET) refers to startup_stm32f407xx.o(.text) for Reset_Handler
    startup_stm32f407xx.o(RESET) refers to stm32f4xx_it.o(.text.NMI_Handler) for NMI_Handler
    startup_stm32f407xx.o(RESET) refers to stm32f4xx_it.o(.text.HardFault_Handler) for HardFault_Handler
    startup_stm32f407xx.o(RESET) refers to stm32f4xx_it.o(.text.MemManage_Handler) for MemManage_Handler
    startup_stm32f407xx.o(RESET) refers to stm32f4xx_it.o(.text.BusFault_Handler) for BusFault_Handler
    startup_stm32f407xx.o(RESET) refers to stm32f4xx_it.o(.text.UsageFault_Handler) for UsageFault_Handler
    startup_stm32f407xx.o(RESET) refers to stm32f4xx_it.o(.text.SVC_Handler) for SVC_Handler
    startup_stm32f407xx.o(RESET) refers to stm32f4xx_it.o(.text.DebugMon_Handler) for DebugMon_Handler
    startup_stm32f407xx.o(RESET) refers to stm32f4xx_it.o(.text.PendSV_Handler) for PendSV_Handler
    startup_stm32f407xx.o(RESET) refers to stm32f4xx_it.o(.text.SysTick_Handler) for SysTick_Handler
    startup_stm32f407xx.o(RESET) refers to stm32f4xx_it.o(.text.RTC_WKUP_IRQHandler) for RTC_WKUP_IRQHandler
    startup_stm32f407xx.o(RESET) refers to stm32f4xx_it.o(.text.EXTI1_IRQHandler) for EXTI1_IRQHandler
    startup_stm32f407xx.o(RESET) refers to stm32f4xx_it.o(.text.TIM1_BRK_TIM9_IRQHandler) for TIM1_BRK_TIM9_IRQHandler
    startup_stm32f407xx.o(RESET) refers to stm32f4xx_it.o(.text.TIM1_UP_TIM10_IRQHandler) for TIM1_UP_TIM10_IRQHandler
    startup_stm32f407xx.o(RESET) refers to stm32f4xx_it.o(.text.TIM1_TRG_COM_TIM11_IRQHandler) for TIM1_TRG_COM_TIM11_IRQHandler
    startup_stm32f407xx.o(RESET) refers to stm32f4xx_it.o(.text.TIM2_IRQHandler) for TIM2_IRQHandler
    startup_stm32f407xx.o(RESET) refers to stm32f4xx_it.o(.text.TIM3_IRQHandler) for TIM3_IRQHandler
    startup_stm32f407xx.o(RESET) refers to stm32f4xx_it.o(.text.USART1_IRQHandler) for USART1_IRQHandler
    startup_stm32f407xx.o(.text) refers (Special) to heapauxi.o(.text) for __use_two_region_memory
    startup_stm32f407xx.o(.text) refers to system_stm32f4xx.o(.text.SystemInit) for SystemInit
    startup_stm32f407xx.o(.text) refers to __main.o(!!!main) for __main
    startup_stm32f407xx.o(.text) refers to startup_stm32f407xx.o(HEAP) for Heap_Mem
    startup_stm32f407xx.o(.text) refers to startup_stm32f407xx.o(STACK) for Stack_Mem
    oled.o(.text.OLED_W_D0) refers to stm32f4xx_hal_gpio.o(.text.HAL_GPIO_WritePin) for HAL_GPIO_WritePin
    oled.o(.ARM.exidx.text.OLED_W_D0) refers to oled.o(.text.OLED_W_D0) for [Anonymous Symbol]
    oled.o(.text.OLED_W_D1) refers to stm32f4xx_hal_gpio.o(.text.HAL_GPIO_WritePin) for HAL_GPIO_WritePin
    oled.o(.ARM.exidx.text.OLED_W_D1) refers to oled.o(.text.OLED_W_D1) for [Anonymous Symbol]
    oled.o(.text.OLED_W_RES) refers to stm32f4xx_hal_gpio.o(.text.HAL_GPIO_WritePin) for HAL_GPIO_WritePin
    oled.o(.ARM.exidx.text.OLED_W_RES) refers to oled.o(.text.OLED_W_RES) for [Anonymous Symbol]
    oled.o(.text.OLED_W_DC) refers to stm32f4xx_hal_gpio.o(.text.HAL_GPIO_WritePin) for HAL_GPIO_WritePin
    oled.o(.ARM.exidx.text.OLED_W_DC) refers to oled.o(.text.OLED_W_DC) for [Anonymous Symbol]
    oled.o(.text.OLED_W_CS) refers to stm32f4xx_hal_gpio.o(.text.HAL_GPIO_WritePin) for HAL_GPIO_WritePin
    oled.o(.ARM.exidx.text.OLED_W_CS) refers to oled.o(.text.OLED_W_CS) for [Anonymous Symbol]
    oled.o(.text.OLED_GPIO_Init) refers to oled.o(.text.OLED_W_D0) for OLED_W_D0
    oled.o(.text.OLED_GPIO_Init) refers to oled.o(.text.OLED_W_D1) for OLED_W_D1
    oled.o(.text.OLED_GPIO_Init) refers to oled.o(.text.OLED_W_RES) for OLED_W_RES
    oled.o(.text.OLED_GPIO_Init) refers to oled.o(.text.OLED_W_DC) for OLED_W_DC
    oled.o(.text.OLED_GPIO_Init) refers to oled.o(.text.OLED_W_CS) for OLED_W_CS
    oled.o(.ARM.exidx.text.OLED_GPIO_Init) refers to oled.o(.text.OLED_GPIO_Init) for [Anonymous Symbol]
    oled.o(.text.OLED_SPI_SendByte) refers to oled.o(.text.OLED_W_D1) for OLED_W_D1
    oled.o(.text.OLED_SPI_SendByte) refers to oled.o(.text.OLED_W_D0) for OLED_W_D0
    oled.o(.ARM.exidx.text.OLED_SPI_SendByte) refers to oled.o(.text.OLED_SPI_SendByte) for [Anonymous Symbol]
    oled.o(.text.OLED_WriteCommand) refers to oled.o(.text.OLED_W_CS) for OLED_W_CS
    oled.o(.text.OLED_WriteCommand) refers to oled.o(.text.OLED_W_DC) for OLED_W_DC
    oled.o(.text.OLED_WriteCommand) refers to oled.o(.text.OLED_SPI_SendByte) for OLED_SPI_SendByte
[...]
    [Anonymous Symbol]                       0x080033c4   Section        0  oled.o(.text.OLED_WriteCommand)
    [Anonymous Symbol]                       0x080033e4   Section        0  oled.o(.text.OLED_WriteData)
    [Anonymous Symbol]                       0x08003410   Section        0  main.o(.text.PID_Compute)
    [Anonymous Symbol]                       0x080034d0   Section        0  main.o(.text.PID_Init)
    [Anonymous Symbol]                       0x08003500   Section        0  stm32f4xx_it.o(.text.PendSV_Handler)
    [Anonymous Symbol]                       0x08003504   Section        0  stm32f4xx_hal_rtc.o(.text.RTC_Bcd2ToByte)
    [Anonymous Symbol]                       0x08003518   Section        0  stm32f4xx_hal_rtc.o(.text.RTC_ByteToBcd2)
    [Anonymous Symbol]                       0x08003548   Section        0  stm32f4xx_hal_rtc.o(.text.RTC_EnterInitMode)
    [Anonymous Symbol]                       0x0800359c   Section        0  stm32f4xx_hal_rtc.o(.text.RTC_ExitInitMode)
    [Anonymous Symbol]                       0x080035c4   Section        0  stm32f4xx_it.o(.text.RTC_WKUP_IRQHandler)
    [Anonymous Symbol]                       0x080035d4   Section        0  stm32f4xx_it.o(.text.SVC_Handler)
    SysTick_Config                           0x080035d9   Thumb Code    46  stm32f4xx_hal_cortex.o(.text.SysTick_Config)
    [Anonymous Symbol]                       0x080035d8   Section        0  stm32f4xx_hal_cortex.o(.text.SysTick_Config)
    [Anonymous Symbol]                       0x08003608   Section        0  stm32f4xx_it.o(.text.SysTick_Handler)
    [Anonymous Symbol]                       0x08003610   Section        0  main.o(.text.SystemClock_Config)
    [Anonymous Symbol]                       0x080036b4   Section        0  system_stm32f4xx.o(.text.SystemInit)
    [Anonymous Symbol]                       0x080036c8   Section        0  stm32f4xx_it.o(.text.TIM1_BRK_TIM9_IRQHandler)
    [Anonymous Symbol]                       0x080036e4   Section        0  stm32f4xx_it.o(.text.TIM1_TRG_COM_TIM11_IRQHandler)
    [Anonymous Symbol]                       0x08003700   Section        0  stm32f4xx_it.o(.text.TIM1_UP_TIM10_IRQHandler)
    [Anonymous Symbol]                       0x08003710   Section        0  stm32f4xx_it.o(.text.TIM2_IRQHandler)
    [Anonymous Symbol]                       0x08003720   Section        0  stm32f4xx_it.o(.text.TIM3_IRQHandler)
    [Anonymous Symbol]                       0x08003730   Section        0  stm32f4xx_hal_tim.o(.text.TIM_Base_SetConfig)
    [Anonymous Symbol]                       0x08003864   Section        0  stm32f4xx_hal_tim.o(.text.TIM_CCxChannelCmd)
    [Anonymous Symbol]                       0x08003888   Section        0  stm32f4xx_hal_tim.o(.text.TIM_ETR_SetConfig)
    TIM_ITRx_SetConfig                       0x080038a1   Thumb Code    16  stm32f4xx_hal_tim.o(.text.TIM_ITRx_SetConfig)
    [Anonymous Symbol]                       0x080038a0   Section        0  stm32f4xx_hal_tim.o(.text.TIM_ITRx_SetConfig)
    TIM_OC1_SetConfig                        0x080038b1   Thumb Code   100  stm32f4xx_hal_tim.o(.text.TIM_OC1_SetConfig)
    [Anonymous Symbol]                       0x080038b0   Section        0  stm32f4xx_hal_tim.o(.text.TIM_OC1_SetConfig)
    [Anonymous Symbol]                       0x08003914   Section        0  stm32f4xx_hal_tim.o(.text.TIM_OC2_SetConfig)
    TIM_OC3_SetConfig                        0x08003981   Thumb Code   104  stm32f4xx_hal_tim.o(.text.TIM_OC3_SetConfig)
    [Anonymous Symbol]                       0x08003980   Section        0  stm32f4xx_hal_tim.o(.text.TIM_OC3_SetConfig)
    TIM_OC4_SetConfig                        0x080039e9   Thumb Code    78  stm32f4xx_hal_tim.o(.text.TIM_OC4_SetConfig)
    [Anonymous Symbol]                       0x080039e8   Section        0  stm32f4xx_hal_tim.o(.text.TIM_OC4_SetConfig)
    TIM_TI1_ConfigInputStage                 0x08003a39   Thumb Code    34  stm32f4xx_hal_tim.o(.text.TIM_TI1_ConfigInputStage)
    [Anonymous Symbol]                       0x08003a38   Section        0  stm32f4xx_hal_tim.o(.text.TIM_TI1_ConfigInputStage)
    TIM_TI2_ConfigInputStage                 0x08003a5d   Thumb Code    36  stm32f4xx_hal_tim.o(.text.TIM_TI2_ConfigInputStage)
    [Anonymous Symbol]                       0x08003a5c   Section        0  stm32f4xx_hal_tim.o(.text.TIM_TI2_ConfigInputStage)
    UART_DMAAbortOnError                     0x08003a81   Thumb Code    16  stm32f4xx_hal_uart.o(.text.UART_DMAAbortOnError)
    [Anonymous Symbol]                       0x08003a80   Section        0  stm32f4xx_hal_uart.o(.text.UART_DMAAbortOnError)
    UART_EndRxTransfer                       0x08003a91   Thumb Code    80  stm32f4xx_hal_uart.o(.text.UART_EndRxTransfer)
    [Anonymous Symbol]                       0x08003a90   Section        0  stm32f4xx_hal_uart.o(.text.UART_EndRxTransfer)
    UART_EndTransmit_IT                      0x08003ae1   Thumb Code    24  stm32f4xx_hal_uart.o(.text.UART_EndTransmit_IT)
    [Anonymous Symbol]                       0x08003ae0   Section        0  stm32f4xx_hal_uart.o(.text.UART_EndTransmit_IT)
    UART_Receive_IT                          0x08003af9   Thumb Code   200  stm32f4xx_hal_uart.o(.text.UART_Receive_IT)
    [Anonymous Symbol]                       0x08003af8   Section        0  stm32f4xx_hal_uart.o(.text.UART_Receive_IT)
    UART_SetConfig                           0x08003bc1   Thumb Code   220  stm32f4xx_hal_uart.o(.text.UART_SetConfig)
    [Anonymous Symbol]                       0x08003bc0   Section        0  stm32f4xx_hal_uart.o(.text.UART_SetConfig)
    [Anonymous Symbol]                       0x08003c9c   Section        0  stm32f4xx_hal_uart.o(.text.UART_Start_Receive_IT)
    UART_Transmit_IT                         0x08003cd1   Thumb Code    82  stm32f4xx_hal_uart.o(.text.UART_Transmit_IT)
    [Anonymous Symbol]                       0x08003cd0   Section        0  stm32f4xx_hal_uart.o(.text.UART_Transmit_IT)
    [Anonymous Symbol]                       0x08003d24   Section        0  stm32f4xx_it.o(.text.USART1_IRQHandler)
    [Anonymous Symbol]                       0x08003d3c   Section        0  stm32f4xx_it.o(.text.UsageFault_Handler)
    __NVIC_EnableIRQ                         0x08003d41   Thumb Code    32  stm32f4xx_hal_cortex.o(.text.__NVIC_EnableIRQ)
    [Anonymous Symbol]                       0x08003d40   Section        0  stm32f4xx_hal_cortex.o(.text.__NVIC_EnableIRQ)
    __NVIC_GetPriorityGrouping               0x08003d61   Thumb Code    16  stm32f4xx_hal_cortex.o(.text.__NVIC_GetPriorityGrouping)
    [Anonymous Symbol]                       0x08003d60   Section        0  stm32f4xx_hal_cortex.o(.text.__NVIC_GetPriorityGrouping)
    __NVIC_SetPriority                       0x08003d71   Thumb Code    34  stm32f4xx_hal_cortex.o(.text.__NVIC_SetPriority)
    [Anonymous Symbol]                       0x08003d70   Section        0  stm32f4xx_hal_cortex.o(.text.__NVIC_SetPriority)
    __NVIC_SetPriorityGrouping               0x08003d95   Thumb Code    32  stm32f4xx_hal_cortex.o(.text.__NVIC_SetPriorityGrouping)
    [Anonymous Symbol]                       0x08003d94   Section        0  stm32f4xx_hal_cortex.o(.text.__NVIC_SetPriorityGrouping)
    [Anonymous Symbol]                       0x08003db4   Section        0  main.o(.text.main)
    [Anonymous Symbol]                       0x08003f90   Section        0  usart.o(.text.on_UART_IDLE)
    [Anonymous Symbol]                       0x08003fec   Section        0  usart.o(.text.updateRTCTime)
    i.__hardfp_round                         0x08004020   Section        0  round.o(i.__hardfp_round)
    $v0                                      0x08004100   Number         0  d2f.o(x$fpl$d2f)
    x$fpl$d2f                                0x08004100   Section       98  d2f.o(x$fpl$d2f)
    $v0                                      0x08004164   Number         0  daddsub_clz.o(x$fpl$dadd)
    x$fpl$dadd                               0x08004164   Section      336  daddsub_clz.o(x$fpl$dadd)
    _dadd1                                   0x08004175   Thumb Code     0  daddsub_clz.o(x$fpl$dadd)
    $v0                                      0x080042b4   Number         0  dcmpi.o(x$fpl$dcmpinf)
    x$fpl$dcmpinf                            0x080042b4   Section       24  dcmpi.o(x$fpl$dcmpinf)
    $v0                                      0x080042cc   Number         0  deqf.o(x$fpl$deqf)
    x$fpl$deqf                               0x080042cc   Section      120  deqf.o(x$fpl$deqf)
    $v0                                      0x08004344   Number         0  dfixu.o(x$fpl$dfixu)
    x$fpl$dfixu                              0x08004344   Section       90  dfixu.o(x$fpl$dfixu)
    $v0                                      0x0800439e   Number         0  dflt_clz.o(x$fpl$dflt)
    x$fpl$dflt                               0x0800439e   Section       46  dflt_clz.o(x$fpl$dflt)
    $v0                                      0x080043cc   Number         0  dflt_clz.o(x$fpl$dfltu)
    x$fpl$dfltu                              0x080043cc   Section       38  dflt_clz.o(x$fpl$dfltu)
    $v0                                      0x080043f4   Number         0  dgeqf.o(x$fpl$dgeqf)
    x$fpl$dgeqf                              0x080043f4   Section      120  dgeqf.o(x$fpl$dgeqf)
    $v0                                      0x0800446c   Number         0  dleqf.o(x$fpl$dleqf)
    x$fpl$dleqf                              0x0800446c   Section      120  dleqf.o(x$fpl$dleqf)
    $v0                                      0x080044e4   Number         0  dmul.o(x$fpl$dmul)
    x$fpl$dmul                               0x080044e4   Section      340  dmul.o(x$fpl$dmul)
    $v0                                      0x08004638   Number         0  dnaninf.o(x$fpl$dnaninf)
    x$fpl$dnaninf                            0x08004638   Section      156  dnaninf.o(x$fpl$dnaninf)
    $v0                                      0x080046d4   Number         0  dretinf.o(x$fpl$dretinf)
    x$fpl$dretinf                            0x080046d4   Section       12  dretinf.o(x$fpl$dretinf)
    $v0                                      0x080046e0   Number         0  drleqf.o(x$fpl$drleqf)
    x$fpl$drleqf                             0x080046e0   Section      108  drleqf.o(x$fpl$drleqf)
    $v0                                      0x0800474c   Number         0  drnd.o(x$fpl$drnd)
    x$fpl$drnd                               0x0800474c   Section      180  drnd.o(x$fpl$drnd)
    $v0                                      0x08004800   Number         0  daddsub_clz.o(x$fpl$dsub)
    x$fpl$dsub                               0x08004800   Section      476  daddsub_clz.o(x$fpl$dsub)
    _dsub1                                   0x08004811   Thumb Code     0  daddsub_clz.o(x$fpl$dsub)
    $v0                                      0x080049dc   Number         0  f2d.o(x$fpl$f2d)
    x$fpl$f2d                                0x080049dc   Section       86  f2d.o(x$fpl$f2d)
    $v0                                      0x08004a32   Number         0  dcmp.o(x$fpl$fcmp)
    x$fpl$fcmp                               0x08004a32   Section       84  dcmp.o(x$fpl$fcmp)
    $v0                                      0x08004a86   Number         0  fnaninf.o(x$fpl$fnaninf)
    x$fpl$fnaninf                            0x08004a86   Section      140  fnaninf.o(x$fpl$fnaninf)
    $v0                                      0x08004b12   Number         0  fpinit.o(x$fpl$fpinit)
    x$fpl$fpinit                             0x08004b12   Section       26  fpinit.o(x$fpl$fpinit)
    $v0                                      0x08004b2c   Number         0  fretinf.o(x$fpl$fretinf)
    x$fpl$fretinf                            0x08004b2c   Section       10  fretinf.o(x$fpl$fretinf)
    x$fpl$usenofp                            0x08004b36   Section        0  usenofp.o(x$fpl$usenofp)
    .bss                                     0x20000028   Section       96  libspace.o(.bss)
    Heap_Mem                                 0x200006f8   Data         512  startup_stm32f407xx.o(HEAP)
    HEAP                                     0x200006f8   Section      512  startup_stm32f407xx.o(HEAP)
    Stack_Mem                                0x200008f8   Data        1024  startup_stm32f407xx.o(STACK)
    STACK                                    0x200008f8   Section     1024  startup_stm32f407xx.o(STACK)
    __initial_sp                             0x20000cf8   Data           0  startup_stm32f407xx.o(STACK)

    Global Symbols

    Symbol Name                              Value     Ov Type        Size  Object(Section)

    BuildAttributes$$THM_ISAv4$E$P$D$K$B$S$7EM$VFPi3$EXTD16$VFPS$VFMA$PE$A:L22UL41UL21$X:L11$S22US41US21$IEEE1$IW$~IW$USESV6$~STKCKD$USESV7$~SHL$OTIME$ROPI$IEEEX$EBA8$UX$STANDARDLIB$REQ8$PRES8$EABIv2 0x00000000   Number         0  anon$$obj.o ABSOLUTE
    _printf_flags                            0x00000000   Number         0  printf_stubs.o ABSOLUTE
    _printf_return_value                     0x00000000   Number         0  printf_stubs.o ABSOLUTE
    _printf_sizespec                         0x00000000   Number         0  printf_stubs.o ABSOLUTE
    _printf_widthprec                        0x00000000   Number         0  printf_stubs.o ABSOLUTE
    __ARM_exceptions_init                     - Undefined Weak Reference
    __alloca_initialize                       - Undefined Weak Reference
    __arm_preinit_                            - Undefined Weak Reference
    __cpp_initialize__aeabi_                  - Undefined Weak Reference
    __cxa_finalize                            - Undefined Weak Reference
    __sigvec_lookup                           - Undefined Weak Reference
    _atexit_init                              - Undefined Weak Reference
    _call_atexit_fns                          - Undefined Weak Reference
    _clock_init                               - Undefined Weak Reference
    _fp_trap_init                             - Undefined Weak Reference
    _fp_trap_shutdown                         - Undefined Weak Reference
    _get_lc_collate                           - Undefined Weak Reference
    _get_lc_monetary                          - Undefined Weak Reference
    _get_lc_time                              - Undefined Weak Reference
    _getenv_init                              - Undefined Weak Reference
    _handle_redirection                       - Undefined Weak Reference
    _init_alloc                               - Undefined Weak Reference
    _init_user_alloc                          - Undefined Weak Reference
    _initio                                   - Undefined Weak Reference
    _printf_mbtowc                            - Undefined Weak Reference
    _printf_wc                                - Undefined Weak Reference
    _rand_init                                - Undefined Weak Reference
    _signal_finish                            - Undefined Weak Reference
    _signal_init                              - Undefined Weak Reference
    _terminate_alloc                          - Undefined Weak Reference
    _terminate_user_alloc                     - Undefined Weak Reference
    _terminateio                              - Undefined Weak Reference
    __Vectors_Size                           0x00000188   Number         0  startup_stm32f407xx.o ABSOLUTE
    __Vectors                                0x08000000   Data           4  startup_stm32f407xx.o(RESET)
    __Vectors_End                            0x08000188   Data           0  startup_stm32f407xx.o(RESET)
    __main                                   0x08000189   Thumb Code     8  __main.o(!!!main)
    __scatterload                            0x08000191   Thumb Code     0  __scatter.o(!!!scatter)
    __scatterload_rt2                        0x08000191   Thumb Code    44  __scatter.o(!!!scatter)
    __scatterload_rt2_thumb_only             0x08000191   Thumb Code     0  __scatter.o(!!!scatter)
    __scatterload_null                       0x0800019f   Thumb Code     0  __scatter.o(!!!scatter)
    __scatterload_copy                       0x080001c5   Thumb Code    26  __scatter_copy.o(!!handler_copy)
    __scatterload_zeroinit                   0x080001e1   Thumb Code    28  __scatter_zi.o(!!handler_zi)
    __rt_lib_init                            0x080001fd   Thumb Code     0  libinit.o(.ARM.Collect$$libinit$$00000000)
    __rt_lib_init_fp_1                       0x080001ff   Thumb Code     0  libinit2.o(.ARM.Collect$$libinit$$00000001)
    __rt_lib_init_alloca_1                   0x08000203   Thumb Code     0  libinit2.o(.ARM.Collect$$libinit$$0000002E)
    __rt_lib_init_argv_1                     0x08000203   Thumb Code     0  libinit2.o(.ARM.Collect$$libinit$$0000002C)
    __rt_lib_init_atexit_1                   0x08000203   Thumb Code     0  libinit2.o(.ARM.Collect$$libinit$$0000001B)
    __rt_lib_init_clock_1                    0x08000203   Thumb Code     0  libinit2.o(.ARM.Collect$$libinit$$00000021)
    __rt_lib_init_cpp_1                      0x08000203   Thumb Code     0  libinit2.o(.ARM.Collect$$libinit$$00000032)
    __rt_lib_init_exceptions_1               0x08000203   Thumb Code     0  libinit2.o(.ARM.Collect$$libinit$$00000030)
    __rt_lib_init_fp_trap_1                  0x08000203   Thumb Code     0  libinit2.o(.ARM.Collect$$libinit$$0000001F)
    __rt_lib_init_getenv_1                   0x08000203   Thumb Code     0  libinit2.o(.ARM.Collect$$libinit$$00000023)
    __rt_lib_init_heap_1                     0x08000203   Thumb Code     0  libinit2.o(.ARM.Collect$$libinit$$0000000A)
    __rt_lib_init_lc_collate_1               0x08000203   Thumb Code     0  libinit2.o(.ARM.Collect$$libinit$$00000011)
    __rt_lib_init_lc_ctype_1                 0x08000203   Thumb Code     0  libinit2.o(.ARM.Collect$$libinit$$00000013)
    __rt_lib_init_lc_monetary_1              0x08000203   Thumb Code     0  libinit2.o(.ARM.Collect$$libinit$$00000015)
    __rt_lib_init_lc_numeric_1               0x08000203   Thumb Code     0  libinit2.o(.ARM.Collect$$libinit$$00000017)
    __rt_lib_init_lc_time_1                  0x08000203   Thumb Code     0  libinit2.o(.ARM.Collect$$libinit$$00000019)
    __rt_lib_init_preinit_1                  0x08000203   Thumb Code     0  libinit2.o(.ARM.Collect$$libinit$$00000004)
    __rt_lib_init_rand_1                     0x08000203   Thumb Code     0  libinit2.o(.ARM.Collect$$libinit$$0000000E)
    __rt_lib_init_return                     0x08000203   Thumb Code     0  libinit2.o(.ARM.Collect$$libinit$$00000033)
    __rt_lib_init_signal_1                   0x08000203   Thumb Code     0  libinit2.o(.ARM.Collect$$libinit$$0000001D)
    __rt_lib_init_stdio_1                    0x08000203   Thumb Code     0  libinit2.o(.ARM.Collect$$libinit$$00000025)
    __rt_lib_init_user_alloc_1               0x08000203   Thumb Code     0  libinit2.o(.ARM.Collect$$libinit$$0000000C)
    __rt_lib_shutdown                        0x08000205   Thumb Code     0  libshutdown.o(.ARM.Collect$$libshutdown$$00000000)
    __rt_lib_shutdown_cpp_1                  0x08000207   Thumb Code     0  libshutdown2.o(.ARM.Collect$$libshutdown$$00000002)
    __rt_lib_shutdown_fp_trap_1              0x08000207   Thumb Code     0  libshutdown2.o(.ARM.Collect$$libshutdown$$00000007)
    __rt_lib_shutdown_heap_1                 0x08000207   Thumb Code     0  libshutdown2.o(.ARM.Collect$$libshutdown$$0000000F)
    __rt_lib_shutdown_return                 0x08000207   Thumb Code     0  libshutdown2.o(.ARM.Collect$$libshutdown$$00000010)
    __rt_lib_shutdown_signal_1               0x08000207   Thumb Code     0  libshutdown2.o(.ARM.Collect$$libshutdown$$0000000A)
    __rt_lib_shutdown_stdio_1                0x08000207   Thumb Code     0  libshutdown2.o(.ARM.Collect$$libshutdown$$00000004)
    __rt_lib_shutdown_user_alloc_1           0x08000207   Thumb Code     0  libshutdown2.o(.ARM.Collect$$libshutdown$$0000000C)
    __rt_entry                               0x08000209   Thumb Code     0  __rtentry.o(.ARM.Collect$$rtentry$$00000000)
    __rt_entry_presh_1                       0x08000209   Thumb Code     0  __rtentry2.o(.ARM.Collect$$rtentry$$00000002)
    __rt_entry_sh                            0x08000209   Thumb Code     0  __rtentry4.o(.ARM.Collect$$rtentry$$00000004)
    __rt_entry_li                            0x0800020f   Thumb Code     0  __rtentry2.o(.ARM.Collect$$rtentry$$0000000A)
    __rt_entry_postsh_1                      0x0800020f   Thumb Code     0  __rtentry2.o(.ARM.Collect$$rtentry$$00000009)
    __rt_entry_main                          0x08000213   Thumb Code     0  __rtentry2.o(.ARM.Collect$$rtentry$$0000000D)
    __rt_entry_postli_1                      0x08000213   Thumb Code     0  __rtentry2.o(.ARM.Collect$$rtentry$$0000000C)
    __rt_exit                                0x0800021b   Thumb Code     0  rtexit.o(.ARM.Collect$$rtexit$$00000000)
    __rt_exit_ls                             0x0800021d   Thumb Code     0  rtexit2.o(.ARM.Collect$$rtexit$$00000003)
    __rt_exit_prels_1                        0x0800021d   Thumb Code     0  rtexit2.o(.ARM.Collect$$rtexit$$00000002)
    __rt_exit_exit                           0x08000221   Thumb Code     0  rtexit2.o(.ARM.Collect$$rtexit$$00000004)
    Reset_Handler                            0x08000229   Thumb Code     8  startup_stm32f407xx.o(.text)
    ADC_IRQHandler                           0x08000243   Thumb Code     0  startup_stm32f407xx.o(.text)
    CAN1_RX0_IRQHandler                      0x08000243   Thumb Code     0  startup_stm32f407xx.o(.text)
    CAN1_RX1_IRQHandler                      0x08000243   Thumb Code     0  startup_stm32f407xx.o(.text)
    CAN1_SCE_IRQHandler                      0x08000243   Thumb Code     0  startup_stm32f407xx.o(.text)
    CAN1_TX_IRQHandler                       0x08000243   Thumb Code     0  startup_stm32f407xx.o(.text)
    CAN2_RX0_IRQHandler                      0x08000243   Thumb Code     0  startup_stm32f407xx.o(.text)
    CAN2_RX1_IRQHandler                      0x08000243   Thumb Code     0  startup_stm32f407xx.o(.text)
    CAN2_SCE_IRQHandler                      0x08000243   Thumb Code     0  startup_stm32f407xx.o(.text)
    CAN2_TX_IRQHandler                       0x08000243   Thumb Code     0  startup_stm32f407xx.o(.text)
    DCMI_IRQHandler                          0x08000243   Thumb Code     0  startup_stm32f407xx.o(.text)
    DMA1_Stream0_IRQHandler                  0x08000243   Thumb Code     0  startup_stm32f407xx.o(.text)
    DMA1_Stream1_IRQHandler                  0x08000243   Thumb Code     0  startup_stm32f407xx.o(.text)
    DMA1_Stream2_IRQHandler                  0x08000243   Thumb Code     0  startup_stm32f407xx.o(.text)
    DMA1_Stream3_IRQHandler                  0x08000243   Thumb Code     0  startup_stm32f407xx.o(.text)
    DMA1_Stream4_IRQHandler                  0x08000243   Thumb Code     0  startup_stm32f407xx.o(.text)
    DMA1_Stream5_IRQHandler                  0x08000243   Thumb Code     0  startup_stm32f407xx.o(.text)
    DMA1_Stream6_IRQHandler                  0x08000243   Thumb Code     0  startup_stm32f407xx.o(.text)
    DMA1_Stream7_IRQHandler                  0x08000243   Thumb Code     0  startup_stm32f407xx.o(.text)
    DMA2_Stream0_IRQHandler                  0x08000243   Thumb Code     0  startup_stm32f407xx.o(.text)
    DMA2_Stream1_IRQHandler                  0x08000243   Thumb Code     0  startup_stm32f407xx.o(.text)
    DMA2_Stream2_IRQHandler                  0x08000243   Thumb Code     0  startup_stm32f407xx.o(.text)
    DMA2_Stream3_IRQHandler                  0x08000243   Thumb Code     0  startup_stm32f407xx.o(.text)
    DMA2_Stream4_IRQHandler                  0x08000243   Thumb Code     0  startup_stm32f407xx.o(.text)
    DMA2_Stream5_IRQHandler                  0x08000243   Thumb Code     0  startup_stm32f407xx.o(.text)
    DMA2_Stream6_IRQHandler                  0x08000243   Thumb Code     0  startup_stm32f407xx.o(.text)
    DMA2_Stream7_IRQHandler                  0x08000243   Thumb Code     0  startup_stm32f407xx.o(.text)
    ETH_IRQHandler                           0x08000243   Thumb Code     0  startup_stm32f407xx.o(.text)
    ETH_WKUP_IRQHandler                      0x08000243   Thumb Code     0  startup_stm32f407xx.o(.text)
    EXTI0_IRQHandler                         0x08000243   Thumb Code     0  startup_stm32f407xx.o(.text)
    EXTI15_10_IRQHandler                     0x08000243   Thumb Code     0  startup_stm32f407xx.o(.text)
    EXTI2_IRQHandler                         0x08000243   Thumb Code     0  startup_stm32f407xx.o(.text)
    EXTI3_IRQHandler                         0x08000243   Thumb Code     0  startup_stm32f407xx.o(.text)
    EXTI4_IRQHandler                         0x08000243   Thumb Code     0  startup_stm32f407xx.o(.text)
    EXTI9_5_IRQHandler                       0x08000243   Thumb Code     0  startup_stm32f407xx.o(.text)
    FLASH_IRQHandler                         0x08000243   Thumb Code     0  startup_stm32f407xx.o(.text)
    FMC_IRQHandler                           0x08000243   Thumb Code     0  startup_stm32f407xx.o(.text)
    FPU_IRQHandler                           0x08000243   Thumb Code     0  startup_stm32f407xx.o(.text)
    HASH_RNG_IRQHandler                      0x08000243   Thumb Code     0  startup_stm32f407xx.o(.text)
    I2C1_ER_IRQHandler                       0x08000243   Thumb Code     0  startup_stm32f407xx.o(.text)
    I2C1_EV_IRQHandler                       0x08000243   Thumb Code     0  startup_stm32f407xx.o(.text)
    I2C2_ER_IRQHandler                       0x08000243   Thumb Code     0  startup_stm32f407xx.o(.text)
    I2C2_EV_IRQHandler                       0x08000243   Thumb Code     0  startup_stm32f407xx.o(.text)
    I2C3_ER_IRQHandler                       0x08000243   Thumb Code     0  startup_stm32f407xx.o(.text)
    I2C3_EV_IRQHandler                       0x08000243   Thumb Code     0  startup_stm32f407xx.o(.text)
    OTG_FS_IRQHandler                        0x08000243   Thumb Code     0  startup_stm32f407xx.o(.text)
    OTG_FS_WKUP_IRQHandler                   0x08000243   Thumb Code     0  startup_stm32f407xx.o(.text)
    OTG_HS_EP1_IN_IRQHandler                 0x08000243   Thumb Code     0  startup_stm32f407xx.o(.text)
    OTG_HS_EP1_OUT_IRQHandler                0x08000243   Thumb Code     0  startup_stm32f407xx.o(.text)
    OTG_HS_IRQHandler                        0x08000243   Thumb Code     0  startup_stm32f407xx.o(.text)
    OTG_HS_WKUP_IRQHandler                   0x08000243   Thumb Code     0  startup_stm32f407xx.o(.text)
    PVD_IRQHandler                           0x08000243   Thumb Code     0  startup_stm32f407xx.o(.text)
    RCC_IRQHandler                           0x08000243   Thumb Code     0  startup_stm32f407xx.o(.text)
    RTC_Alarm_IRQHandler                     0x08000243   Thumb Code     0  startup_stm32f407xx.o(.text)
    SDIO_IRQHandler                          0x08000243   Thumb Code     0  startup_stm32f407xx.o(.text)
    SPI1_IRQHandler                          0x08000243   Thumb Code     0  startup_stm32f407xx.o(.text)
    SPI2_IRQHandler                          0x08000243   Thumb Code     0  startup_stm32f407xx.o(.text)
    SPI3_IRQHandler                          0x08000243   Thumb Code     0  startup_stm32f407xx.o(.text)
    TAMP_STAMP_IRQHandler                    0x08000243   Thumb Code     0  startup_stm32f407xx.o(.text)
    TIM1_CC_IRQHandler                       0x08000243   Thumb Code     0  startup_stm32f407xx.o(.text)
    TIM4_IRQHandler                          0x08000243   Thumb Code     0  startup_stm32f407xx.o(.text)
    TIM5_IRQHandler                          0x08000243   Thumb Code     0  startup_stm32f407xx.o(.text)
    TIM6_DAC_IRQHandler                      0x08000243   Thumb Code     0  startup_stm32f407xx.o(.text)
    TIM7_IRQHandler                          0x08000243   Thumb Code     0  startup_stm32f407xx.o(.text)
    TIM8_BRK_TIM12_IRQHandler                0x08000243   Thumb Code     0  startup_stm32f407xx.o(.text)
    TIM8_CC_IRQHandler                       0x08000243   Thumb Code     0  startup_stm32f407xx.o(.text)
    TIM8_TRG_COM_TIM14_IRQHandler            0x08000243   Thumb Code     0  startup_stm32f407xx.o(.text)
    TIM8_UP_TIM13_IRQHandler                 0x08000243   Thumb Code     0  startup_stm32f407xx.o(.text)
    UART4_IRQHandler                         0x08000243   Thumb Code     0  startup_stm32f407xx.o(.text)
    UART5_IRQHandler                         0x08000243   Thumb Code     0  startup_stm32f407xx.o(.text)
    USART2_IRQHandler                        0x08000243   Thumb Code     0  startup_stm32f407xx.o(.text)
    USART3_IRQHandler                        0x08000243   Thumb Code     0  startup_stm32f407xx.o(.text)
    USART6_IRQHandler                        0x08000243   Thumb Code     0  startup_stm32f407xx.o(.text)
    WWDG_IRQHandler                          0x08000243   Thumb Code     0  startup_stm32f407xx.o(.text)
    __user_initial_stackheap                 0x08000245   Thumb Code     0  startup_stm32f407xx.o(.text)
    __aeabi_uldivmod                         0x08000269   Thumb Code     0  lludivv7m.o(.text)
    _ll_udiv                                 0x08000269   Thumb Code   240  lludivv7m.o(.text)
    __aeabi_memclr4                          0x08000359   Thumb Code     0  rt_memclr_w.o(.text)
    __aeabi_memclr8                          0x08000359   Thumb Code     0  rt_memclr_w.o(.text)
    __rt_memclr_w                            0x08000359   Thumb Code     0  rt_memclr_w.o(.text)
    _memset_w                                0x0800035d   Thumb Code    74  rt_memclr_w.o(.text)
    __use_two_region_memory                  0x080003a7   Thumb Code     2  heapauxi.o(.text)
    __rt_heap_escrow$2region                 0x080003a9   Thumb Code     2  heapauxi.o(.text)
    __rt_heap_expand$2region                 0x080003ab   Thumb Code     2  heapauxi.o(.text)
    __user_libspace                          0x080003ad   Thumb Code     8  libspace.o(.text)
    __user_perproc_libspace                  0x080003ad   Thumb Code     0  libspace.o(.text)
    __user_perthread_libspace                0x080003ad   Thumb Code     0  libspace.o(.text)
    __user_setup_stackheap                   0x080003b5   Thumb Code    74  sys_stackheap_outer.o(.text)
    exit                                     0x080003ff   Thumb Code    18  exit.o(.text)
    _sys_exit                                0x08000411   Thumb Code     8  sys_exit.o(.text)
    __I$use$semihosting                      0x0800041d   Thumb Code     0  use_no_semi.o(.text)
    __use_no_semihosting_swi                 0x0800041d   Thumb Code     2  use_no_semi.o(.text)
    __semihosting_library_function           0x0800041f   Thumb Code     0  indicate_semi.o(.text)
    BusFault_Handler                         0x08000421   Thumb Code     2  stm32f4xx_it.o(.text.BusFault_Handler)
    DebugMon_Handler                         0x08000425   Thumb Code     2  stm32f4xx_it.o(.text.DebugMon_Handler)
    EXTI1_IRQHandler                         0x08000429   Thumb Code    24  stm32f4xx_it.o(.text.EXTI1_IRQHandler)
    Error_Handler                            0x08000441   Thumb Code     6  main.o(.text.Error_Handler)
    HAL_DMA_Abort                            0x08000449   Thumb Code   128  stm32f4xx_hal_dma.o(.text.HAL_DMA_Abort)
    HAL_DMA_Abort_IT                         0x080004c9   Thumb Code    36  stm32f4xx_hal_dma.o(.text.HAL_DMA_Abort_IT)
    HAL_GPIO_EXTI_Callback                   0x080004ed   Thumb Code   168  main.o(.text.HAL_GPIO_EXTI_Callback)
    HAL_GPIO_EXTI_IRQHandler                 0x08000595   Thumb Code    26  stm32f4xx_hal_gpio.o(.text.HAL_GPIO_EXTI_IRQHandler)
    HAL_GPIO_Init                            0x080005b1   Thumb Code   410  stm32f4xx_hal_gpio.o(.text.HAL_GPIO_Init)
    HAL_GPIO_ReadPin                         0x0800074d   Thumb Code    10  stm32f4xx_hal_gpio.o(.text.HAL_GPIO_ReadPin)
    HAL_GPIO_TogglePin                       0x08000759   Thumb Code    16  stm32f4xx_hal_gpio.o(.text.HAL_GPIO_TogglePin)
    HAL_GPIO_WritePin                        0x08000769   Thumb Code    10  stm32f4xx_hal_gpio.o(.text.HAL_GPIO_WritePin)
    HAL_GetTick                              0x08000775   Thumb Code    12  stm32f4xx_hal.o(.text.HAL_GetTick)
    HAL_IncTick                              0x08000781   Thumb Code    26  stm32f4xx_hal.o(.text.HAL_IncTick)
    HAL_Init                                 0x0800079d   Thumb Code    54  stm32f4xx_hal.o(.text.HAL_Init)
    HAL_InitTick                             0x080007d5   Thumb Code    80  stm32f4xx_hal.o(.text.HAL_InitTick)
    HAL_MspInit                              0x08000825   Thumb Code    64  stm32f4xx_hal_msp.o(.text.HAL_MspInit)
    HAL_NVIC_EnableIRQ                       0x08000865   Thumb Code     8  stm32f4xx_hal_cortex.o(.text.HAL_NVIC_EnableIRQ)
    HAL_NVIC_SetPriority                     0x0800086d   Thumb Code    30  stm32f4xx_hal_cortex.o(.text.HAL_NVIC_SetPriority)
    HAL_NVIC_SetPriorityGrouping             0x0800088d   Thumb Code     8  stm32f4xx_hal_cortex.o(.text.HAL_NVIC_SetPriorityGrouping)
    HAL_RCCEx_PeriphCLKConfig                0x08000895   Thumb Code   326  stm32f4xx_hal_rcc_ex.o(.text.HAL_RCCEx_PeriphCLKConfig)
    HAL_RCC_ClockConfig                      0x080009dd   Thumb Code   352  stm32f4xx_hal_rcc.o(.text.HAL_RCC_ClockConfig)
    HAL_RCC_GetHCLKFreq                      0x08000b3d   Thumb Code    12  stm32f4xx_hal_rcc.o(.text.HAL_RCC_GetHCLKFreq)
    HAL_RCC_GetPCLK1Freq                     0x08000b49   Thumb Code    34  stm32f4xx_hal_rcc.o(.text.HAL_RCC_GetPCLK1Freq)
    HAL_RCC_GetPCLK2Freq                     0x08000b6d   Thumb Code    34  stm32f4xx_hal_rcc.o(.text.HAL_RCC_GetPCLK2Freq)
    HAL_RCC_GetSysClockFreq                  0x08000b91   Thumb Code   104  stm32f4xx_hal_rcc.o(.text.HAL_RCC_GetSysClockFreq)
    HAL_RCC_OscConfig                        0x08000bf9   Thumb Code   840  stm32f4xx_hal_rcc.o(.text.HAL_RCC_OscConfig)
    HAL_RTCEx_SetWakeUpTimer_IT              0x08000f41   Thumb Code   222  stm32f4xx_hal_rtc_ex.o(.text.HAL_RTCEx_SetWakeUpTimer_IT)
    HAL_RTCEx_WakeUpTimerEventCallback       0x08001021   Thumb Code   208  usart.o(.text.HAL_RTCEx_WakeUpTimerEventCallback)
    HAL_RTCEx_WakeUpTimerIRQHandler          0x080010f1   Thumb Code    50  stm32f4xx_hal_rtc_ex.o(.text.HAL_RTCEx_WakeUpTimerIRQHandler)
    HAL_RTC_GetDate                          0x08001125   Thumb Code    66  stm32f4xx_hal_rtc.o(.text.HAL_RTC_GetDate)
    HAL_RTC_GetTime                          0x08001169   Thumb Code    76  stm32f4xx_hal_rtc.o(.text.HAL_RTC_GetTime)
    HAL_RTC_Init                             0x080011b5   Thumb Code   148  stm32f4xx_hal_rtc.o(.text.HAL_RTC_Init)
    HAL_RTC_MspInit                          0x08001249   Thumb Code    90  rtc.o(.text.HAL_RTC_MspInit)
    HAL_RTC_SetDate                          0x080012a5   Thumb Code   148  stm32f4xx_hal_rtc.o(.text.HAL_RTC_SetDate)
    HAL_RTC_SetTime                          0x08001339   Thumb Code   188  stm32f4xx_hal_rtc.o(.text.HAL_RTC_SetTime)
    HAL_RTC_WaitForSynchro                   0x080013f5   Thumb Code    52  stm32f4xx_hal_rtc.o(.text.HAL_RTC_WaitForSynchro)
    HAL_SYSTICK_Config                       0x08001429   Thumb Code     8  stm32f4xx_hal_cortex.o(.text.HAL_SYSTICK_Config)
    HAL_TIMEx_BreakCallback                  0x08001431   Thumb Code     2  stm32f4xx_hal_tim_ex.o(.text.HAL_TIMEx_BreakCallback)
    HAL_TIMEx_CommutCallback                 0x08001435   Thumb Code     2  stm32f4xx_hal_tim_ex.o(.text.HAL_TIMEx_CommutCallback)
    HAL_TIMEx_MasterConfigSynchronization    0x08001439   Thumb Code   184  stm32f4xx_hal_tim_ex.o(.text.HAL_TIMEx_MasterConfigSynchronization)
    HAL_TIM_Base_Init                        0x080014f1   Thumb Code    90  stm32f4xx_hal_tim.o(.text.HAL_TIM_Base_Init)
    HAL_TIM_Base_MspInit                     0x0800154d   Thumb Code   190  tim.o(.text.HAL_TIM_Base_MspInit)
    HAL_TIM_Base_Start_IT                    0x0800160d   Thumb Code   168  stm32f4xx_hal_tim.o(.text.HAL_TIM_Base_Start_IT)
    HAL_TIM_ConfigClockSource                0x080016b5   Thumb Code   222  stm32f4xx_hal_tim.o(.text.HAL_TIM_ConfigClockSource)
    HAL_TIM_Encoder_Init                     0x08001795   Thumb Code   178  stm32f4xx_hal_tim.o(.text.HAL_TIM_Encoder_Init)
    HAL_TIM_Encoder_MspInit                  0x08001849   Thumb Code   198  tim.o(.text.HAL_TIM_Encoder_MspInit)
    HAL_TIM_Encoder_Start                    0x08001911   Thumb Code   164  stm32f4xx_hal_tim.o(.text.HAL_TIM_Encoder_Start)
    HAL_TIM_IC_CaptureCallback               0x080019b5   Thumb Code     2  stm32f4xx_hal_tim.o(.text.HAL_TIM_IC_CaptureCallback)
    HAL_TIM_IRQHandler                       0x080019b9   Thumb Code   308  stm32f4xx_hal_tim.o(.text.HAL_TIM_IRQHandler)
    HAL_TIM_MspPostInit                      0x08001aed   Thumb Code   156  tim.o(.text.HAL_TIM_MspPostInit)
    HAL_TIM_OC_DelayElapsedCallback          0x08001b89   Thumb Code     2  stm32f4xx_hal_tim.o(.text.HAL_TIM_OC_DelayElapsedCallback)
    HAL_TIM_PWM_ConfigChannel                0x08001b8d   Thumb Code   152  stm32f4xx_hal_tim.o(.text.HAL_TIM_PWM_ConfigChannel)
    HAL_TIM_PWM_Init                         0x08001c25   Thumb Code    90  stm32f4xx_hal_tim.o(.text.HAL_TIM_PWM_Init)
    HAL_TIM_PWM_MspInit                      0x08001c81   Thumb Code     2  stm32f4xx_hal_tim.o(.text.HAL_TIM_PWM_MspInit)
    HAL_TIM_PWM_PulseFinishedCallback        0x08001c85   Thumb Code     2  stm32f4xx_hal_tim.o(.text.HAL_TIM_PWM_PulseFinishedCallback)
    HAL_TIM_PWM_Start                        0x08001c89   Thumb Code   290  stm32f4xx_hal_tim.o(.text.HAL_TIM_PWM_Start)
    HAL_TIM_PeriodElapsedCallback            0x08001db1   Thumb Code  1196  main.o(.text.HAL_TIM_PeriodElapsedCallback)
    HAL_TIM_TriggerCallback                  0x0800225d   Thumb Code     2  stm32f4xx_hal_tim.o(.text.HAL_TIM_TriggerCallback)
    HAL_UARTEx_RxEventCallback               0x08002261   Thumb Code     2  stm32f4xx_hal_uart.o(.text.HAL_UARTEx_RxEventCallback)
    HAL_UART_ErrorCallback                   0x08002265   Thumb Code     2  stm32f4xx_hal_uart.o(.text.HAL_UART_ErrorCallback)
    HAL_UART_IRQHandler                      0x08002269   Thumb Code   578  stm32f4xx_hal_uart.o(.text.HAL_UART_IRQHandler)
    HAL_UART_Init                            0x080024ad   Thumb Code    96  stm32f4xx_hal_uart.o(.text.HAL_UART_Init)
    HAL_UART_MspInit                         0x0800250d   Thumb Code   132  usart.o(.text.HAL_UART_MspInit)
    HAL_UART_Receive_IT                      0x08002591   Thumb Code    42  stm32f4xx_hal_uart.o(.text.HAL_UART_Receive_IT)
    HAL_UART_RxCpltCallback                  0x080025c1   Thumb Code   728  usart.o(.text.HAL_UART_RxCpltCallback)
    HAL_UART_Transmit_IT                     0x08002899   Thumb Code    56  stm32f4xx_hal_uart.o(.text.HAL_UART_Transmit_IT)
    HAL_UART_TxCpltCallback                  0x080028d1   Thumb Code     2  stm32f4xx_hal_uart.o(.text.HAL_UART_TxCpltCallback)
    HardFault_Handler                        0x080028d5   Thumb Code     2  stm32f4xx_it.o(.text.HardFault_Handler)
    MX_GPIO_Init                             0x080028d9   Thumb Code   398  gpio.o(.text.MX_GPIO_Init)
    MX_RTC_Init                              0x08002a69   Thumb Code   162  rtc.o(.text.MX_RTC_Init)
    MX_TIM11_Init                            0x08002b0d   Thumb Code   138  tim.o(.text.MX_TIM11_Init)
    MX_TIM1_Init                             0x08002b99   Thumb Code   132  tim.o(.text.MX_TIM1_Init)
    MX_TIM2_Init                             0x08002c1d   Thumb Code   118  tim.o(.text.MX_TIM2_Init)
    MX_TIM3_Init                             0x08002c95   Thumb Code   124  tim.o(.text.MX_TIM3_Init)
    MX_TIM9_Init                             0x08002d11   Thumb Code   174  tim.o(.text.MX_TIM9_Init)
    MX_USART1_UART_Init                      0x08002dc1   Thumb Code    56  usart.o(.text.MX_USART1_UART_Init)
    MemManage_Handler                        0x08002df9   Thumb Code     2  stm32f4xx_it.o(.text.MemManage_Handler)
    NMI_Handler                              0x08002dfd   Thumb Code     2  stm32f4xx_it.o(.text.NMI_Handler)
    OLED_Clear                               0x08002e2d   Thumb Code    20  oled.o(.text.OLED_Clear)
    OLED_ClearArea                           0x08002e41   Thumb Code   112  oled.o(.text.OLED_ClearArea)
    OLED_GPIO_Init                           0x08002eb1   Thumb Code    34  oled.o(.text.OLED_GPIO_Init)
    OLED_Init                                0x08002ed5   Thumb Code   154  oled.o(.text.OLED_Init)
    OLED_Pow                                 0x08002f71   Thumb Code    22  oled.o(.text.OLED_Pow)
    OLED_SPI_SendByte                        0x08002f89   Thumb Code    40  oled.o(.text.OLED_SPI_SendByte)
    OLED_SetCursor                           0x08002fb1   Thumb Code    30  oled.o(.text.OLED_SetCursor)
    OLED_ShowChar                            0x08002fd1   Thumb Code    80  oled.o(.text.OLED_ShowChar)
    OLED_ShowFloatNum                        0x08003021   Thumb Code   264  oled.o(.text.OLED_ShowFloatNum)
    OLED_ShowImage                           0x08003129   Thumb Code   206  oled.o(.text.OLED_ShowImage)
    OLED_ShowNum                             0x080031f9   Thumb Code    88  oled.o(.text.OLED_ShowNum)
    OLED_ShowString                          0x08003251   Thumb Code   210  oled.o(.text.OLED_ShowString)
    OLED_Update                              0x08003325   Thumb Code    40  oled.o(.text.OLED_Update)
    OLED_W_CS                                0x0800334d   Thumb Code    22  oled.o(.text.OLED_W_CS)
    OLED_W_D0                                0x08003365   Thumb Code    22  oled.o(.text.OLED_W_D0)
    OLED_W_D1                                0x0800337d   Thumb Code    22  oled.o(.text.OLED_W_D1)
    OLED_W_DC                                0x08003395   Thumb Code    22  oled.o(.text.OLED_W_DC)
    OLED_W_RES                               0x080033ad   Thumb Code    22  oled.o(.text.OLED_W_RES)
    OLED_WriteCommand                        0x080033c5   Thumb Code    30  oled.o(.text.OLED_WriteCommand)
    OLED_WriteData                           0x080033e5   Thumb Code    44  oled.o(.text.OLED_WriteData)
    PID_Compute                              0x08003411   Thumb Code   192  main.o(.text.PID_Compute)
    PID_Init                                 0x080034d1   Thumb Code    46  main.o(.text.PID_Init)
    PendSV_Handler                           0x08003501   Thumb Code     2  stm32f4xx_it.o(.text.PendSV_Handler)
    RTC_Bcd2ToByte                           0x08003505   Thumb Code    18  stm32f4xx_hal_rtc.o(.text.RTC_Bcd2ToByte)
    RTC_ByteToBcd2                           0x08003519   Thumb Code    46  stm32f4xx_hal_rtc.o(.text.RTC_ByteToBcd2)
    RTC_EnterInitMode                        0x08003549   Thumb Code    84  stm32f4xx_hal_rtc.o(.text.RTC_EnterInitMode)
    RTC_ExitInitMode                         0x0800359d   Thumb Code    40  stm32f4xx_hal_rtc.o(.text.RTC_ExitInitMode)
    RTC_WKUP_IRQHandler                      0x080035c5   Thumb Code    16  stm32f4xx_it.o(.text.RTC_WKUP_IRQHandler)
    SVC_Handler                              0x080035d5   Thumb Code     2  stm32f4xx_it.o(.text.SVC_Handler)
    SysTick_Handler                          0x08003609   Thumb Code     8  stm32f4xx_it.o(.text.SysTick_Handler)
    SystemClock_Config                       0x08003611   Thumb Code   164  main.o(.text.SystemClock_Config)
    SystemInit                               0x080036b5   Thumb Code    18  system_stm32f4xx.o(.text.SystemInit)
    TIM1_BRK_TIM9_IRQHandler                 0x080036c9   Thumb Code    28  stm32f4xx_it.o(.text.TIM1_BRK_TIM9_IRQHandler)
    TIM1_TRG_COM_TIM11_IRQHandler            0x080036e5   Thumb Code    28  stm32f4xx_it.o(.text.TIM1_TRG_COM_TIM11_IRQHandler)
    TIM1_UP_TIM10_IRQHandler                 0x08003701   Thumb Code    16  stm32f4xx_it.o(.text.TIM1_UP_TIM10_IRQHandler)
    TIM2_IRQHandler                          0x08003711   Thumb Code    16  stm32f4xx_it.o(.text.TIM2_IRQHandler)
    TIM3_IRQHandler                          0x08003721   Thumb Code    16  stm32f4xx_it.o(.text.TIM3_IRQHandler)
    TIM_Base_SetConfig                       0x08003731   Thumb Code   308  stm32f4xx_hal_tim.o(.text.TIM_Base_SetConfig)
    TIM_CCxChannelCmd                        0x08003865   Thumb Code    36  stm32f4xx_hal_tim.o(.text.TIM_CCxChannelCmd)
    TIM_ETR_SetConfig                        0x08003889   Thumb Code    22  stm32f4xx_hal_tim.o(.text.TIM_ETR_SetConfig)
    TIM_OC2_SetConfig                        0x08003915   Thumb Code   106  stm32f4xx_hal_tim.o(.text.TIM_OC2_SetConfig)
    UART_Start_Receive_IT                    0x08003c9d   Thumb Code    52  stm32f4xx_hal_uart.o(.text.UART_Start_Receive_IT)
    USART1_IRQHandler                        0x08003d25   Thumb Code    24  stm32f4xx_it.o(.text.USART1_IRQHandler)
    UsageFault_Handler                       0x08003d3d   Thumb Code     2  stm32f4xx_it.o(.text.UsageFault_Handler)
    main                                     0x08003db5   Thumb Code   396  main.o(.text.main)
    on_UART_IDLE                             0x08003f91   Thumb Code    90  usart.o(.text.on_UART_IDLE)
    updateRTCTime                            0x08003fed   Thumb Code    48  usart.o(.text.updateRTCTime)
    __hardfp_round                           0x08004021   Thumb Code   194  round.o(i.__hardfp_round)
    __aeabi_d2f                              0x08004101   Thumb Code     0  d2f.o(x$fpl$d2f)
    _d2f                                     0x08004101   Thumb Code    98  d2f.o(x$fpl$d2f)
    __aeabi_dadd                             0x08004165   Thumb Code     0  daddsub_clz.o(x$fpl$dadd)
    _dadd                                    0x08004165   Thumb Code   332  daddsub_clz.o(x$fpl$dadd)
    __fpl_dcmp_Inf                           0x080042b5   Thumb Code    24  dcmpi.o(x$fpl$dcmpinf)
    __aeabi_cdcmpeq                          0x080042cd   Thumb Code     0  deqf.o(x$fpl$deqf)
    _dcmpeq                                  0x080042cd   Thumb Code   120  deqf.o(x$fpl$deqf)
    __aeabi_d2uiz                            0x08004345   Thumb Code     0  dfixu.o(x$fpl$dfixu)
    _dfixu                                   0x08004345   Thumb Code    90  dfixu.o(x$fpl$dfixu)
    __aeabi_i2d                              0x0800439f   Thumb Code     0  dflt_clz.o(x$fpl$dflt)
    _dflt                                    0x0800439f   Thumb Code    46  dflt_clz.o(x$fpl$dflt)
    __aeabi_ui2d                             0x080043cd   Thumb Code     0  dflt_clz.o(x$fpl$dfltu)
    _dfltu                                   0x080043cd   Thumb Code    38  dflt_clz.o(x$fpl$dfltu)
    __aeabi_cdcmpge                          0x080043f5   Thumb Code     0  dgeqf.o(x$fpl$dgeqf)
    _dcmpge                                  0x080043f5   Thumb Code   120  dgeqf.o(x$fpl$dgeqf)
    __aeabi_cdcmple                          0x0800446d   Thumb Code     0  dleqf.o(x$fpl$dleqf)
    _dcmple                                  0x0800446d   Thumb Code   120  dleqf.o(x$fpl$dleqf)
    __fpl_dcmple_InfNaN                      0x080044cf   Thumb Code     0  dleqf.o(x$fpl$dleqf)
    __aeabi_dmul                             0x080044e5   Thumb Code     0  dmul.o(x$fpl$dmul)
    _dmul                                    0x080044e5   Thumb Code   332  dmul.o(x$fpl$dmul)
    __fpl_dnaninf                            0x08004639   Thumb Code   156  dnaninf.o(x$fpl$dnaninf)
    __fpl_dretinf                            0x080046d5   Thumb Code    12  dretinf.o(x$fpl$dretinf)
    __aeabi_cdrcmple                         0x080046e1   Thumb Code     0  drleqf.o(x$fpl$drleqf)
    _drcmple                                 0x080046e1   Thumb Code   108  drleqf.o(x$fpl$drleqf)
    _drnd                                    0x0800474d   Thumb Code   180  drnd.o(x$fpl$drnd)
    __aeabi_dsub                             0x08004801   Thumb Code     0  daddsub_clz.o(x$fpl$dsub)
    _dsub                                    0x08004801   Thumb Code   472  daddsub_clz.o(x$fpl$dsub)
    __aeabi_f2d                              0x080049dd   Thumb Code     0  f2d.o(x$fpl$f2d)
    _f2d                                     0x080049dd   Thumb Code    86  f2d.o(x$fpl$f2d)
    __aeabi_dcmpeq                           0x08004a33   Thumb Code     0  dcmp.o(x$fpl$fcmp)
    _deq                                     0x08004a33   Thumb Code    14  dcmp.o(x$fpl$fcmp)
    _dneq                                    0x08004a41   Thumb Code    14  dcmp.o(x$fpl$fcmp)
    __aeabi_dcmpgt                           0x08004a4f   Thumb Code     0  dcmp.o(x$fpl$fcmp)
    _dgr                                     0x08004a4f   Thumb Code    14  dcmp.o(x$fpl$fcmp)
    __aeabi_dcmpge                           0x08004a5d   Thumb Code     0  dcmp.o(x$fpl$fcmp)
    _dgeq                                    0x08004a5d   Thumb Code    14  dcmp.o(x$fpl$fcmp)
    __aeabi_dcmple                           0x08004a6b   Thumb Code     0  dcmp.o(x$fpl$fcmp)
    _dleq                                    0x08004a6b   Thumb Code    14  dcmp.o(x$fpl$fcmp)
    __aeabi_dcmplt                           0x08004a79   Thumb Code     0  dcmp.o(x$fpl$fcmp)
    _dls                                     0x08004a79   Thumb Code    14  dcmp.o(x$fpl$fcmp)
    __fpl_fnaninf                            0x08004a87   Thumb Code   140  fnaninf.o(x$fpl$fnaninf)
    _fp_init                                 0x08004b13   Thumb Code    26  fpinit.o(x$fpl$fpinit)
    __fplib_config_fpu_vfp                   0x08004b2b   Thumb Code     0  fpinit.o(x$fpl$fpinit)
    __fplib_config_pureend_doubles           0x08004b2b   Thumb Code     0  fpinit.o(x$fpl$fpinit)
    __fpl_fretinf                            0x08004b2d   Thumb Code    10  fretinf.o(x$fpl$fretinf)
    AHBPrescTable                            0x08004b36   Data          16  system_stm32f4xx.o(.rodata.AHBPrescTable)
    __I$use$fp                               0x08004b36   Number         0  usenofp.o(x$fpl$usenofp)
    APBPrescTable                            0x08004b46   Data           8  system_stm32f4xx.o(.rodata.APBPrescTable)
    OLED_F6x8                                0x08004b4e   Data         570  oled_data.o(.rodata.OLED_F6x8)
    OLED_F8x16                               0x08004d88   Data        1520  oled_data.o(.rodata.OLED_F8x16)
    Region$$Table$$Base                      0x08005378   Number         0  anon$$obj.o(Region$$Table)
    Region$$Table$$Limit                     0x08005398   Number         0  anon$$obj.o(Region$$Table)
    SystemCoreClock                          0x20000000   Data           4  system_stm32f4xx.o(.data.SystemCoreClock)
    proBuffer                                0x20000004   Data          10  usart.o(.data.proBuffer)
    pwm_max                                  0x20000010   Data           4  main.o(.data.pwm_max)
    rxBuffer                                 0x20000014   Data          10  usart.o(.data.rxBuffer)
    uwTickFreq                               0x2000001e   Data           1  stm32f4xx_hal.o(.data.uwTickFreq)
    uwTickPrio                               0x20000020   Data           4  stm32f4xx_hal.o(.data.uwTickPrio)
    __libspace_start                         0x20000028   Data          96  libspace.o(.bss)
    Kc                                       0x20000088   Data           4  main.o(.bss.Kc)
    __temporary_stack_top$libspace           0x20000088   Data           0  libspace.o(.bss)
    OLED_DisplayBuf                          0x2000008c   Data        1024  oled.o(.bss.OLED_DisplayBuf)
    correct                                  0x2000048c   Data           4  main.o(.bss.correct)
    current_total                            0x20000490   Data           8  main.o(.bss.current_total)
    duty                                     0x20000498   Data           8  main.o(.bss.duty)
    hrtc                                     0x200004a0   Data          32  rtc.o(.bss.hrtc)
    htim1                                    0x200004c0   Data          72  tim.o(.bss.htim1)
    htim11                                   0x20000508   Data          72  tim.o(.bss.htim11)
    htim2                                    0x20000550   Data          72  tim.o(.bss.htim2)
    htim3                                    0x20000598   Data          72  tim.o(.bss.htim3)
    htim9                                    0x200005e0   Data          72  tim.o(.bss.htim9)
    huart1                                   0x20000628   Data          72  usart.o(.bss.huart1)
    isUploadTime                             0x20000670   Data           1  usart.o(.bss.isUploadTime)
    last_key_time                            0x20000674   Data           4  main.o(.bss.last_key_time)
    left_motor_pid                           0x20000678   Data          36  main.o(.bss.left_motor_pid)
    out_buffer                               0x2000069c   Data           5  main.o(.bss.out_buffer)
    pre_rpm                                  0x200006a4   Data           8  main.o(.bss.pre_rpm)
    pre_total                                0x200006ac   Data           8  main.o(.bss.pre_total)
    right_motor_pid                          0x200006b4   Data          36  main.o(.bss.right_motor_pid)
    rpm                                      0x200006d8   Data           8  main.o(.bss.rpm)
    rxCompleted                              0x200006e0   Data           1  usart.o(.bss.rxCompleted)
    speed_time                               0x200006e4   Data           4  main.o(.bss.speed_time)
    straight_error                           0x200006e8   Data           4  main.o(.bss.straight_error)
    target_rpm                               0x200006ec   Data           8  main.o(.bss.target_rpm)
    uwTick                                   0x200006f4   Data           4  stm32f4xx_hal.o(.bss.uwTick)



==============================================================================

Memory Map of the image

  Image Entry point : 0x08000189

  Load Region LR_IROM1 (Base: 0x08000000, Size: 0x000053c0, Max: 0x00080000, ABSOLUTE)

    Execution Region ER_IROM1 (Exec base: 0x08000000, Load base: 0x08000000, Size: 0x00005398, Max: 0x00080000, ABSOLUTE)

    Exec Addr    Load Addr    Size         Type   Attr      Idx    E Section Name        Object

    0x08000000   0x08000000   0x00000188   Data   RO            3    RESET               startup_stm32f407xx.o
    0x08000188   0x08000188   0x00000008   Code   RO         1354  * !!!main             c_w.l(__main.o)
    0x08000190   0x08000190   0x00000034   Code   RO         1800    !!!scatter          c_w.l(__scatter.o)
    0x080001c4   0x080001c4   0x0000001a   Code   RO         1802    !!handler_copy      c_w.l(__scatter_copy.o)
    0x080001de   0x080001de   0x00000002   PAD
    0x080001e0   0x080001e0   0x0000001c   Code   RO         1804    !!handler_zi        c_w.l(__scatter_zi.o)
    0x080001fc   0x080001fc   0x00000002   Code   RO         1656    .ARM.Collect$$libinit$$00000000  c_w.l(libinit.o)
    0x080001fe   0x080001fe   0x00000004   Code   RO         1674    .ARM.Collect$$libinit$$00000001  c_w.l(libinit2.o)
    0x08000202   0x08000202   0x00000000   Code   RO         1677    .ARM.Collect$$libinit$$00000004  c_w.l(libinit2.o)
    0x08000202   0x08000202   0x00000000   Code   RO         1680    .ARM.Collect$$libinit$$0000000A  c_w.l(libinit2.o)
    0x08000202   0x08000202   0x00000000   Code   RO         1682    .ARM.Collect$$libinit$$0000000C  c_w.l(libinit2.o)
    0x08000202   0x08000202   0x00000000   Code   RO         1684    .ARM.Collect$$libinit$$0000000E  c_w.l(libinit2.o)
    0x08000202   0x08000202   0x00000000   Code   RO         1687    .ARM.Collect$$libinit$$00000011  c_w.l(libinit2.o)
    0x08000202   0x08000202   0x00000000   Code   RO         1689    .ARM.Collect$$libinit$$00000013  c_w.l(libinit2.o)
    0x08000202   0x08000202   0x00000000   Code   RO         1691    .ARM.Collect$$libinit$$00000015  c_w.l(libinit2.o)
    0x08000202   0x08000202   0x00000000   Code   RO         1693    .ARM.Collect$$libinit$$00000017  c_w.l(libinit2.o)
    0x08000202   0x08000202   0x00000000   Code   RO         1695    .ARM.Collect$$libinit$$00000019  c_w.l(libinit2.o)
    0x08000202   0x08000202   0x00000000   Code   RO         1697    .ARM.Collect$$libinit$$0000001B  c_w.l(libinit2.o)
    0x08000202   0x08000202   0x00000000   Code   RO         1699    .ARM.Collect$$libinit$$0000001D  c_w.l(libinit2.o)
    0x08000202   0x08000202   0x00000000   Code   RO         1701    .ARM.Collect$$libinit$$0000001F  c_w.l(libinit2.o)
    0x08000202   0x08000202   0x00000000   Code   RO         1703    .ARM.Collect$$libinit$$00000021  c_w.l(libinit2.o)
    0x08000202   0x08000202   0x00000000   Code   RO         1705    .ARM.Collect$$libinit$$00000023  c_w.l(libinit2.o)
    0x08000202   0x08000202   0x00000000   Code   RO         1707    .ARM.Collect$$libinit$$00000025  c_w.l(libinit2.o)
    0x08000202   0x08000202   0x00000000   Code   RO         1711    .ARM.Collect$$libinit$$0000002C  c_w.l(libinit2.o)
    0x08000202   0x08000202   0x00000000   Code   RO         1713    .ARM.Collect$$libinit$$0000002E  c_w.l(libinit2.o)
    0x08000202   0x08000202   0x00000000   Code   RO         1715    .ARM.Collect$$libinit$$00000030  c_w.l(libinit2.o)
    0x08000202   0x08000202   0x00000000   Code   RO         1717    .ARM.Collect$$libinit$$00000032  c_w.l(libinit2.o)
    0x08000202   0x08000202   0x00000002   Code   RO         1718    .ARM.Collect$$libinit$$00000033  c_w.l(libinit2.o)
    0x08000204   0x08000204   0x00000002   Code   RO         1755    .ARM.Collect$$libshutdown$$00000000  c_w.l(libshutdown.o)
    0x08000206   0x08000206   0x00000000   Code   RO         1783    .ARM.Collect$$libshutdown$$00000002  c_w.l(libshutdown2.o)
    0x08000206   0x08000206   0x00000000   Code   RO         1785    .ARM.Collect$$libshutdown$$00000004  c_w.l(libshutdown2.o)
    0x08000206   0x08000206   0x00000000   Code   RO         1788    .ARM.Collect$$libshutdown$$00000007  c_w.l(libshutdown2.o)
    0x08000206   0x08000206   0x00000000   Code   RO         1791    .ARM.Collect$$libshutdown$$0000000A  c_w.l(libshutdown2.o)
    0x08000206   0x08000206   0x00000000   Code   RO         1793    .ARM.Collect$$libshutdown$$0000000C  c_w.l(libshutdown2.o)
    0x08000206   0x08000206   0x00000000   Code   RO         1796    .ARM.Collect$$libshutdown$$0000000F  c_w.l(libshutdown2.o)
    0x08000206   0x08000206   0x00000002   Code   RO         1797    .ARM.Collect$$libshutdown$$00000010  c_w.l(libshutdown2.o)
    0x08000208   0x08000208   0x00000000   Code   RO         1398    .ARM.Collect$$rtentry$$00000000  c_w.l(__rtentry.o)
    0x08000208   0x08000208   0x00000000   Code   RO         1554    .ARM.Collect$$rtentry$$00000002  c_w.l(__rtentry2.o)
    0x08000208   0x08000208   0x00000006   Code   RO         1566    .ARM.Collect$$rtentry$$00000004  c_w.l(__rtentry4.o)
    0x0800020e   0x0800020e   0x00000000   Code   RO         1556    .ARM.Collect$$rtentry$$00000009  c_w.l(__rtentry2.o)
    0x0800020e   0x0800020e   0x00000004   Code   RO         1557    .ARM.Collect$$rtentry$$0000000A  c_w.l(__rtentry2.o)
    0x08000212   0x08000212   0x00000000   Code   RO         1559    .ARM.Collect$$rtentry$$0000000C  c_w.l(__rtentry2.o)
    0x08000212   0x08000212   0x00000008   Code   RO         1560    .ARM.Collect$$rtentry$$0000000D  c_w.l(__rtentry2.o)
    0x0800021a   0x0800021a   0x00000002   Code   RO         1659    .ARM.Collect$$rtexit$$00000000  c_w.l(rtexit.o)
    0x0800021c   0x0800021c   0x00000000   Code   RO         1724    .ARM.Collect$$rtexit$$00000002  c_w.l(rtexit2.o)
    0x0800021c   0x0800021c   0x00000004   Code   RO         1725    .ARM.Collect$$rtexit$$00000003  c_w.l(rtexit2.o)
    0x08000220   0x08000220   0x00000006   Code   RO         1726    .ARM.Collect$$rtexit$$00000004  c_w.l(rtexit2.o)
    0x08000226   0x08000226   0x00000002   PAD
    0x08000228   0x08000228   0x00000040   Code   RO            4    .text               startup_stm32f407xx.o
    0x08000268   0x08000268   0x000000f0   Code   RO         1346    .text               c_w.l(lludivv7m.o)
    0x08000358   0x08000358   0x0000004e   Code   RO         1350    .text               c_w.l(rt_memclr_w.o)
    0x080003a6   0x080003a6   0x00000006   Code   RO         1352    .text               c_w.l(heapauxi.o)
    0x080003ac   0x080003ac   0x00000008   Code   RO         1601    .text               c_w.l(libspace.o)
    0x080003b4   0x080003b4   0x0000004a   Code   RO         1604    .text               c_w.l(sys_stackheap_outer.o)
    0x080003fe   0x080003fe   0x00000012   Code   RO         1645    .text               c_w.l(exit.o)
    0x08000410   0x08000410   0x0000000c   Code   RO         1719    .text               c_w.l(sys_exit.o)
    0x0800041c   0x0800041c   0x00000002   Code   RO         1744    .text               c_w.l(use_no_semi.o)
    0x0800041e   0x0800041e   0x00000000   Code   RO         1746    .text               c_w.l(indicate_semi.o)
    0x0800041e   0x0800041e   0x00000002   PAD
    0x08000420   0x08000420   0x00000002   Code   RO          230    .text.BusFault_Handler  stm32f4xx_it.o
    0x08000422   0x08000422   0x00000002   PAD
    0x08000424   0x08000424   0x00000002   Code   RO          236    .text.DebugMon_Handler  stm32f4xx_it.o
    0x08000426   0x08000426   0x00000002   PAD
    0x08000428   0x08000428   0x00000018   Code   RO          244    .text.EXTI1_IRQHandler  stm32f4xx_it.o
    0x08000440   0x08000440   0x00000006   Code   RO          114    .text.Error_Handler  main.o
    0x08000446   0x08000446   0x00000002   PAD
    0x08000448   0x08000448   0x00000080   Code   RO          605    .text.HAL_DMA_Abort  stm32f4xx_hal_dma.o
    0x080004c8   0x080004c8   0x00000024   Code   RO          607    .text.HAL_DMA_Abort_IT  stm32f4xx_hal_dma.o
    0x080004ec   0x080004ec   0x000000a8   Code   RO          108    .text.HAL_GPIO_EXTI_Callback  main.o
    0x08000594   0x08000594   0x0000001a   Code   RO          563    .text.HAL_GPIO_EXTI_IRQHandler  stm32f4xx_hal_gpio.o
    0x080005ae   0x080005ae   0x00000002   PAD
    0x080005b0   0x080005b0   0x0000019a   Code   RO          551    .text.HAL_GPIO_Init  stm32f4xx_hal_gpio.o
    0x0800074a   0x0800074a   0x00000002   PAD
    0x0800074c   0x0800074c   0x0000000a   Code   RO          555    .text.HAL_GPIO_ReadPin  stm32f4xx_hal_gpio.o
    0x08000756   0x08000756   0x00000002   PAD
    0x08000758   0x08000758   0x00000010   Code   RO          559    .text.HAL_GPIO_TogglePin  stm32f4xx_hal_gpio.o
    0x08000768   0x08000768   0x0000000a   Code   RO          557    .text.HAL_GPIO_WritePin  stm32f4xx_hal_gpio.o
    0x08000772   0x08000772   0x00000002   PAD
    0x08000774   0x08000774   0x0000000c   Code   RO          781    .text.HAL_GetTick   stm32f4xx_hal.o
    0x08000780   0x08000780   0x0000001a   Code   RO          779    .text.HAL_IncTick   stm32f4xx_hal.o
    0x0800079a   0x0800079a   0x00000002   PAD
    0x0800079c   0x0800079c   0x00000036   Code   RO          769    .text.HAL_Init      stm32f4xx_hal.o
    0x080007d2   0x080007d2   0x00000002   PAD
    0x080007d4   0x080007d4   0x00000050   Code   RO          771    .text.HAL_InitTick  stm32f4xx_hal.o
    0x08000824   0x08000824   0x00000040   Code   RO          265    .text.HAL_MspInit   stm32f4xx_hal_msp.o
    0x08000864   0x08000864   0x00000008   Code   RO          703    .text.HAL_NVIC_EnableIRQ  stm32f4xx_hal_cortex.o
    0x0800086c   0x0800086c   0x0000001e   Code   RO          695    .text.HAL_NVIC_SetPriority  stm32f4xx_hal_cortex.o
    0x0800088a   0x0800088a   0x00000002   PAD
    0x0800088c   0x0800088c   0x00000008   Code   RO          691    .text.HAL_NVIC_SetPriorityGrouping  stm32f4xx_hal_cortex.o
    0x08000894   0x08000894   0x00000146   Code   RO          447    .text.HAL_RCCEx_PeriphCLKConfig  stm32f4xx_hal_rcc_ex.o
    0x080009da   0x080009da   0x00000002   PAD
    0x080009dc   0x080009dc   0x00000160   Code   RO          415    .text.HAL_RCC_ClockConfig  stm32f4xx_hal_rcc.o
    0x08000b3c   0x08000b3c   0x0000000c   Code   RO          425    .text.HAL_RCC_GetHCLKFreq  stm32f4xx_hal_rcc.o
    0x08000b48   0x08000b48   0x00000022   Code   RO          427    .text.HAL_RCC_GetPCLK1Freq  stm32f4xx_hal_rcc.o
    0x08000b6a   0x08000b6a   0x00000002   PAD
    0x08000b6c   0x08000b6c   0x00000022   Code   RO          429    .text.HAL_RCC_GetPCLK2Freq  stm32f4xx_hal_rcc.o
    0x08000b8e   0x08000b8e   0x00000002   PAD
    0x08000b90   0x08000b90   0x00000068   Code   RO          417    .text.HAL_RCC_GetSysClockFreq  stm32f4xx_hal_rcc.o
    0x08000bf8   0x08000bf8   0x00000348   Code   RO          413    .text.HAL_RCC_OscConfig  stm32f4xx_hal_rcc.o
    0x08000f40   0x08000f40   0x000000de   Code   RO          363    .text.HAL_RTCEx_SetWakeUpTimer_IT  stm32f4xx_hal_rtc_ex.o
    0x0800101e   0x0800101e   0x00000002   PAD
    0x08001020   0x08001020   0x000000d0   Code   RO          209    .text.HAL_RTCEx_WakeUpTimerEventCallback  usart.o
    0x080010f0   0x080010f0   0x00000032   Code   RO          369    .text.HAL_RTCEx_WakeUpTimerIRQHandler  stm32f4xx_hal_rtc_ex.o
    0x08001122   0x08001122   0x00000002   PAD
    0x08001124   0x08001124   0x00000042   Code   RO          295    .text.HAL_RTC_GetDate  stm32f4xx_hal_rtc.o
    0x08001166   0x08001166   0x00000002   PAD
    0x08001168   0x08001168   0x0000004c   Code   RO          289    .text.HAL_RTC_GetTime  stm32f4xx_hal_rtc.o
    0x080011b4   0x080011b4   0x00000094   Code   RO          273    .text.HAL_RTC_Init  stm32f4xx_hal_rtc.o
    0x08001248   0x08001248   0x0000005a   Code   RO          151    .text.HAL_RTC_MspInit  rtc.o
    0x080012a2   0x080012a2   0x00000002   PAD
    0x080012a4   0x080012a4   0x00000094   Code   RO          293    .text.HAL_RTC_SetDate  stm32f4xx_hal_rtc.o
    0x08001338   0x08001338   0x000000bc   Code   RO          285    .text.HAL_RTC_SetTime  stm32f4xx_hal_rtc.o
    0x080013f4   0x080013f4   0x00000034   Code   RO          311    .text.HAL_RTC_WaitForSynchro  stm32f4xx_hal_rtc.o
    0x08001428   0x08001428   0x00000008   Code   RO          715    .text.HAL_SYSTICK_Config  stm32f4xx_hal_cortex.o
    0x08001430   0x08001430   0x00000002   Code   RO         1184    .text.HAL_TIMEx_BreakCallback  stm32f4xx_hal_tim_ex.o
    0x08001432   0x08001432   0x00000002   PAD
    0x08001434   0x08001434   0x00000002   Code   RO         1180    .text.HAL_TIMEx_CommutCallback  stm32f4xx_hal_tim_ex.o
    0x08001436   0x08001436   0x00000002   PAD
    0x08001438   0x08001438   0x000000b8   Code   RO         1174    .text.HAL_TIMEx_MasterConfigSynchronization  stm32f4xx_hal_tim_ex.o
    0x080014f0   0x080014f0   0x0000005a   Code   RO          860    .text.HAL_TIM_Base_Init  stm32f4xx_hal_tim.o
    0x0800154a   0x0800154a   0x00000002   PAD
    0x0800154c   0x0800154c   0x000000be   Code   RO          176    .text.HAL_TIM_Base_MspInit  tim.o
    0x0800160a   0x0800160a   0x00000002   PAD
    0x0800160c   0x0800160c   0x000000a8   Code   RO          874    .text.HAL_TIM_Base_Start_IT  stm32f4xx_hal_tim.o
    0x080016b4   0x080016b4   0x000000de   Code   RO         1052    .text.HAL_TIM_ConfigClockSource  stm32f4xx_hal_tim.o
    0x08001792   0x08001792   0x00000002   PAD
    0x08001794   0x08001794   0x000000b2   Code   RO          974    .text.HAL_TIM_Encoder_Init  stm32f4xx_hal_tim.o
    0x08001846   0x08001846   0x00000002   PAD
    0x08001848   0x08001848   0x000000c6   Code   RO          178    .text.HAL_TIM_Encoder_MspInit  tim.o
    0x0800190e   0x0800190e   0x00000002   PAD
    0x08001910   0x08001910   0x000000a4   Code   RO          982    .text.HAL_TIM_Encoder_Start  stm32f4xx_hal_tim.o
    0x080019b4   0x080019b4   0x00000002   Code   RO          996    .text.HAL_TIM_IC_CaptureCallback  stm32f4xx_hal_tim.o
    0x080019b6   0x080019b6   0x00000002   PAD
    0x080019b8   0x080019b8   0x00000134   Code   RO          994    .text.HAL_TIM_IRQHandler  stm32f4xx_hal_tim.o
    0x08001aec   0x08001aec   0x0000009c   Code   RO          172    .text.HAL_TIM_MspPostInit  tim.o
    0x08001b88   0x08001b88   0x00000002   Code   RO          998    .text.HAL_TIM_OC_DelayElapsedCallback  stm32f4xx_hal_tim.o
    0x08001b8a   0x08001b8a   0x00000002   PAD
    0x08001b8c   0x08001b8c   0x00000098   Code   RO         1026    .text.HAL_TIM_PWM_ConfigChannel  stm32f4xx_hal_tim.o
    0x08001c24   0x08001c24   0x0000005a   Code   RO          914    .text.HAL_TIM_PWM_Init  stm32f4xx_hal_tim.o
    0x08001c7e   0x08001c7e   0x00000002   PAD
    0x08001c80   0x08001c80   0x00000002   Code   RO          916    .text.HAL_TIM_PWM_MspInit  stm32f4xx_hal_tim.o
    0x08001c82   0x08001c82   0x00000002   PAD
    0x08001c84   0x08001c84   0x00000002   Code   RO         1000    .text.HAL_TIM_PWM_PulseFinishedCallback  stm32f4xx_hal_tim.o
    0x08001c86   0x08001c86   0x00000002   PAD
    0x08001c88   0x08001c88   0x00000122   Code   RO          922    .text.HAL_TIM_PWM_Start  stm32f4xx_hal_tim.o
    0x08001daa   0x08001daa   0x00000006   PAD
    0x08001db0   0x08001db0   0x000004ac   Code   RO          106    .text.HAL_TIM_PeriodElapsedCallback  main.o
    0x0800225c   0x0800225c   0x00000002   Code   RO         1004    .text.HAL_TIM_TriggerCallback  stm32f4xx_hal_tim.o
    0x0800225e   0x0800225e   0x00000002   PAD
    0x08002260   0x08002260   0x00000002   Code   RO         1290    .text.HAL_UARTEx_RxEventCallback  stm32f4xx_hal_uart.o
    0x08002262   0x08002262   0x00000002   PAD
    0x08002264   0x08002264   0x00000002   Code   RO         1288    .text.HAL_UART_ErrorCallback  stm32f4xx_hal_uart.o
    0x08002266   0x08002266   0x00000002   PAD
    0x08002268   0x08002268   0x00000242   Code   RO         1282    .text.HAL_UART_IRQHandler  stm32f4xx_hal_uart.o
    0x080024aa   0x080024aa   0x00000002   PAD
    0x080024ac   0x080024ac   0x00000060   Code   RO         1198    .text.HAL_UART_Init  stm32f4xx_hal_uart.o
    0x0800250c   0x0800250c   0x00000084   Code   RO          199    .text.HAL_UART_MspInit  usart.o
    0x08002590   0x08002590   0x0000002a   Code   RO         1222    .text.HAL_UART_Receive_IT  stm32f4xx_hal_uart.o
    0x080025ba   0x080025ba   0x00000006   PAD
    0x080025c0   0x080025c0   0x000002d8   Code   RO          207    .text.HAL_UART_RxCpltCallback  usart.o
    0x08002898   0x08002898   0x00000038   Code   RO         1220    .text.HAL_UART_Transmit_IT  stm32f4xx_hal_uart.o
    0x080028d0   0x080028d0   0x00000002   Code   RO         1296    .text.HAL_UART_TxCpltCallback  stm32f4xx_hal_uart.o
    0x080028d2   0x080028d2   0x00000002   PAD
    0x080028d4   0x080028d4   0x00000002   Code   RO          226    .text.HardFault_Handler  stm32f4xx_it.o
    0x080028d6   0x080028d6   0x00000002   PAD
    0x080028d8   0x080028d8   0x0000018e   Code   RO          140    .text.MX_GPIO_Init  gpio.o
    0x08002a66   0x08002a66   0x00000002   PAD
    0x08002a68   0x08002a68   0x000000a2   Code   RO          149    .text.MX_RTC_Init   rtc.o
    0x08002b0a   0x08002b0a   0x00000002   PAD
    0x08002b0c   0x08002b0c   0x0000008a   Code   RO          174    .text.MX_TIM11_Init  tim.o
    0x08002b96   0x08002b96   0x00000002   PAD
    0x08002b98   0x08002b98   0x00000084   Code   RO          164    .text.MX_TIM1_Init  tim.o
    0x08002c1c   0x08002c1c   0x00000076   Code   RO          166    .text.MX_TIM2_Init  tim.o
    0x08002c92   0x08002c92   0x00000002   PAD
    0x08002c94   0x08002c94   0x0000007c   Code   RO          168    .text.MX_TIM3_Init  tim.o
    0x08002d10   0x08002d10   0x000000ae   Code   RO          170    .text.MX_TIM9_Init  tim.o
    0x08002dbe   0x08002dbe   0x00000002   PAD
    0x08002dc0   0x08002dc0   0x00000038   Code   RO          197    .text.MX_USART1_UART_Init  usart.o
    0x08002df8   0x08002df8   0x00000002   Code   RO          228    .text.MemManage_Handler  stm32f4xx_it.o
    0x08002dfa   0x08002dfa   0x00000002   PAD
    0x08002dfc   0x08002dfc   0x00000002   Code   RO          224    .text.NMI_Handler   stm32f4xx_it.o
    0x08002dfe   0x08002dfe   0x00000002   PAD
    0x08002e00   0x08002e00   0x0000002c   Code   RO          701    .text.NVIC_EncodePriority  stm32f4xx_hal_cortex.o
    0x08002e2c   0x08002e2c   0x00000014   Code   RO           31    .text.OLED_Clear    oled.o
    0x08002e40   0x08002e40   0x00000070   Code   RO           45    .text.OLED_ClearArea  oled.o
    0x08002eb0   0x08002eb0   0x00000022   Code   RO           21    .text.OLED_GPIO_Init  oled.o
    0x08002ed2   0x08002ed2   0x00000002   PAD
    0x08002ed4   0x08002ed4   0x0000009a   Code   RO           29    .text.OLED_Init     oled.o
    0x08002f6e   0x08002f6e   0x00000002   PAD
    0x08002f70   0x08002f70   0x00000016   Code   RO           37    .text.OLED_Pow      oled.o
    0x08002f86   0x08002f86   0x00000002   PAD
    0x08002f88   0x08002f88   0x00000028   Code   RO           23    .text.OLED_SPI_SendByte  oled.o
    0x08002fb0   0x08002fb0   0x0000001e   Code   RO           35    .text.OLED_SetCursor  oled.o
    0x08002fce   0x08002fce   0x00000002   PAD
    0x08002fd0   0x08002fd0   0x00000050   Code   RO           51    .text.OLED_ShowChar  oled.o
    0x08003020   0x08003020   0x00000108   Code   RO           65    .text.OLED_ShowFloatNum  oled.o
    0x08003128   0x08003128   0x000000ce   Code   RO           53    .text.OLED_ShowImage  oled.o
    0x080031f6   0x080031f6   0x00000002   PAD
    0x080031f8   0x080031f8   0x00000058   Code   RO           57    .text.OLED_ShowNum  oled.o
    0x08003250   0x08003250   0x000000d2   Code   RO           55    .text.OLED_ShowString  oled.o
    0x08003322   0x08003322   0x00000002   PAD
    0x08003324   0x08003324   0x00000028   Code   RO           33    .text.OLED_Update   oled.o
    0x0800334c   0x0800334c   0x00000016   Code   RO           19    .text.OLED_W_CS     oled.o
    0x08003362   0x08003362   0x00000002   PAD
    0x08003364   0x08003364   0x00000016   Code   RO           11    .text.OLED_W_D0     oled.o
    0x0800337a   0x0800337a   0x00000002   PAD
    0x0800337c   0x0800337c   0x00000016   Code   RO           13    .text.OLED_W_D1     oled.o
    0x08003392   0x08003392   0x00000002   PAD
    0x08003394   0x08003394   0x00000016   Code   RO           17    .text.OLED_W_DC     oled.o
    0x080033aa   0x080033aa   0x00000002   PAD
    0x080033ac   0x080033ac   0x00000016   Code   RO           15    .text.OLED_W_RES    oled.o
    0x080033c2   0x080033c2   0x00000002   PAD
    0x080033c4   0x080033c4   0x0000001e   Code   RO           25    .text.OLED_WriteCommand  oled.o
    0x080033e2   0x080033e2   0x00000002   PAD
    0x080033e4   0x080033e4   0x0000002c   Code   RO           27    .text.OLED_WriteData  oled.o
    0x08003410   0x08003410   0x000000c0   Code   RO          104    .text.PID_Compute   main.o
    0x080034d0   0x080034d0   0x0000002e   Code   RO          102    .text.PID_Init      main.o
    0x080034fe   0x080034fe   0x00000002   PAD
    0x08003500   0x08003500   0x00000002   Code   RO          238    .text.PendSV_Handler  stm32f4xx_it.o
    0x08003502   0x08003502   0x00000002   PAD
    0x08003504   0x08003504   0x00000012   Code   RO          291    .text.RTC_Bcd2ToByte  stm32f4xx_hal_rtc.o
    0x08003516   0x08003516   0x00000002   PAD
    0x08003518   0x08003518   0x0000002e   Code   RO          287    .text.RTC_ByteToBcd2  stm32f4xx_hal_rtc.o
    0x08003546   0x08003546   0x00000002   PAD
    0x08003548   0x08003548   0x00000054   Code   RO          277    .text.RTC_EnterInitMode  stm32f4xx_hal_rtc.o
    0x0800359c   0x0800359c   0x00000028   Code   RO          279    .text.RTC_ExitInitMode  stm32f4xx_hal_rtc.o
    0x080035c4   0x080035c4   0x00000010   Code   RO          242    .text.RTC_WKUP_IRQHandler  stm32f4xx_it.o
    0x080035d4   0x080035d4   0x00000002   Code   RO          234    .text.SVC_Handler   stm32f4xx_it.o
    0x080035d6   0x080035d6   0x00000002   PAD
    0x080035d8   0x080035d8   0x0000002e   Code   RO          717    .text.SysTick_Config  stm32f4xx_hal_cortex.o
    0x08003606   0x08003606   0x00000002   PAD
    0x08003608   0x08003608   0x00000008   Code   RO          240    .text.SysTick_Handler  stm32f4xx_it.o
    0x08003610   0x08003610   0x000000a4   Code   RO          112    .text.SystemClock_Config  main.o
    0x080036b4   0x080036b4   0x00000012   Code   RO         1330    .text.SystemInit    system_stm32f4xx.o
    0x080036c6   0x080036c6   0x00000002   PAD
    0x080036c8   0x080036c8   0x0000001c   Code   RO          246    .text.TIM1_BRK_TIM9_IRQHandler  stm32f4xx_it.o
    0x080036e4   0x080036e4   0x0000001c   Code   RO          250    .text.TIM1_TRG_COM_TIM11_IRQHandler  stm32f4xx_it.o
    0x08003700   0x08003700   0x00000010   Code   RO          248    .text.TIM1_UP_TIM10_IRQHandler  stm32f4xx_it.o
    0x08003710   0x08003710   0x00000010   Code   RO          252    .text.TIM2_IRQHandler  stm32f4xx_it.o
    0x08003720   0x08003720   0x00000010   Code   RO          254    .text.TIM3_IRQHandler  stm32f4xx_it.o
    0x08003730   0x08003730   0x00000134   Code   RO          864    .text.TIM_Base_SetConfig  stm32f4xx_hal_tim.o
    0x08003864   0x08003864   0x00000024   Code   RO          898    .text.TIM_CCxChannelCmd  stm32f4xx_hal_tim.o
    0x08003888   0x08003888   0x00000016   Code   RO         1050    .text.TIM_ETR_SetConfig  stm32f4xx_hal_tim.o
    0x0800389e   0x0800389e   0x00000002   PAD
    0x080038a0   0x080038a0   0x00000010   Code   RO         1056    .text.TIM_ITRx_SetConfig  stm32f4xx_hal_tim.o
    0x080038b0   0x080038b0   0x00000064   Code   RO         1008    .text.TIM_OC1_SetConfig  stm32f4xx_hal_tim.o
    0x08003914   0x08003914   0x0000006a   Code   RO         1010    .text.TIM_OC2_SetConfig  stm32f4xx_hal_tim.o
    0x0800397e   0x0800397e   0x00000002   PAD
    0x08003980   0x08003980   0x00000068   Code   RO         1012    .text.TIM_OC3_SetConfig  stm32f4xx_hal_tim.o
    0x080039e8   0x080039e8   0x0000004e   Code   RO         1014    .text.TIM_OC4_SetConfig  stm32f4xx_hal_tim.o
    0x08003a36   0x08003a36   0x00000002   PAD
    0x08003a38   0x08003a38   0x00000022   Code   RO         1054    .text.TIM_TI1_ConfigInputStage  stm32f4xx_hal_tim.o
    0x08003a5a   0x08003a5a   0x00000002   PAD
    0x08003a5c   0x08003a5c   0x00000024   Code   RO         1058    .text.TIM_TI2_ConfigInputStage  stm32f4xx_hal_tim.o
    0x08003a80   0x08003a80   0x00000010   Code   RO         1286    .text.UART_DMAAbortOnError  stm32f4xx_hal_uart.o
    0x08003a90   0x08003a90   0x00000050   Code   RO         1246    .text.UART_EndRxTransfer  stm32f4xx_hal_uart.o
    0x08003ae0   0x08003ae0   0x00000018   Code   RO         1294    .text.UART_EndTransmit_IT  stm32f4xx_hal_uart.o
    0x08003af8   0x08003af8   0x000000c8   Code   RO         1284    .text.UART_Receive_IT  stm32f4xx_hal_uart.o
    0x08003bc0   0x08003bc0   0x000000dc   Code   RO         1202    .text.UART_SetConfig  stm32f4xx_hal_uart.o
    0x08003c9c   0x08003c9c   0x00000034   Code   RO         1224    .text.UART_Start_Receive_IT  stm32f4xx_hal_uart.o
    0x08003cd0   0x08003cd0   0x00000052   Code   RO         1292    .text.UART_Transmit_IT  stm32f4xx_hal_uart.o
    0x08003d22   0x08003d22   0x00000002   PAD
    0x08003d24   0x08003d24   0x00000018   Code   RO          256    .text.USART1_IRQHandler  stm32f4xx_it.o
    0x08003d3c   0x08003d3c   0x00000002   Code   RO          232    .text.UsageFault_Handler  stm32f4xx_it.o
    0x08003d3e   0x08003d3e   0x00000002   PAD
    0x08003d40   0x08003d40   0x00000020   Code   RO          705    .text.__NVIC_EnableIRQ  stm32f4xx_hal_cortex.o
    0x08003d60   0x08003d60   0x00000010   Code   RO          697    .text.__NVIC_GetPriorityGrouping  stm32f4xx_hal_cortex.o
    0x08003d70   0x08003d70   0x00000022   Code   RO          699    .text.__NVIC_SetPriority  stm32f4xx_hal_cortex.o
    0x08003d92   0x08003d92   0x00000002   PAD
    0x08003d94   0x08003d94   0x00000020   Code   RO          693    .text.__NVIC_SetPriorityGrouping  stm32f4xx_hal_cortex.o
    0x08003db4   0x08003db4   0x000001dc   Code   RO          110    .text.main          main.o
    0x08003f90   0x08003f90   0x0000005a   Code   RO          205    .text.on_UART_IDLE  usart.o
    0x08003fea   0x08003fea   0x00000002   PAD
    0x08003fec   0x08003fec   0x00000030   Code   RO          203    .text.updateRTCTime  usart.o
    0x0800401c   0x0800401c   0x00000004   PAD
    0x08004020   0x08004020   0x000000e0   Code   RO         1394    i.__hardfp_round    m_wm.l(round.o)
    0x08004100   0x08004100   0x00000062   Code   RO         1356    x$fpl$d2f           fz_wm.l(d2f.o)
    0x08004162   0x08004162   0x00000002   PAD
    0x08004164   0x08004164   0x00000150   Code   RO         1358    x$fpl$dadd          fz_wm.l(daddsub_clz.o)
    0x080042b4   0x080042b4   0x00000018   Code   RO         1595    x$fpl$dcmpinf       fz_wm.l(dcmpi.o)
    0x080042cc   0x080042cc   0x00000078   Code   RO         1498    x$fpl$deqf          fz_wm.l(deqf.o)
    0x08004344   0x08004344   0x0000005a   Code   RO         1374    x$fpl$dfixu         fz_wm.l(dfixu.o)
    0x0800439e   0x0800439e   0x0000002e   Code   RO         1379    x$fpl$dflt          fz_wm.l(dflt_clz.o)
    0x080043cc   0x080043cc   0x00000026   Code   RO         1378    x$fpl$dfltu         fz_wm.l(dflt_clz.o)
    0x080043f2   0x080043f2   0x00000002   PAD
    0x080043f4   0x080043f4   0x00000078   Code   RO         1500    x$fpl$dgeqf         fz_wm.l(dgeqf.o)
    0x0800446c   0x0800446c   0x00000078   Code   RO         1502    x$fpl$dleqf         fz_wm.l(dleqf.o)
    0x080044e4   0x080044e4   0x00000154   Code   RO         1384    x$fpl$dmul          fz_wm.l(dmul.o)
    0x08004638   0x08004638   0x0000009c   Code   RO         1504    x$fpl$dnaninf       fz_wm.l(dnaninf.o)
    0x080046d4   0x080046d4   0x0000000c   Code   RO         1506    x$fpl$dretinf       fz_wm.l(dretinf.o)
    0x080046e0   0x080046e0   0x0000006c   Code   RO         1508    x$fpl$drleqf        fz_wm.l(drleqf.o)
    0x0800474c   0x0800474c   0x000000b4   Code   RO         1510    x$fpl$drnd          fz_wm.l(drnd.o)
    0x08004800   0x08004800   0x000001dc   Code   RO         1360    x$fpl$dsub          fz_wm.l(daddsub_clz.o)
    0x080049dc   0x080049dc   0x00000056   Code   RO         1386    x$fpl$f2d           fz_wm.l(f2d.o)
    0x08004a32   0x08004a32   0x00000054   Code   RO         1364    x$fpl$fcmp          fz_wm.l(dcmp.o)
    0x08004a86   0x08004a86   0x0000008c   Code   RO         1512    x$fpl$fnaninf       fz_wm.l(fnaninf.o)
    0x08004b12   0x08004b12   0x0000001a   Code   RO         1738    x$fpl$fpinit        fz_wm.l(fpinit.o)
    0x08004b2c   0x08004b2c   0x0000000a   Code   RO         1514    x$fpl$fretinf       fz_wm.l(fretinf.o)
    0x08004b36   0x08004b36   0x00000000   Code   RO         1524    x$fpl$usenofp       fz_wm.l(usenofp.o)
    0x08004b36   0x08004b36   0x00000010   Data   RO         1335    .rodata.AHBPrescTable  system_stm32f4xx.o
    0x08004b46   0x08004b46   0x00000008   Data   RO         1336    .rodata.APBPrescTable  system_stm32f4xx.o
    0x08004b4e   0x08004b4e   0x0000023a   Data   RO           95    .rodata.OLED_F6x8   oled_data.o
    0x08004d88   0x08004d88   0x000005f0   Data   RO           94    .rodata.OLED_F8x16  oled_data.o
    0x08005378   0x08005378   0x00000020   Data   RO         1799    Region$$Table       anon$$obj.o


    Execution Region RW_IRAM1 (Exec base: 0x20000000, Load base: 0x08005398, Size: 0x00000cf8, Max: 0x0001c000, ABSOLUTE)

    Exec Addr    Load Addr    Size         Type   Attr      Idx    E Section Name        Object

    0x20000000   0x08005398   0x00000004   Data   RW         1334    .data.SystemCoreClock  system_stm32f4xx.o
    0x20000004   0x0800539c   0x0000000a   Data   RW          211    .data.proBuffer     usart.o
    0x2000000e   0x080053a6   0x00000002   PAD
    0x20000010   0x080053a8   0x00000004   Data   RW          119    .data.pwm_max       main.o
    0x20000014   0x080053ac   0x0000000a   Data   RW          212    .data.rxBuffer      usart.o
    0x2000001e   0x080053b6   0x00000001   Data   RW          824    .data.uwTickFreq    stm32f4xx_hal.o
    0x2000001f   0x080053b7   0x00000001   PAD
    0x20000020   0x080053b8   0x00000004   Data   RW          823    .data.uwTickPrio    stm32f4xx_hal.o
    0x20000024   0x080053bc   0x00000004   PAD
    0x20000028        -       0x00000060   Zero   RW         1602    .bss                c_w.l(libspace.o)
    0x20000088        -       0x00000004   Zero   RW          124    .bss.Kc             main.o
    0x2000008c        -       0x00000400   Zero   RW           85    .bss.OLED_DisplayBuf  oled.o
    0x2000048c        -       0x00000004   Zero   RW          125    .bss.correct        main.o
    0x20000490        -       0x00000008   Zero   RW          122    .bss.current_total  main.o
    0x20000498        -       0x00000008   Zero   RW          129    .bss.duty           main.o
    0x200004a0        -       0x00000020   Zero   RW          155    .bss.hrtc           rtc.o
    0x200004c0        -       0x00000048   Zero   RW          184    .bss.htim1          tim.o
    0x20000508        -       0x00000048   Zero   RW          188    .bss.htim11         tim.o
    0x20000550        -       0x00000048   Zero   RW          185    .bss.htim2          tim.o
    0x20000598        -       0x00000048   Zero   RW          186    .bss.htim3          tim.o
    0x200005e0        -       0x00000048   Zero   RW          187    .bss.htim9          tim.o
    0x20000628        -       0x00000048   Zero   RW          215    .bss.huart1         usart.o
    0x20000670        -       0x00000001   Zero   RW          214    .bss.isUploadTime   usart.o
    0x20000671   0x080053bc   0x00000003   PAD
    0x20000674        -       0x00000004   Zero   RW          118    .bss.last_key_time  main.o
    0x20000678        -       0x00000024   Zero   RW          126    .bss.left_motor_pid  main.o
    0x2000069c        -       0x00000005   Zero   RW          130    .bss.out_buffer     main.o
    0x200006a1   0x080053bc   0x00000003   PAD
    0x200006a4        -       0x00000008   Zero   RW          117    .bss.pre_rpm        main.o
    0x200006ac        -       0x00000008   Zero   RW          123    .bss.pre_total      main.o
    0x200006b4        -       0x00000024   Zero   RW          128    .bss.right_motor_pid  main.o
    0x200006d8        -       0x00000008   Zero   RW          116    .bss.rpm            main.o
    0x200006e0        -       0x00000001   Zero   RW          213    .bss.rxCompleted    usart.o
    0x200006e1   0x080053bc   0x00000003   PAD
    0x200006e4        -       0x00000004   Zero   RW          120    .bss.speed_time     main.o
    0x200006e8        -       0x00000004   Zero   RW          121    .bss.straight_error  main.o
    0x200006ec        -       0x00000008   Zero   RW          127    .bss.target_rpm     main.o
    0x200006f4        -       0x00000004   Zero   RW          825    .bss.uwTick         stm32f4xx_hal.o
    0x200006f8        -       0x00000200   Zero   RW            2    HEAP                startup_stm32f407xx.o
    0x200008f8        -       0x00000400   Zero   RW            1    STACK               startup_stm32f407xx.o


    Execution Region RW_IRAM2 (Exec base: 0x2001c000, Load base: 0x080053c0, Size: 0x00000000, Max: 0x00004000, ABSOLUTE)

    **** No section assigned to this execution region ****


==============================================================================

Image component sizes


      Code (inc. data)   RO Data    RW Data    ZI Data      Debug   Object Name

       398          0          0          0          0       4115   gpio.o
      2248        144          0          4        145       9579   main.o
      1484          8          0          0       1024      19392   oled.o
         0          0       2090          0          0        586   oled_data.o
       252          0          0          0         32       5252   rtc.o
        64         26        392          0       1536        828   startup_stm32f407xx.o
       172          0          0          5          4       7301   stm32f4xx_hal.o
       258          0          0          0          0      10973   stm32f4xx_hal_cortex.o
       164          0          0          0          0       9243   stm32f4xx_hal_dma.o
       472          0          0          0          0       5172   stm32f4xx_hal_gpio.o
        64          0          0          0          0       1442   stm32f4xx_hal_msp.o
      1376          0          0          0          0       7253   stm32f4xx_hal_rcc.o
       326          0          0          0          0       4346   stm32f4xx_hal_rcc_ex.o
       866          0          0          0          0      11439   stm32f4xx_hal_rtc.o
       272          0          0          0          0      13488   stm32f4xx_hal_rtc_ex.o
      2512          4          0          0          0      44518   stm32f4xx_hal_tim.o
       188          0          0          0          0      19142   stm32f4xx_hal_tim_ex.o
      1452          0          0          0          0      24564   stm32f4xx_hal_uart.o
       192          0          0          0          0       2053   stm32f4xx_it.o
        18          0         24          4          0       2599   system_stm32f4xx.o
      1230          0          0          0        360       9930   tim.o
      1262         24          0         20         74       9878   usart.o

    ----------------------------------------------------------------------
     15424        206       2538         36       3188     223093   Object Totals
         0          0         32          0          0          0   (incl. Generated)
       154          0          0          3         13          0   (incl. Padding)

    ----------------------------------------------------------------------

      Code (inc. data)   RO Data    RW Data    ZI Data      Debug   Library Member Name

         8          0          0          0          0         68   __main.o
         0          0          0          0          0          0   __rtentry.o
        12          0          0          0          0          0   __rtentry2.o
         6          0          0          0          0          0   __rtentry4.o
        52          8          0          0          0          0   __scatter.o
        26          0          0          0          0          0   __scatter_copy.o
        28          0          0          0          0          0   __scatter_zi.o
        18          0          0          0          0         80   exit.o
         6          0          0          0          0        152   heapauxi.o
         0          0          0          0          0          0   indicate_semi.o
         2          0          0          0          0          0   libinit.o
         6          0          0          0          0          0   libinit2.o
         2          0          0          0          0          0   libshutdown.o
         2          0          0          0          0          0   libshutdown2.o
         8          4          0          0         96         68   libspace.o
       240          0          0          0          0        100   lludivv7m.o
        78          0          0          0          0         80   rt_memclr_w.o
         2          0          0          0          0          0   rtexit.o
        10          0          0          0          0          0   rtexit2.o
        12          4          0          0          0         68   sys_exit.o
        74          0          0          0          0         80   sys_stackheap_outer.o
         2          0          0          0          0         68   use_no_semi.o
        98          4          0          0          0        140   d2f.o
       812         16          0          0          0        392   daddsub_clz.o
        84          0          0          0          0        244   dcmp.o
        24          0          0          0          0        116   dcmpi.o
       120          4          0          0          0        140   deqf.o
        90          4          0          0          0        140   dfixu.o
        84          0          0          0          0        232   dflt_clz.o
       120          4          0          0          0        140   dgeqf.o
       120          4          0          0          0        140   dleqf.o
       340         12          0          0          0        152   dmul.o
       156          4          0          0          0        140   dnaninf.o
        12          0          0          0          0        116   dretinf.o
       108          0          0          0          0        128   drleqf.o
       180          4          0          0          0        128   drnd.o
        86          4          0          0          0        132   f2d.o
       140          4          0          0          0        132   fnaninf.o
        26          0          0          0          0        116   fpinit.o
        10          0          0          0          0        116   fretinf.o
         0          0          0          0          0          0   usenofp.o
       224         30          0          0          0        172   round.o

    ----------------------------------------------------------------------
      3438        110          0          0         96       3780   Library Totals
        10          0          0          0          0          0   (incl. Padding)

    ----------------------------------------------------------------------

      Code (inc. data)   RO Data    RW Data    ZI Data      Debug   Library Name

       594         16          0          0         96        764   c_w.l
      2610         64          0          0          0       2844   fz_wm.l
       224         30          0          0          0        172   m_wm.l

    ----------------------------------------------------------------------
      3438        110          0          0         96       3780   Library Totals

    ----------------------------------------------------------------------

==============================================================================


      Code (inc. data)   RO Data    RW Data    ZI Data      Debug   

     18862        316       2538         36       3284     224409   Grand Totals
     18862        316       2538         36       3284     224409   ELF Image Totals
     18862        316       2538         36          0          0   ROM Totals

==============================================================================

    Total RO  Size (Code + RO Data)                21400 (  20.90kB)
    Total RW  Size (RW Data + ZI Data)              3320 (   3.24kB)
    Total ROM Size (Code + RO Data + RW Data)      21436 (  20.93kB)

==============================================================================

