<?xml version="1.0" encoding="ISO-8859-1" ?>
<link_info>
   <banner>TI ARM Clang Linker PC v4.0.2.LTS</banner>
   <copyright>Copyright (c) 1996-2018 Texas Instruments Incorporated</copyright>
   <command_line>E:\M0CCS\CCS\ccs\tools\compiler\ti-cgt-armllvm_4.0.2.LTS\bin\tiarmlnk -IE:\M0CCS\CCS\ccs\tools\compiler\ti-cgt-armllvm_4.0.2.LTS\lib -o car_driver_mspm0.out -mcar_driver_mspm0.map -iE:/M0CCS/CCS/mspm0_sdk_2_05_01_00/source -iC:/Users/HuYiFei/Desktop/cocode/EDC_Control/car_driver_mspm0/car_driver_mspm0/Debug/syscfg -iE:/M0CCS/CCS/ccs/tools/compiler/ti-cgt-armllvm_4.0.2.LTS/lib --diag_wrap=off --display_error_number --warn_sections --xml_link_info=car_driver_mspm0_linkInfo.xml --rom_model ./syscfg/ti_msp_dl_config.o ./syscfg/boot_config.o ./startup_mspm0g350x_ticlang.o ./main.o ./car_bsp/ADC.o ./car_bsp/Buzzer.o ./car_bsp/No_Mcu_Ganv_Grayscale_Sensor.o ./car_bsp/PID.o ./car_bsp/draw.o ./car_bsp/key.o ./car_bsp/key1.o ./car_bsp/laser_tracker.o ./car_bsp/motor.o ./car_bsp/rgb.o ./car_bsp/sensor.o ./car_bsp/servo_protocol.o ./car_bsp/usart.o ./car_bsp/usb_uart0.o ./car_bsp/vcc_adc.o ./car_bsp/Grayscale_Sensor/IIC.o ./car_bsp/Grayscale_Sensor/hardware_iic.o ./car_bsp/ICM45686/ICM45686/inv_imu_driver.o ./car_bsp/ICM45686/ICM45686/inv_imu_transport.o ./car_bsp/ICM45686/IMU/IMU.o ./car_bsp/ICM45686/basic_read_reg.o ./car_bsp/ICM45686/timer_100us.o ./car_bsp/OLED/oled.o -lsyscfg/device_linker.cmd -ldevice.cmd.genlibs -llibc.a --start-group -llibc++.a -llibc++abi.a -llibc.a -llibsys.a -llibsysbm.a -llibclang_rt.builtins.a -llibclang_rt.profile.a --end-group --cg_opt_level=0</command_line>
   <link_time>0x688a0903</link_time>
   <link_errors>0x0</link_errors>
   <output_file>C:\Users\HuYiFei\Desktop\cocode\EDC_Control\car_driver_mspm0\car_driver_mspm0\Debug\car_driver_mspm0.out</output_file>
   <entry_point>
      <name>_c_int00_noargs</name>
      <address>0x96dd</address>
   </entry_point>
   <input_file_list>
      <input_file id="fl-1">
         <path>C:\Users\HuYiFei\Desktop\cocode\EDC_Control\car_driver_mspm0\car_driver_mspm0\Debug\.\syscfg\</path>
         <kind>object</kind>
         <file>ti_msp_dl_config.o</file>
         <name>ti_msp_dl_config.o</name>
      </input_file>
      <input_file id="fl-2">
         <path>C:\Users\HuYiFei\Desktop\cocode\EDC_Control\car_driver_mspm0\car_driver_mspm0\Debug\.\syscfg\</path>
         <kind>object</kind>
         <file>boot_config.o</file>
         <name>boot_config.o</name>
      </input_file>
      <input_file id="fl-3">
         <path>C:\Users\HuYiFei\Desktop\cocode\EDC_Control\car_driver_mspm0\car_driver_mspm0\Debug\.\</path>
         <kind>object</kind>
         <file>startup_mspm0g350x_ticlang.o</file>
         <name>startup_mspm0g350x_ticlang.o</name>
      </input_file>
      <input_file id="fl-4">
         <path>C:\Users\HuYiFei\Desktop\cocode\EDC_Control\car_driver_mspm0\car_driver_mspm0\Debug\.\</path>
         <kind>object</kind>
         <file>main.o</file>
         <name>main.o</name>
      </input_file>
      <input_file id="fl-5">
         <path>C:\Users\HuYiFei\Desktop\cocode\EDC_Control\car_driver_mspm0\car_driver_mspm0\Debug\.\car_bsp\</path>
         <kind>object</kind>
         <file>ADC.o</file>
         <name>ADC.o</name>
      </input_file>
      <input_file id="fl-6">
         <path>C:\Users\HuYiFei\Desktop\cocode\EDC_Control\car_driver_mspm0\car_driver_mspm0\Debug\.\car_bsp\</path>
         <kind>object</kind>
         <file>Buzzer.o</file>
         <name>Buzzer.o</name>
      </input_file>
      <input_file id="fl-7">
         <path>C:\Users\HuYiFei\Desktop\cocode\EDC_Control\car_driver_mspm0\car_driver_mspm0\Debug\.\car_bsp\</path>
         <kind>object</kind>
         <file>No_Mcu_Ganv_Grayscale_Sensor.o</file>
         <name>No_Mcu_Ganv_Grayscale_Sensor.o</name>
      </input_file>
      <input_file id="fl-8">
         <path>C:\Users\HuYiFei\Desktop\cocode\EDC_Control\car_driver_mspm0\car_driver_mspm0\Debug\.\car_bsp\</path>
         <kind>object</kind>
         <file>PID.o</file>
         <name>PID.o</name>
      </input_file>
      <input_file id="fl-9">
         <path>C:\Users\HuYiFei\Desktop\cocode\EDC_Control\car_driver_mspm0\car_driver_mspm0\Debug\.\car_bsp\</path>
         <kind>object</kind>
         <file>draw.o</file>
         <name>draw.o</name>
      </input_file>
      <input_file id="fl-a">
         <path>C:\Users\HuYiFei\Desktop\cocode\EDC_Control\car_driver_mspm0\car_driver_mspm0\Debug\.\car_bsp\</path>
         <kind>object</kind>
         <file>key.o</file>
         <name>key.o</name>
      </input_file>
      <input_file id="fl-b">
         <path>C:\Users\HuYiFei\Desktop\cocode\EDC_Control\car_driver_mspm0\car_driver_mspm0\Debug\.\car_bsp\</path>
         <kind>object</kind>
         <file>key1.o</file>
         <name>key1.o</name>
      </input_file>
      <input_file id="fl-c">
         <path>C:\Users\HuYiFei\Desktop\cocode\EDC_Control\car_driver_mspm0\car_driver_mspm0\Debug\.\car_bsp\</path>
         <kind>object</kind>
         <file>laser_tracker.o</file>
         <name>laser_tracker.o</name>
      </input_file>
      <input_file id="fl-d">
         <path>C:\Users\HuYiFei\Desktop\cocode\EDC_Control\car_driver_mspm0\car_driver_mspm0\Debug\.\car_bsp\</path>
         <kind>object</kind>
         <file>motor.o</file>
         <name>motor.o</name>
      </input_file>
      <input_file id="fl-e">
         <path>C:\Users\HuYiFei\Desktop\cocode\EDC_Control\car_driver_mspm0\car_driver_mspm0\Debug\.\car_bsp\</path>
         <kind>object</kind>
         <file>rgb.o</file>
         <name>rgb.o</name>
      </input_file>
      <input_file id="fl-f">
         <path>C:\Users\HuYiFei\Desktop\cocode\EDC_Control\car_driver_mspm0\car_driver_mspm0\Debug\.\car_bsp\</path>
         <kind>object</kind>
         <file>sensor.o</file>
         <name>sensor.o</name>
      </input_file>
      <input_file id="fl-10">
         <path>C:\Users\HuYiFei\Desktop\cocode\EDC_Control\car_driver_mspm0\car_driver_mspm0\Debug\.\car_bsp\</path>
         <kind>object</kind>
         <file>servo_protocol.o</file>
         <name>servo_protocol.o</name>
      </input_file>
      <input_file id="fl-11">
         <path>C:\Users\HuYiFei\Desktop\cocode\EDC_Control\car_driver_mspm0\car_driver_mspm0\Debug\.\car_bsp\</path>
         <kind>object</kind>
         <file>usart.o</file>
         <name>usart.o</name>
      </input_file>
      <input_file id="fl-12">
         <path>C:\Users\HuYiFei\Desktop\cocode\EDC_Control\car_driver_mspm0\car_driver_mspm0\Debug\.\car_bsp\</path>
         <kind>object</kind>
         <file>usb_uart0.o</file>
         <name>usb_uart0.o</name>
      </input_file>
      <input_file id="fl-13">
         <path>C:\Users\HuYiFei\Desktop\cocode\EDC_Control\car_driver_mspm0\car_driver_mspm0\Debug\.\car_bsp\</path>
         <kind>object</kind>
         <file>vcc_adc.o</file>
         <name>vcc_adc.o</name>
      </input_file>
      <input_file id="fl-14">
         <path>C:\Users\HuYiFei\Desktop\cocode\EDC_Control\car_driver_mspm0\car_driver_mspm0\Debug\.\car_bsp\Grayscale_Sensor\</path>
         <kind>object</kind>
         <file>IIC.o</file>
         <name>IIC.o</name>
      </input_file>
      <input_file id="fl-15">
         <path>C:\Users\HuYiFei\Desktop\cocode\EDC_Control\car_driver_mspm0\car_driver_mspm0\Debug\.\car_bsp\Grayscale_Sensor\</path>
         <kind>object</kind>
         <file>hardware_iic.o</file>
         <name>hardware_iic.o</name>
      </input_file>
      <input_file id="fl-16">
         <path>C:\Users\HuYiFei\Desktop\cocode\EDC_Control\car_driver_mspm0\car_driver_mspm0\Debug\.\car_bsp\ICM45686\ICM45686\</path>
         <kind>object</kind>
         <file>inv_imu_driver.o</file>
         <name>inv_imu_driver.o</name>
      </input_file>
      <input_file id="fl-17">
         <path>C:\Users\HuYiFei\Desktop\cocode\EDC_Control\car_driver_mspm0\car_driver_mspm0\Debug\.\car_bsp\ICM45686\ICM45686\</path>
         <kind>object</kind>
         <file>inv_imu_transport.o</file>
         <name>inv_imu_transport.o</name>
      </input_file>
      <input_file id="fl-18">
         <path>C:\Users\HuYiFei\Desktop\cocode\EDC_Control\car_driver_mspm0\car_driver_mspm0\Debug\.\car_bsp\ICM45686\IMU\</path>
         <kind>object</kind>
         <file>IMU.o</file>
         <name>IMU.o</name>
      </input_file>
      <input_file id="fl-19">
         <path>C:\Users\HuYiFei\Desktop\cocode\EDC_Control\car_driver_mspm0\car_driver_mspm0\Debug\.\car_bsp\ICM45686\</path>
         <kind>object</kind>
         <file>basic_read_reg.o</file>
         <name>basic_read_reg.o</name>
      </input_file>
      <input_file id="fl-1a">
         <path>C:\Users\HuYiFei\Desktop\cocode\EDC_Control\car_driver_mspm0\car_driver_mspm0\Debug\.\car_bsp\ICM45686\</path>
         <kind>object</kind>
         <file>timer_100us.o</file>
         <name>timer_100us.o</name>
      </input_file>
      <input_file id="fl-1b">
         <path>C:\Users\HuYiFei\Desktop\cocode\EDC_Control\car_driver_mspm0\car_driver_mspm0\Debug\.\car_bsp\OLED\</path>
         <kind>object</kind>
         <file>oled.o</file>
         <name>oled.o</name>
      </input_file>
      <input_file id="fl-29">
         <path>C:\Users\HuYiFei\Desktop\cocode\EDC_Control\car_driver_mspm0\car_driver_mspm0\Debug\</path>
         <kind>object</kind>
         <file>&lt;internal&gt;</file>
         <name>&lt;internal&gt;</name>
      </input_file>
      <input_file id="fl-2a">
         <path>E:\M0CCS\CCS\mspm0_sdk_2_05_01_00\source\ti\driverlib\lib\ticlang\m0p\mspm0g1x0x_g3x0x\</path>
         <kind>archive</kind>
         <file>driverlib.a</file>
         <name>dl_adc12.o</name>
      </input_file>
      <input_file id="fl-2b">
         <path>E:\M0CCS\CCS\mspm0_sdk_2_05_01_00\source\ti\driverlib\lib\ticlang\m0p\mspm0g1x0x_g3x0x\</path>
         <kind>archive</kind>
         <file>driverlib.a</file>
         <name>dl_common.o</name>
      </input_file>
      <input_file id="fl-2c">
         <path>E:\M0CCS\CCS\mspm0_sdk_2_05_01_00\source\ti\driverlib\lib\ticlang\m0p\mspm0g1x0x_g3x0x\</path>
         <kind>archive</kind>
         <file>driverlib.a</file>
         <name>dl_i2c.o</name>
      </input_file>
      <input_file id="fl-2d">
         <path>E:\M0CCS\CCS\mspm0_sdk_2_05_01_00\source\ti\driverlib\lib\ticlang\m0p\mspm0g1x0x_g3x0x\</path>
         <kind>archive</kind>
         <file>driverlib.a</file>
         <name>dl_spi.o</name>
      </input_file>
      <input_file id="fl-2e">
         <path>E:\M0CCS\CCS\mspm0_sdk_2_05_01_00\source\ti\driverlib\lib\ticlang\m0p\mspm0g1x0x_g3x0x\</path>
         <kind>archive</kind>
         <file>driverlib.a</file>
         <name>dl_timer.o</name>
      </input_file>
      <input_file id="fl-2f">
         <path>E:\M0CCS\CCS\mspm0_sdk_2_05_01_00\source\ti\driverlib\lib\ticlang\m0p\mspm0g1x0x_g3x0x\</path>
         <kind>archive</kind>
         <file>driverlib.a</file>
         <name>dl_uart.o</name>
      </input_file>
      <input_file id="fl-46">
         <path>E:\M0CCS\CCS\ccs\tools\compiler\ti-cgt-armllvm_4.0.2.LTS\lib\armv6m-ti-none-eabi\c\</path>
         <kind>archive</kind>
         <file>libc.a</file>
         <name>e_asin.c.obj</name>
      </input_file>
      <input_file id="fl-47">
         <path>E:\M0CCS\CCS\ccs\tools\compiler\ti-cgt-armllvm_4.0.2.LTS\lib\armv6m-ti-none-eabi\c\</path>
         <kind>archive</kind>
         <file>libc.a</file>
         <name>e_atan2.c.obj</name>
      </input_file>
      <input_file id="fl-48">
         <path>E:\M0CCS\CCS\ccs\tools\compiler\ti-cgt-armllvm_4.0.2.LTS\lib\armv6m-ti-none-eabi\c\</path>
         <kind>archive</kind>
         <file>libc.a</file>
         <name>e_sqrt.c.obj</name>
      </input_file>
      <input_file id="fl-49">
         <path>E:\M0CCS\CCS\ccs\tools\compiler\ti-cgt-armllvm_4.0.2.LTS\lib\armv6m-ti-none-eabi\c\</path>
         <kind>archive</kind>
         <file>libc.a</file>
         <name>s_atan.c.obj</name>
      </input_file>
      <input_file id="fl-4a">
         <path>E:\M0CCS\CCS\ccs\tools\compiler\ti-cgt-armllvm_4.0.2.LTS\lib\armv6m-ti-none-eabi\c\</path>
         <kind>archive</kind>
         <file>libc.a</file>
         <name>printf.c.obj</name>
      </input_file>
      <input_file id="fl-4b">
         <path>E:\M0CCS\CCS\ccs\tools\compiler\ti-cgt-armllvm_4.0.2.LTS\lib\armv6m-ti-none-eabi\c\</path>
         <kind>archive</kind>
         <file>libc.a</file>
         <name>_printfi.c.obj</name>
      </input_file>
      <input_file id="fl-4c">
         <path>E:\M0CCS\CCS\ccs\tools\compiler\ti-cgt-armllvm_4.0.2.LTS\lib\armv6m-ti-none-eabi\c\</path>
         <kind>archive</kind>
         <file>libc.a</file>
         <name>sprintf.c.obj</name>
      </input_file>
      <input_file id="fl-4d">
         <path>E:\M0CCS\CCS\ccs\tools\compiler\ti-cgt-armllvm_4.0.2.LTS\lib\armv6m-ti-none-eabi\c\</path>
         <kind>archive</kind>
         <file>libc.a</file>
         <name>sscanf.c.obj</name>
      </input_file>
      <input_file id="fl-4e">
         <path>E:\M0CCS\CCS\ccs\tools\compiler\ti-cgt-armllvm_4.0.2.LTS\lib\armv6m-ti-none-eabi\c\</path>
         <kind>archive</kind>
         <file>libc.a</file>
         <name>s_truncf.c.obj</name>
      </input_file>
      <input_file id="fl-4f">
         <path>E:\M0CCS\CCS\ccs\tools\compiler\ti-cgt-armllvm_4.0.2.LTS\lib\armv6m-ti-none-eabi\c\</path>
         <kind>archive</kind>
         <file>libc.a</file>
         <name>aeabi_ctype.S.obj</name>
      </input_file>
      <input_file id="fl-50">
         <path>E:\M0CCS\CCS\ccs\tools\compiler\ti-cgt-armllvm_4.0.2.LTS\lib\armv6m-ti-none-eabi\c\</path>
         <kind>archive</kind>
         <file>libc.a</file>
         <name>aeabi_portable.c.obj</name>
      </input_file>
      <input_file id="fl-51">
         <path>E:\M0CCS\CCS\ccs\tools\compiler\ti-cgt-armllvm_4.0.2.LTS\lib\armv6m-ti-none-eabi\c\</path>
         <kind>archive</kind>
         <file>libc.a</file>
         <name>_lock.c.obj</name>
      </input_file>
      <input_file id="fl-52">
         <path>E:\M0CCS\CCS\ccs\tools\compiler\ti-cgt-armllvm_4.0.2.LTS\lib\armv6m-ti-none-eabi\c\</path>
         <kind>archive</kind>
         <file>libc.a</file>
         <name>_ltoa.c.obj</name>
      </input_file>
      <input_file id="fl-53">
         <path>E:\M0CCS\CCS\ccs\tools\compiler\ti-cgt-armllvm_4.0.2.LTS\lib\armv6m-ti-none-eabi\c\</path>
         <kind>archive</kind>
         <file>libc.a</file>
         <name>assert.c.obj</name>
      </input_file>
      <input_file id="fl-54">
         <path>E:\M0CCS\CCS\ccs\tools\compiler\ti-cgt-armllvm_4.0.2.LTS\lib\armv6m-ti-none-eabi\c\</path>
         <kind>archive</kind>
         <file>libc.a</file>
         <name>atof.c.obj</name>
      </input_file>
      <input_file id="fl-55">
         <path>E:\M0CCS\CCS\ccs\tools\compiler\ti-cgt-armllvm_4.0.2.LTS\lib\armv6m-ti-none-eabi\c\</path>
         <kind>archive</kind>
         <file>libc.a</file>
         <name>atoi.c.obj</name>
      </input_file>
      <input_file id="fl-56">
         <path>E:\M0CCS\CCS\ccs\tools\compiler\ti-cgt-armllvm_4.0.2.LTS\lib\armv6m-ti-none-eabi\c\</path>
         <kind>archive</kind>
         <file>libc.a</file>
         <name>defs.c.obj</name>
      </input_file>
      <input_file id="fl-57">
         <path>E:\M0CCS\CCS\ccs\tools\compiler\ti-cgt-armllvm_4.0.2.LTS\lib\armv6m-ti-none-eabi\c\</path>
         <kind>archive</kind>
         <file>libc.a</file>
         <name>memccpy.c.obj</name>
      </input_file>
      <input_file id="fl-58">
         <path>E:\M0CCS\CCS\ccs\tools\compiler\ti-cgt-armllvm_4.0.2.LTS\lib\armv6m-ti-none-eabi\c\</path>
         <kind>archive</kind>
         <file>libc.a</file>
         <name>memory.c.obj</name>
      </input_file>
      <input_file id="fl-59">
         <path>E:\M0CCS\CCS\ccs\tools\compiler\ti-cgt-armllvm_4.0.2.LTS\lib\armv6m-ti-none-eabi\c\</path>
         <kind>archive</kind>
         <file>libc.a</file>
         <name>strtod.c.obj</name>
      </input_file>
      <input_file id="fl-5a">
         <path>E:\M0CCS\CCS\ccs\tools\compiler\ti-cgt-armllvm_4.0.2.LTS\lib\armv6m-ti-none-eabi\c\</path>
         <kind>archive</kind>
         <file>libc.a</file>
         <name>boot_cortex_m.c.obj</name>
      </input_file>
      <input_file id="fl-5b">
         <path>E:\M0CCS\CCS\ccs\tools\compiler\ti-cgt-armllvm_4.0.2.LTS\lib\armv6m-ti-none-eabi\c\</path>
         <kind>archive</kind>
         <file>libc.a</file>
         <name>mathacl_init.c.obj</name>
      </input_file>
      <input_file id="fl-5c">
         <path>E:\M0CCS\CCS\ccs\tools\compiler\ti-cgt-armllvm_4.0.2.LTS\lib\armv6m-ti-none-eabi\c\</path>
         <kind>archive</kind>
         <file>libc.a</file>
         <name>autoinit.c.obj</name>
      </input_file>
      <input_file id="fl-5d">
         <path>E:\M0CCS\CCS\ccs\tools\compiler\ti-cgt-armllvm_4.0.2.LTS\lib\armv6m-ti-none-eabi\c\</path>
         <kind>archive</kind>
         <file>libc.a</file>
         <name>pre_init.c.obj</name>
      </input_file>
      <input_file id="fl-5e">
         <path>E:\M0CCS\CCS\ccs\tools\compiler\ti-cgt-armllvm_4.0.2.LTS\lib\armv6m-ti-none-eabi\c\</path>
         <kind>archive</kind>
         <file>libc.a</file>
         <name>cpy_tbl.c.obj</name>
      </input_file>
      <input_file id="fl-5f">
         <path>E:\M0CCS\CCS\ccs\tools\compiler\ti-cgt-armllvm_4.0.2.LTS\lib\armv6m-ti-none-eabi\c\</path>
         <kind>archive</kind>
         <file>libc.a</file>
         <name>copy_zero_init.c.obj</name>
      </input_file>
      <input_file id="fl-60">
         <path>E:\M0CCS\CCS\ccs\tools\compiler\ti-cgt-armllvm_4.0.2.LTS\lib\armv6m-ti-none-eabi\c\</path>
         <kind>archive</kind>
         <file>libc.a</file>
         <name>copy_decompress_none.c.obj</name>
      </input_file>
      <input_file id="fl-61">
         <path>E:\M0CCS\CCS\ccs\tools\compiler\ti-cgt-armllvm_4.0.2.LTS\lib\armv6m-ti-none-eabi\c\</path>
         <kind>archive</kind>
         <file>libc.a</file>
         <name>copy_decompress_lzss.c.obj</name>
      </input_file>
      <input_file id="fl-62">
         <path>E:\M0CCS\CCS\ccs\tools\compiler\ti-cgt-armllvm_4.0.2.LTS\lib\armv6m-ti-none-eabi\c\</path>
         <kind>archive</kind>
         <file>libc.a</file>
         <name>s_frexp.c.obj</name>
      </input_file>
      <input_file id="fl-63">
         <path>E:\M0CCS\CCS\ccs\tools\compiler\ti-cgt-armllvm_4.0.2.LTS\lib\armv6m-ti-none-eabi\c\</path>
         <kind>archive</kind>
         <file>libc.a</file>
         <name>s_scalbn.c.obj</name>
      </input_file>
      <input_file id="fl-64">
         <path>E:\M0CCS\CCS\ccs\tools\compiler\ti-cgt-armllvm_4.0.2.LTS\lib\armv6m-ti-none-eabi\c\</path>
         <kind>archive</kind>
         <file>libc.a</file>
         <name>wcslen.c.obj</name>
      </input_file>
      <input_file id="fl-65">
         <path>E:\M0CCS\CCS\ccs\tools\compiler\ti-cgt-armllvm_4.0.2.LTS\lib\armv6m-ti-none-eabi\c\</path>
         <kind>archive</kind>
         <file>libc.a</file>
         <name>_scanfi.c.obj</name>
      </input_file>
      <input_file id="fl-66">
         <path>E:\M0CCS\CCS\ccs\tools\compiler\ti-cgt-armllvm_4.0.2.LTS\lib\armv6m-ti-none-eabi\c\</path>
         <kind>archive</kind>
         <file>libc.a</file>
         <name>fflush.c.obj</name>
      </input_file>
      <input_file id="fl-67">
         <path>E:\M0CCS\CCS\ccs\tools\compiler\ti-cgt-armllvm_4.0.2.LTS\lib\armv6m-ti-none-eabi\c\</path>
         <kind>archive</kind>
         <file>libc.a</file>
         <name>exit.c.obj</name>
      </input_file>
      <input_file id="fl-68">
         <path>E:\M0CCS\CCS\ccs\tools\compiler\ti-cgt-armllvm_4.0.2.LTS\lib\armv6m-ti-none-eabi\c\</path>
         <kind>archive</kind>
         <file>libc.a</file>
         <name>args_main.c.obj</name>
      </input_file>
      <input_file id="fl-69">
         <path>E:\M0CCS\CCS\ccs\tools\compiler\ti-cgt-armllvm_4.0.2.LTS\lib\armv6m-ti-none-eabi\c\</path>
         <kind>archive</kind>
         <file>libc.a</file>
         <name>strtol.c.obj</name>
      </input_file>
      <input_file id="fl-6a">
         <path>E:\M0CCS\CCS\ccs\tools\compiler\ti-cgt-armllvm_4.0.2.LTS\lib\armv6m-ti-none-eabi\c\</path>
         <kind>archive</kind>
         <file>libc.a</file>
         <name>strtoll.c.obj</name>
      </input_file>
      <input_file id="fl-6b">
         <path>E:\M0CCS\CCS\ccs\tools\compiler\ti-cgt-armllvm_4.0.2.LTS\lib\armv6m-ti-none-eabi\c\</path>
         <kind>archive</kind>
         <file>libc.a</file>
         <name>strtoul.c.obj</name>
      </input_file>
      <input_file id="fl-6c">
         <path>E:\M0CCS\CCS\ccs\tools\compiler\ti-cgt-armllvm_4.0.2.LTS\lib\armv6m-ti-none-eabi\c\</path>
         <kind>archive</kind>
         <file>libc.a</file>
         <name>strtoull.c.obj</name>
      </input_file>
      <input_file id="fl-10c">
         <path>E:\M0CCS\CCS\ccs\tools\compiler\ti-cgt-armllvm_4.0.2.LTS\lib\armv6m-ti-none-eabi\c\</path>
         <kind>archive</kind>
         <file>libsysbm.a</file>
         <name>hostexit.c.obj</name>
      </input_file>
      <input_file id="fl-10d">
         <path>E:\M0CCS\CCS\ccs\tools\compiler\ti-cgt-armllvm_4.0.2.LTS\lib\armv6m-ti-none-eabi\c\</path>
         <kind>archive</kind>
         <file>libsysbm.a</file>
         <name>write.c.obj</name>
      </input_file>
      <input_file id="fl-10e">
         <path>E:\M0CCS\CCS\ccs\tools\compiler\ti-cgt-armllvm_4.0.2.LTS\lib\armv6m-ti-none-eabi\c\</path>
         <kind>archive</kind>
         <file>libsysbm.a</file>
         <name>host_device.c.obj</name>
      </input_file>
      <input_file id="fl-10f">
         <path>E:\M0CCS\CCS\ccs\tools\compiler\ti-cgt-armllvm_4.0.2.LTS\lib\armv6m-ti-none-eabi\c\</path>
         <kind>archive</kind>
         <file>libsysbm.a</file>
         <name>hostclose.c.obj</name>
      </input_file>
      <input_file id="fl-110">
         <path>E:\M0CCS\CCS\ccs\tools\compiler\ti-cgt-armllvm_4.0.2.LTS\lib\armv6m-ti-none-eabi\c\</path>
         <kind>archive</kind>
         <file>libsysbm.a</file>
         <name>hostlseek.c.obj</name>
      </input_file>
      <input_file id="fl-111">
         <path>E:\M0CCS\CCS\ccs\tools\compiler\ti-cgt-armllvm_4.0.2.LTS\lib\armv6m-ti-none-eabi\c\</path>
         <kind>archive</kind>
         <file>libsysbm.a</file>
         <name>hostopen.c.obj</name>
      </input_file>
      <input_file id="fl-112">
         <path>E:\M0CCS\CCS\ccs\tools\compiler\ti-cgt-armllvm_4.0.2.LTS\lib\armv6m-ti-none-eabi\c\</path>
         <kind>archive</kind>
         <file>libsysbm.a</file>
         <name>hostread.c.obj</name>
      </input_file>
      <input_file id="fl-113">
         <path>E:\M0CCS\CCS\ccs\tools\compiler\ti-cgt-armllvm_4.0.2.LTS\lib\armv6m-ti-none-eabi\c\</path>
         <kind>archive</kind>
         <file>libsysbm.a</file>
         <name>hostrename.c.obj</name>
      </input_file>
      <input_file id="fl-114">
         <path>E:\M0CCS\CCS\ccs\tools\compiler\ti-cgt-armllvm_4.0.2.LTS\lib\armv6m-ti-none-eabi\c\</path>
         <kind>archive</kind>
         <file>libsysbm.a</file>
         <name>hostunlink.c.obj</name>
      </input_file>
      <input_file id="fl-115">
         <path>E:\M0CCS\CCS\ccs\tools\compiler\ti-cgt-armllvm_4.0.2.LTS\lib\armv6m-ti-none-eabi\c\</path>
         <kind>archive</kind>
         <file>libsysbm.a</file>
         <name>hostwrite.c.obj</name>
      </input_file>
      <input_file id="fl-116">
         <path>E:\M0CCS\CCS\ccs\tools\compiler\ti-cgt-armllvm_4.0.2.LTS\lib\armv6m-ti-none-eabi\c\</path>
         <kind>archive</kind>
         <file>libsysbm.a</file>
         <name>trgmsg.c.obj</name>
      </input_file>
      <input_file id="fl-117">
         <path>E:\M0CCS\CCS\ccs\tools\compiler\ti-cgt-armllvm_4.0.2.LTS\lib\armv6m-ti-none-eabi\</path>
         <kind>archive</kind>
         <file>libclang_rt.builtins.a</file>
         <name>addsf3.S.obj</name>
      </input_file>
      <input_file id="fl-118">
         <path>E:\M0CCS\CCS\ccs\tools\compiler\ti-cgt-armllvm_4.0.2.LTS\lib\armv6m-ti-none-eabi\</path>
         <kind>archive</kind>
         <file>libclang_rt.builtins.a</file>
         <name>adddf3.S.obj</name>
      </input_file>
      <input_file id="fl-119">
         <path>E:\M0CCS\CCS\ccs\tools\compiler\ti-cgt-armllvm_4.0.2.LTS\lib\armv6m-ti-none-eabi\</path>
         <kind>archive</kind>
         <file>libclang_rt.builtins.a</file>
         <name>muldf3.S.obj</name>
      </input_file>
      <input_file id="fl-11a">
         <path>E:\M0CCS\CCS\ccs\tools\compiler\ti-cgt-armllvm_4.0.2.LTS\lib\armv6m-ti-none-eabi\</path>
         <kind>archive</kind>
         <file>libclang_rt.builtins.a</file>
         <name>muldsi3.S.obj</name>
      </input_file>
      <input_file id="fl-11b">
         <path>E:\M0CCS\CCS\ccs\tools\compiler\ti-cgt-armllvm_4.0.2.LTS\lib\armv6m-ti-none-eabi\</path>
         <kind>archive</kind>
         <file>libclang_rt.builtins.a</file>
         <name>mulsf3.S.obj</name>
      </input_file>
      <input_file id="fl-11c">
         <path>E:\M0CCS\CCS\ccs\tools\compiler\ti-cgt-armllvm_4.0.2.LTS\lib\armv6m-ti-none-eabi\</path>
         <kind>archive</kind>
         <file>libclang_rt.builtins.a</file>
         <name>divsf3.S.obj</name>
      </input_file>
      <input_file id="fl-11d">
         <path>E:\M0CCS\CCS\ccs\tools\compiler\ti-cgt-armllvm_4.0.2.LTS\lib\armv6m-ti-none-eabi\</path>
         <kind>archive</kind>
         <file>libclang_rt.builtins.a</file>
         <name>divdf3.S.obj</name>
      </input_file>
      <input_file id="fl-11e">
         <path>E:\M0CCS\CCS\ccs\tools\compiler\ti-cgt-armllvm_4.0.2.LTS\lib\armv6m-ti-none-eabi\</path>
         <kind>archive</kind>
         <file>libclang_rt.builtins.a</file>
         <name>extendsfdf2.S.obj</name>
      </input_file>
      <input_file id="fl-11f">
         <path>E:\M0CCS\CCS\ccs\tools\compiler\ti-cgt-armllvm_4.0.2.LTS\lib\armv6m-ti-none-eabi\</path>
         <kind>archive</kind>
         <file>libclang_rt.builtins.a</file>
         <name>fixdfsi.S.obj</name>
      </input_file>
      <input_file id="fl-120">
         <path>E:\M0CCS\CCS\ccs\tools\compiler\ti-cgt-armllvm_4.0.2.LTS\lib\armv6m-ti-none-eabi\</path>
         <kind>archive</kind>
         <file>libclang_rt.builtins.a</file>
         <name>fixsfsi.S.obj</name>
      </input_file>
      <input_file id="fl-121">
         <path>E:\M0CCS\CCS\ccs\tools\compiler\ti-cgt-armllvm_4.0.2.LTS\lib\armv6m-ti-none-eabi\</path>
         <kind>archive</kind>
         <file>libclang_rt.builtins.a</file>
         <name>floatsidf.S.obj</name>
      </input_file>
      <input_file id="fl-122">
         <path>E:\M0CCS\CCS\ccs\tools\compiler\ti-cgt-armllvm_4.0.2.LTS\lib\armv6m-ti-none-eabi\</path>
         <kind>archive</kind>
         <file>libclang_rt.builtins.a</file>
         <name>floatsisf.S.obj</name>
      </input_file>
      <input_file id="fl-123">
         <path>E:\M0CCS\CCS\ccs\tools\compiler\ti-cgt-armllvm_4.0.2.LTS\lib\armv6m-ti-none-eabi\</path>
         <kind>archive</kind>
         <file>libclang_rt.builtins.a</file>
         <name>floatunsidf.S.obj</name>
      </input_file>
      <input_file id="fl-124">
         <path>E:\M0CCS\CCS\ccs\tools\compiler\ti-cgt-armllvm_4.0.2.LTS\lib\armv6m-ti-none-eabi\</path>
         <kind>archive</kind>
         <file>libclang_rt.builtins.a</file>
         <name>floatunsisf.S.obj</name>
      </input_file>
      <input_file id="fl-125">
         <path>E:\M0CCS\CCS\ccs\tools\compiler\ti-cgt-armllvm_4.0.2.LTS\lib\armv6m-ti-none-eabi\</path>
         <kind>archive</kind>
         <file>libclang_rt.builtins.a</file>
         <name>muldi3.S.obj</name>
      </input_file>
      <input_file id="fl-126">
         <path>E:\M0CCS\CCS\ccs\tools\compiler\ti-cgt-armllvm_4.0.2.LTS\lib\armv6m-ti-none-eabi\</path>
         <kind>archive</kind>
         <file>libclang_rt.builtins.a</file>
         <name>truncdfsf2.S.obj</name>
      </input_file>
      <input_file id="fl-127">
         <path>E:\M0CCS\CCS\ccs\tools\compiler\ti-cgt-armllvm_4.0.2.LTS\lib\armv6m-ti-none-eabi\</path>
         <kind>archive</kind>
         <file>libclang_rt.builtins.a</file>
         <name>aeabi_dcmp.S.obj</name>
      </input_file>
      <input_file id="fl-128">
         <path>E:\M0CCS\CCS\ccs\tools\compiler\ti-cgt-armllvm_4.0.2.LTS\lib\armv6m-ti-none-eabi\</path>
         <kind>archive</kind>
         <file>libclang_rt.builtins.a</file>
         <name>aeabi_fcmp.S.obj</name>
      </input_file>
      <input_file id="fl-129">
         <path>E:\M0CCS\CCS\ccs\tools\compiler\ti-cgt-armllvm_4.0.2.LTS\lib\armv6m-ti-none-eabi\</path>
         <kind>archive</kind>
         <file>libclang_rt.builtins.a</file>
         <name>aeabi_idivmod.S.obj</name>
      </input_file>
      <input_file id="fl-12a">
         <path>E:\M0CCS\CCS\ccs\tools\compiler\ti-cgt-armllvm_4.0.2.LTS\lib\armv6m-ti-none-eabi\</path>
         <kind>archive</kind>
         <file>libclang_rt.builtins.a</file>
         <name>aeabi_memcpy.S.obj</name>
      </input_file>
      <input_file id="fl-12b">
         <path>E:\M0CCS\CCS\ccs\tools\compiler\ti-cgt-armllvm_4.0.2.LTS\lib\armv6m-ti-none-eabi\</path>
         <kind>archive</kind>
         <file>libclang_rt.builtins.a</file>
         <name>aeabi_memset.S.obj</name>
      </input_file>
      <input_file id="fl-12c">
         <path>E:\M0CCS\CCS\ccs\tools\compiler\ti-cgt-armllvm_4.0.2.LTS\lib\armv6m-ti-none-eabi\</path>
         <kind>archive</kind>
         <file>libclang_rt.builtins.a</file>
         <name>aeabi_uidivmod.S.obj</name>
      </input_file>
      <input_file id="fl-12d">
         <path>E:\M0CCS\CCS\ccs\tools\compiler\ti-cgt-armllvm_4.0.2.LTS\lib\armv6m-ti-none-eabi\</path>
         <kind>archive</kind>
         <file>libclang_rt.builtins.a</file>
         <name>aeabi_uldivmod.S.obj</name>
      </input_file>
      <input_file id="fl-12e">
         <path>E:\M0CCS\CCS\ccs\tools\compiler\ti-cgt-armllvm_4.0.2.LTS\lib\armv6m-ti-none-eabi\</path>
         <kind>archive</kind>
         <file>libclang_rt.builtins.a</file>
         <name>comparesf2.S.obj</name>
      </input_file>
      <input_file id="fl-12f">
         <path>E:\M0CCS\CCS\ccs\tools\compiler\ti-cgt-armllvm_4.0.2.LTS\lib\armv6m-ti-none-eabi\</path>
         <kind>archive</kind>
         <file>libclang_rt.builtins.a</file>
         <name>udivmoddi4.S.obj</name>
      </input_file>
      <input_file id="fl-130">
         <path>E:\M0CCS\CCS\ccs\tools\compiler\ti-cgt-armllvm_4.0.2.LTS\lib\armv6m-ti-none-eabi\</path>
         <kind>archive</kind>
         <file>libclang_rt.builtins.a</file>
         <name>ashldi3.S.obj</name>
      </input_file>
      <input_file id="fl-131">
         <path>E:\M0CCS\CCS\ccs\tools\compiler\ti-cgt-armllvm_4.0.2.LTS\lib\armv6m-ti-none-eabi\</path>
         <kind>archive</kind>
         <file>libclang_rt.builtins.a</file>
         <name>comparedf2.c.obj</name>
      </input_file>
      <input_file id="fl-132">
         <path>E:\M0CCS\CCS\ccs\tools\compiler\ti-cgt-armllvm_4.0.2.LTS\lib\armv6m-ti-none-eabi\</path>
         <kind>archive</kind>
         <file>libclang_rt.builtins.a</file>
         <name>aeabi_div0.c.obj</name>
      </input_file>
      <input_file id="fl-133">
         <path>E:\M0CCS\CCS\ccs\tools\compiler\ti-cgt-armllvm_4.0.2.LTS\lib\armv6m-ti-none-eabi\c\</path>
         <kind>archive</kind>
         <file>libc.a</file>
         <name>memcpy16.S.obj</name>
      </input_file>
      <input_file id="fl-134">
         <path>E:\M0CCS\CCS\ccs\tools\compiler\ti-cgt-armllvm_4.0.2.LTS\lib\armv6m-ti-none-eabi\c\</path>
         <kind>archive</kind>
         <file>libc.a</file>
         <name>memset16.S.obj</name>
      </input_file>
   </input_file_list>
   <object_component_list>
      <object_component id="oc-1b">
         <name>.intvecs</name>
         <load_address>0x0</load_address>
         <readonly>true</readonly>
         <run_address>0x0</run_address>
         <size>0xc0</size>
         <alignment>0x4</alignment>
         <input_file_ref idref="fl-3"/>
      </object_component>
      <object_component id="oc-346">
         <name>.text.__TI_scanfi</name>
         <load_address>0xc0</load_address>
         <readonly>true</readonly>
         <executable>true</executable>
         <run_address>0xc0</run_address>
         <size>0xbdc</size>
         <alignment>0x4</alignment>
         <input_file_ref idref="fl-65"/>
      </object_component>
      <object_component id="oc-319">
         <name>.text:__TI_printfi</name>
         <load_address>0xc9c</load_address>
         <readonly>true</readonly>
         <executable>true</executable>
         <run_address>0xc9c</run_address>
         <size>0x9d0</size>
         <alignment>0x4</alignment>
         <input_file_ref idref="fl-4b"/>
      </object_component>
      <object_component id="oc-b3">
         <name>.text.main</name>
         <load_address>0x166c</load_address>
         <readonly>true</readonly>
         <executable>true</executable>
         <run_address>0x166c</run_address>
         <size>0x8c0</size>
         <alignment>0x4</alignment>
         <input_file_ref idref="fl-4"/>
      </object_component>
      <object_component id="oc-328">
         <name>.text.IMU_AHRSupdate</name>
         <load_address>0x1f2c</load_address>
         <readonly>true</readonly>
         <executable>true</executable>
         <run_address>0x1f2c</run_address>
         <size>0x6ac</size>
         <alignment>0x4</alignment>
         <input_file_ref idref="fl-18"/>
      </object_component>
      <object_component id="oc-159">
         <name>.text.control_camera</name>
         <load_address>0x25d8</load_address>
         <readonly>true</readonly>
         <executable>true</executable>
         <run_address>0x25d8</run_address>
         <size>0x484</size>
         <alignment>0x4</alignment>
         <input_file_ref idref="fl-c"/>
      </object_component>
      <object_component id="oc-3c8">
         <name>.text.strtod</name>
         <load_address>0x2a5c</load_address>
         <readonly>true</readonly>
         <executable>true</executable>
         <run_address>0x2a5c</run_address>
         <size>0x3b8</size>
         <alignment>0x4</alignment>
         <input_file_ref idref="fl-59"/>
      </object_component>
      <object_component id="oc-1e4">
         <name>.text.setup_imu</name>
         <load_address>0x2e14</load_address>
         <readonly>true</readonly>
         <executable>true</executable>
         <run_address>0x2e14</run_address>
         <size>0x3a0</size>
         <alignment>0x4</alignment>
         <input_file_ref idref="fl-19"/>
      </object_component>
      <object_component id="oc-20d">
         <name>.text.asin</name>
         <load_address>0x31b4</load_address>
         <readonly>true</readonly>
         <executable>true</executable>
         <run_address>0x31b4</run_address>
         <size>0x364</size>
         <alignment>0x4</alignment>
         <input_file_ref idref="fl-46"/>
      </object_component>
      <object_component id="oc-32a">
         <name>.text.atan</name>
         <load_address>0x3518</load_address>
         <readonly>true</readonly>
         <executable>true</executable>
         <run_address>0x3518</run_address>
         <size>0x2f8</size>
         <alignment>0x4</alignment>
         <input_file_ref idref="fl-49"/>
      </object_component>
      <object_component id="oc-3a5">
         <name>.text.calGyroVariance</name>
         <load_address>0x3810</load_address>
         <readonly>true</readonly>
         <executable>true</executable>
         <run_address>0x3810</run_address>
         <size>0x2e0</size>
         <alignment>0x4</alignment>
         <input_file_ref idref="fl-18"/>
      </object_component>
      <object_component id="oc-1bb">
         <name>.text.SYSCFG_DL_GPIO_init</name>
         <load_address>0x3af0</load_address>
         <readonly>true</readonly>
         <executable>true</executable>
         <run_address>0x3af0</run_address>
         <size>0x29c</size>
         <alignment>0x4</alignment>
         <input_file_ref idref="fl-1"/>
      </object_component>
      <object_component id="oc-98">
         <name>.text.set_motor</name>
         <load_address>0x3d8c</load_address>
         <readonly>true</readonly>
         <executable>true</executable>
         <run_address>0x3d8c</run_address>
         <size>0x22c</size>
         <alignment>0x4</alignment>
         <input_file_ref idref="fl-d"/>
      </object_component>
      <object_component id="oc-39e">
         <name>.text._pconv_a</name>
         <load_address>0x3fb8</load_address>
         <readonly>true</readonly>
         <executable>true</executable>
         <run_address>0x3fb8</run_address>
         <size>0x220</size>
         <alignment>0x4</alignment>
         <input_file_ref idref="fl-4b"/>
      </object_component>
      <object_component id="oc-3db">
         <name>.text.strtoll</name>
         <load_address>0x41d8</load_address>
         <readonly>true</readonly>
         <executable>true</executable>
         <run_address>0x41d8</run_address>
         <size>0x1e0</size>
         <alignment>0x4</alignment>
         <input_file_ref idref="fl-6a"/>
      </object_component>
      <object_component id="oc-39f">
         <name>.text._pconv_g</name>
         <load_address>0x43b8</load_address>
         <readonly>true</readonly>
         <executable>true</executable>
         <run_address>0x43b8</run_address>
         <size>0x1dc</size>
         <alignment>0x4</alignment>
         <input_file_ref idref="fl-4b"/>
      </object_component>
      <object_component id="oc-12c">
         <name>.text.get_keychar</name>
         <load_address>0x4594</load_address>
         <readonly>true</readonly>
         <executable>true</executable>
         <run_address>0x4594</run_address>
         <size>0x1cc</size>
         <alignment>0x4</alignment>
         <input_file_ref idref="fl-a"/>
      </object_component>
      <object_component id="oc-11b">
         <name>.text.IMU_getYawPitchRoll</name>
         <load_address>0x4760</load_address>
         <readonly>true</readonly>
         <executable>true</executable>
         <run_address>0x4760</run_address>
         <size>0x1b0</size>
         <alignment>0x4</alignment>
         <input_file_ref idref="fl-18"/>
      </object_component>
      <object_component id="oc-14d">
         <name>.text.adddf3_subdf3</name>
         <load_address>0x4910</load_address>
         <readonly>true</readonly>
         <executable>true</executable>
         <run_address>0x4910</run_address>
         <size>0x192</size>
         <alignment>0x4</alignment>
         <input_file_ref idref="fl-118"/>
      </object_component>
      <object_component id="oc-26f">
         <name>.text.__aeabi_idiv0</name>
         <load_address>0x4aa2</load_address>
         <readonly>true</readonly>
         <executable>true</executable>
         <run_address>0x4aa2</run_address>
         <size>0x2</size>
         <alignment>0x2</alignment>
         <input_file_ref idref="fl-132"/>
      </object_component>
      <object_component id="oc-119">
         <name>.text.No_MCU_Ganv_Sensor_Init</name>
         <load_address>0x4aa4</load_address>
         <readonly>true</readonly>
         <executable>true</executable>
         <run_address>0x4aa4</run_address>
         <size>0x188</size>
         <alignment>0x4</alignment>
         <input_file_ref idref="fl-7"/>
      </object_component>
      <object_component id="oc-209">
         <name>.text.atan2</name>
         <load_address>0x4c2c</load_address>
         <readonly>true</readonly>
         <executable>true</executable>
         <run_address>0x4c2c</run_address>
         <size>0x188</size>
         <alignment>0x4</alignment>
         <input_file_ref idref="fl-47"/>
      </object_component>
      <object_component id="oc-3a4">
         <name>.text.bsp_IcmGetRawData</name>
         <load_address>0x4db4</load_address>
         <readonly>true</readonly>
         <executable>true</executable>
         <run_address>0x4db4</run_address>
         <size>0x170</size>
         <alignment>0x4</alignment>
         <input_file_ref idref="fl-19"/>
      </object_component>
      <object_component id="oc-33a">
         <name>.text.sqrt</name>
         <load_address>0x4f24</load_address>
         <readonly>true</readonly>
         <executable>true</executable>
         <run_address>0x4f24</run_address>
         <size>0x170</size>
         <alignment>0x4</alignment>
         <input_file_ref idref="fl-48"/>
      </object_component>
      <object_component id="oc-3d7">
         <name>.text.strtoull</name>
         <load_address>0x5094</load_address>
         <readonly>true</readonly>
         <executable>true</executable>
         <run_address>0x5094</run_address>
         <size>0x16c</size>
         <alignment>0x4</alignment>
         <input_file_ref idref="fl-6c"/>
      </object_component>
      <object_component id="oc-127">
         <name>.text.getKeyValue</name>
         <load_address>0x5200</load_address>
         <readonly>true</readonly>
         <executable>true</executable>
         <run_address>0x5200</run_address>
         <size>0x158</size>
         <alignment>0x4</alignment>
         <input_file_ref idref="fl-a"/>
      </object_component>
      <object_component id="oc-2f5">
         <name>.text.inv_imu_set_config_int</name>
         <load_address>0x5358</load_address>
         <readonly>true</readonly>
         <executable>true</executable>
         <run_address>0x5358</run_address>
         <size>0x156</size>
         <alignment>0x2</alignment>
         <input_file_ref idref="fl-16"/>
      </object_component>
      <object_component id="oc-428">
         <name>.text.__aeabi_ldiv0</name>
         <load_address>0x54ae</load_address>
         <readonly>true</readonly>
         <executable>true</executable>
         <run_address>0x54ae</run_address>
         <size>0x2</size>
         <alignment>0x2</alignment>
         <input_file_ref idref="fl-132"/>
      </object_component>
      <object_component id="oc-125">
         <name>.text.UART0_ProcessFrame</name>
         <load_address>0x54b0</load_address>
         <readonly>true</readonly>
         <executable>true</executable>
         <run_address>0x54b0</run_address>
         <size>0x148</size>
         <alignment>0x4</alignment>
         <input_file_ref idref="fl-12"/>
      </object_component>
      <object_component id="oc-fd">
         <name>.text.OLED_Init</name>
         <load_address>0x55f8</load_address>
         <readonly>true</readonly>
         <executable>true</executable>
         <run_address>0x55f8</run_address>
         <size>0x144</size>
         <alignment>0x4</alignment>
         <input_file_ref idref="fl-1b"/>
      </object_component>
      <object_component id="oc-3d3">
         <name>.text.strtol</name>
         <load_address>0x573c</load_address>
         <readonly>true</readonly>
         <executable>true</executable>
         <run_address>0x573c</run_address>
         <size>0x144</size>
         <alignment>0x4</alignment>
         <input_file_ref idref="fl-69"/>
      </object_component>
      <object_component id="oc-8f">
         <name>.text.PID_Compute</name>
         <load_address>0x5880</load_address>
         <readonly>true</readonly>
         <executable>true</executable>
         <run_address>0x5880</run_address>
         <size>0x13c</size>
         <alignment>0x4</alignment>
         <input_file_ref idref="fl-8"/>
      </object_component>
      <object_component id="oc-407">
         <name>.text.fcvt</name>
         <load_address>0x59bc</load_address>
         <readonly>true</readonly>
         <executable>true</executable>
         <run_address>0x59bc</run_address>
         <size>0x13c</size>
         <alignment>0x4</alignment>
         <input_file_ref idref="fl-4b"/>
      </object_component>
      <object_component id="oc-3cf">
         <name>.text.strtoul</name>
         <load_address>0x5af8</load_address>
         <readonly>true</readonly>
         <executable>true</executable>
         <run_address>0x5af8</run_address>
         <size>0x12c</size>
         <alignment>0x4</alignment>
         <input_file_ref idref="fl-6b"/>
      </object_component>
      <object_component id="oc-3a1">
         <name>.text._pconv_e</name>
         <load_address>0x5c24</load_address>
         <readonly>true</readonly>
         <executable>true</executable>
         <run_address>0x5c24</run_address>
         <size>0x120</size>
         <alignment>0x4</alignment>
         <input_file_ref idref="fl-4b"/>
      </object_component>
      <object_component id="oc-1ba">
         <name>.text.SYSCFG_DL_initPower</name>
         <load_address>0x5d44</load_address>
         <readonly>true</readonly>
         <executable>true</executable>
         <run_address>0x5d44</run_address>
         <size>0x11c</size>
         <alignment>0x4</alignment>
         <input_file_ref idref="fl-1"/>
      </object_component>
      <object_component id="oc-409">
         <name>.text.inv_imu_get_register_data</name>
         <load_address>0x5e60</load_address>
         <readonly>true</readonly>
         <executable>true</executable>
         <run_address>0x5e60</run_address>
         <size>0x112</size>
         <alignment>0x2</alignment>
         <input_file_ref idref="fl-16"/>
      </object_component>
      <object_component id="oc-31a">
         <name>.text._nop</name>
         <load_address>0x5f72</load_address>
         <readonly>true</readonly>
         <executable>true</executable>
         <run_address>0x5f72</run_address>
         <size>0x2</size>
         <alignment>0x2</alignment>
         <input_file_ref idref="fl-51"/>
      </object_component>
      <object_component id="oc-3a">
         <name>.text.GROUP1_IRQHandler</name>
         <load_address>0x5f74</load_address>
         <readonly>true</readonly>
         <executable>true</executable>
         <run_address>0x5f74</run_address>
         <size>0x110</size>
         <alignment>0x4</alignment>
         <input_file_ref idref="fl-b"/>
      </object_component>
      <object_component id="oc-327">
         <name>.text.IMU_getValues</name>
         <load_address>0x6084</load_address>
         <readonly>true</readonly>
         <executable>true</executable>
         <run_address>0x6084</run_address>
         <size>0x10c</size>
         <alignment>0x4</alignment>
         <input_file_ref idref="fl-18"/>
      </object_component>
      <object_component id="oc-204">
         <name>.text.__divdf3</name>
         <load_address>0x6190</load_address>
         <readonly>true</readonly>
         <executable>true</executable>
         <run_address>0x6190</run_address>
         <size>0x10c</size>
         <alignment>0x4</alignment>
         <input_file_ref idref="fl-11d"/>
      </object_component>
      <object_component id="oc-13a">
         <name>.text.handle_key_press</name>
         <load_address>0x629c</load_address>
         <readonly>true</readonly>
         <executable>true</executable>
         <run_address>0x629c</run_address>
         <size>0x108</size>
         <alignment>0x4</alignment>
         <input_file_ref idref="fl-4"/>
      </object_component>
      <object_component id="oc-294">
         <name>.text.DL_Timer_initFourCCPWMMode</name>
         <load_address>0x63a4</load_address>
         <readonly>true</readonly>
         <executable>true</executable>
         <run_address>0x63a4</run_address>
         <size>0x104</size>
         <alignment>0x4</alignment>
         <input_file_ref idref="fl-2e"/>
      </object_component>
      <object_component id="oc-208">
         <name>.text.IMU_getQ</name>
         <load_address>0x64a8</load_address>
         <readonly>true</readonly>
         <executable>true</executable>
         <run_address>0x64a8</run_address>
         <size>0x104</size>
         <alignment>0x4</alignment>
         <input_file_ref idref="fl-18"/>
      </object_component>
      <object_component id="oc-2a6">
         <name>.text.DL_Timer_initTimerMode</name>
         <load_address>0x65ac</load_address>
         <readonly>true</readonly>
         <executable>true</executable>
         <run_address>0x65ac</run_address>
         <size>0xe8</size>
         <alignment>0x4</alignment>
         <input_file_ref idref="fl-2e"/>
      </object_component>
      <object_component id="oc-149">
         <name>.text.__muldf3</name>
         <load_address>0x6694</load_address>
         <readonly>true</readonly>
         <executable>true</executable>
         <run_address>0x6694</run_address>
         <size>0xe4</size>
         <alignment>0x4</alignment>
         <input_file_ref idref="fl-119"/>
      </object_component>
      <object_component id="oc-1f3">
         <name>.text.Get_Analog_value</name>
         <load_address>0x6778</load_address>
         <readonly>true</readonly>
         <executable>true</executable>
         <run_address>0x6778</run_address>
         <size>0xdc</size>
         <alignment>0x4</alignment>
         <input_file_ref idref="fl-7"/>
      </object_component>
      <object_component id="oc-4e">
         <name>.text.TIMA0_IRQHandler</name>
         <load_address>0x6854</load_address>
         <readonly>true</readonly>
         <executable>true</executable>
         <run_address>0x6854</run_address>
         <size>0xd8</size>
         <alignment>0x4</alignment>
         <input_file_ref idref="fl-1a"/>
      </object_component>
      <object_component id="oc-3fa">
         <name>.text.scalbn</name>
         <load_address>0x692c</load_address>
         <readonly>true</readonly>
         <executable>true</executable>
         <run_address>0x692c</run_address>
         <size>0xd8</size>
         <alignment>0x4</alignment>
         <input_file_ref idref="fl-63"/>
      </object_component>
      <object_component id="oc-c1">
         <name>.text</name>
         <load_address>0x6a04</load_address>
         <readonly>true</readonly>
         <executable>true</executable>
         <run_address>0x6a04</run_address>
         <size>0xd8</size>
         <alignment>0x4</alignment>
         <input_file_ref idref="fl-117"/>
      </object_component>
      <object_component id="oc-23b">
         <name>.text.OLED_ShowChar</name>
         <load_address>0x6adc</load_address>
         <readonly>true</readonly>
         <executable>true</executable>
         <run_address>0x6adc</run_address>
         <size>0xc8</size>
         <alignment>0x4</alignment>
         <input_file_ref idref="fl-1b"/>
      </object_component>
      <object_component id="oc-2f3">
         <name>.text.inv_imu_soft_reset</name>
         <load_address>0x6ba4</load_address>
         <readonly>true</readonly>
         <executable>true</executable>
         <run_address>0x6ba4</run_address>
         <size>0xc6</size>
         <alignment>0x2</alignment>
         <input_file_ref idref="fl-16"/>
      </object_component>
      <object_component id="oc-368">
         <name>.text.write_mreg</name>
         <load_address>0x6c6a</load_address>
         <readonly>true</readonly>
         <executable>true</executable>
         <run_address>0x6c6a</run_address>
         <size>0xbc</size>
         <alignment>0x2</alignment>
         <input_file_ref idref="fl-17"/>
      </object_component>
      <object_component id="oc-3e1">
         <name>.text.check_out_of_bounds_mreg</name>
         <load_address>0x6d26</load_address>
         <readonly>true</readonly>
         <executable>true</executable>
         <run_address>0x6d26</run_address>
         <size>0xba</size>
         <alignment>0x2</alignment>
         <input_file_ref idref="fl-17"/>
      </object_component>
      <object_component id="oc-124">
         <name>.text.motor_init</name>
         <load_address>0x6de0</load_address>
         <readonly>true</readonly>
         <executable>true</executable>
         <run_address>0x6de0</run_address>
         <size>0xb8</size>
         <alignment>0x4</alignment>
         <input_file_ref idref="fl-d"/>
      </object_component>
      <object_component id="oc-3e2">
         <name>.text.read_mreg</name>
         <load_address>0x6e98</load_address>
         <readonly>true</readonly>
         <executable>true</executable>
         <run_address>0x6e98</run_address>
         <size>0xac</size>
         <alignment>0x2</alignment>
         <input_file_ref idref="fl-17"/>
      </object_component>
      <object_component id="oc-1f5">
         <name>.text.normalizeAnalogValues</name>
         <load_address>0x6f44</load_address>
         <readonly>true</readonly>
         <executable>true</executable>
         <run_address>0x6f44</run_address>
         <size>0xaa</size>
         <alignment>0x2</alignment>
         <input_file_ref idref="fl-7"/>
      </object_component>
      <object_component id="oc-49">
         <name>.text.UART0_IRQHandler</name>
         <load_address>0x6ff0</load_address>
         <readonly>true</readonly>
         <executable>true</executable>
         <run_address>0x6ff0</run_address>
         <size>0xa8</size>
         <alignment>0x4</alignment>
         <input_file_ref idref="fl-12"/>
      </object_component>
      <object_component id="oc-13d">
         <name>.text.OLED_DrawBMP</name>
         <load_address>0x7098</load_address>
         <readonly>true</readonly>
         <executable>true</executable>
         <run_address>0x7098</run_address>
         <size>0xa2</size>
         <alignment>0x2</alignment>
         <input_file_ref idref="fl-1b"/>
      </object_component>
      <object_component id="oc-2f4">
         <name>.text.inv_imu_set_pin_config_int</name>
         <load_address>0x713a</load_address>
         <readonly>true</readonly>
         <executable>true</executable>
         <run_address>0x713a</run_address>
         <size>0xa2</size>
         <alignment>0x2</alignment>
         <input_file_ref idref="fl-16"/>
      </object_component>
      <object_component id="oc-3f1">
         <name>.text</name>
         <load_address>0x71dc</load_address>
         <readonly>true</readonly>
         <executable>true</executable>
         <run_address>0x71dc</run_address>
         <size>0xa2</size>
         <alignment>0x4</alignment>
         <input_file_ref idref="fl-12f"/>
      </object_component>
      <object_component id="oc-2a0">
         <name>.text.DL_Timer_initCompareMode</name>
         <load_address>0x7280</load_address>
         <readonly>true</readonly>
         <executable>true</executable>
         <run_address>0x7280</run_address>
         <size>0xa0</size>
         <alignment>0x4</alignment>
         <input_file_ref idref="fl-2e"/>
      </object_component>
      <object_component id="oc-2ed">
         <name>.text.si_print_error_if_any</name>
         <load_address>0x7320</load_address>
         <readonly>true</readonly>
         <executable>true</executable>
         <run_address>0x7320</run_address>
         <size>0xa0</size>
         <alignment>0x4</alignment>
         <input_file_ref idref="fl-19"/>
      </object_component>
      <object_component id="oc-99">
         <name>.text.stop_all_motors</name>
         <load_address>0x73c0</load_address>
         <readonly>true</readonly>
         <executable>true</executable>
         <run_address>0x73c0</run_address>
         <size>0x98</size>
         <alignment>0x4</alignment>
         <input_file_ref idref="fl-d"/>
      </object_component>
      <object_component id="oc-213">
         <name>.text.BuildPacket</name>
         <load_address>0x7458</load_address>
         <readonly>true</readonly>
         <executable>true</executable>
         <run_address>0x7458</run_address>
         <size>0x90</size>
         <alignment>0x2</alignment>
         <input_file_ref idref="fl-10"/>
      </object_component>
      <object_component id="oc-1bd">
         <name>.text.SYSCFG_DL_PWM_G0_init</name>
         <load_address>0x74e8</load_address>
         <readonly>true</readonly>
         <executable>true</executable>
         <run_address>0x74e8</run_address>
         <size>0x90</size>
         <alignment>0x4</alignment>
         <input_file_ref idref="fl-1"/>
      </object_component>
      <object_component id="oc-1be">
         <name>.text.SYSCFG_DL_PWM_MOTOR_1_2_init</name>
         <load_address>0x7578</load_address>
         <readonly>true</readonly>
         <executable>true</executable>
         <run_address>0x7578</run_address>
         <size>0x90</size>
         <alignment>0x4</alignment>
         <input_file_ref idref="fl-1"/>
      </object_component>
      <object_component id="oc-1bf">
         <name>.text.SYSCFG_DL_PWM_MOTOR_3_4_init</name>
         <load_address>0x7608</load_address>
         <readonly>true</readonly>
         <executable>true</executable>
         <run_address>0x7608</run_address>
         <size>0x90</size>
         <alignment>0x4</alignment>
         <input_file_ref idref="fl-1"/>
      </object_component>
      <object_component id="oc-c5">
         <name>.text.__mulsf3</name>
         <load_address>0x7698</load_address>
         <readonly>true</readonly>
         <executable>true</executable>
         <run_address>0x7698</run_address>
         <size>0x8c</size>
         <alignment>0x4</alignment>
         <input_file_ref idref="fl-11b"/>
      </object_component>
      <object_component id="oc-f0">
         <name>.text.set_rgb_duty</name>
         <load_address>0x7724</load_address>
         <readonly>true</readonly>
         <executable>true</executable>
         <run_address>0x7724</run_address>
         <size>0x88</size>
         <alignment>0x4</alignment>
         <input_file_ref idref="fl-e"/>
      </object_component>
      <object_component id="oc-292">
         <name>.text.__NVIC_SetPriority</name>
         <load_address>0x77ac</load_address>
         <readonly>true</readonly>
         <executable>true</executable>
         <run_address>0x77ac</run_address>
         <size>0x84</size>
         <alignment>0x4</alignment>
         <input_file_ref idref="fl-1"/>
      </object_component>
      <object_component id="oc-cd">
         <name>.text.__divsf3</name>
         <load_address>0x7830</load_address>
         <readonly>true</readonly>
         <executable>true</executable>
         <run_address>0x7830</run_address>
         <size>0x82</size>
         <alignment>0x4</alignment>
         <input_file_ref idref="fl-11c"/>
      </object_component>
      <object_component id="oc-107">
         <name>.text.IMU_init</name>
         <load_address>0x78b4</load_address>
         <readonly>true</readonly>
         <executable>true</executable>
         <run_address>0x78b4</run_address>
         <size>0x7c</size>
         <alignment>0x4</alignment>
         <input_file_ref idref="fl-18"/>
      </object_component>
      <object_component id="oc-1f">
         <name>.text:decompress:lzss</name>
         <load_address>0x7930</load_address>
         <readonly>true</readonly>
         <executable>true</executable>
         <run_address>0x7930</run_address>
         <size>0x7c</size>
         <alignment>0x4</alignment>
         <input_file_ref idref="fl-61"/>
      </object_component>
      <object_component id="oc-1d9">
         <name>.text.OLED_WR_Byte</name>
         <load_address>0x79ac</load_address>
         <readonly>true</readonly>
         <executable>true</executable>
         <run_address>0x79ac</run_address>
         <size>0x78</size>
         <alignment>0x4</alignment>
         <input_file_ref idref="fl-1b"/>
      </object_component>
      <object_component id="oc-300">
         <name>.text.icm45686_read_regs</name>
         <load_address>0x7a24</load_address>
         <readonly>true</readonly>
         <executable>true</executable>
         <run_address>0x7a24</run_address>
         <size>0x78</size>
         <alignment>0x4</alignment>
         <input_file_ref idref="fl-19"/>
      </object_component>
      <object_component id="oc-f5">
         <name>.text.SYSCFG_DL_init</name>
         <load_address>0x7a9c</load_address>
         <readonly>true</readonly>
         <executable>true</executable>
         <run_address>0x7a9c</run_address>
         <size>0x74</size>
         <alignment>0x4</alignment>
         <input_file_ref idref="fl-1"/>
      </object_component>
      <object_component id="oc-1a7">
         <name>.text.__gedf2</name>
         <load_address>0x7b10</load_address>
         <readonly>true</readonly>
         <executable>true</executable>
         <run_address>0x7b10</run_address>
         <size>0x74</size>
         <alignment>0x4</alignment>
         <input_file_ref idref="fl-131"/>
      </object_component>
      <object_component id="oc-aa">
         <name>.text.__aeabi_memclr</name>
         <load_address>0x7b84</load_address>
         <readonly>true</readonly>
         <executable>true</executable>
         <run_address>0x7b84</run_address>
         <size>0xc</size>
         <alignment>0x4</alignment>
         <input_file_ref idref="fl-12b"/>
      </object_component>
      <object_component id="oc-151">
         <name>.text.__truncdfsf2</name>
         <load_address>0x7b90</load_address>
         <readonly>true</readonly>
         <executable>true</executable>
         <run_address>0x7b90</run_address>
         <size>0x74</size>
         <alignment>0x10</alignment>
         <input_file_ref idref="fl-126"/>
      </object_component>
      <object_component id="oc-34e">
         <name>.text._chkmbc</name>
         <load_address>0x7c04</load_address>
         <readonly>true</readonly>
         <executable>true</executable>
         <run_address>0x7c04</run_address>
         <size>0x74</size>
         <alignment>0x4</alignment>
         <input_file_ref idref="fl-4d"/>
      </object_component>
      <object_component id="oc-10c">
         <name>.text.No_MCU_Ganv_Sensor_Init_Frist</name>
         <load_address>0x7c78</load_address>
         <readonly>true</readonly>
         <executable>true</executable>
         <run_address>0x7c78</run_address>
         <size>0x72</size>
         <alignment>0x2</alignment>
         <input_file_ref idref="fl-7"/>
      </object_component>
      <object_component id="oc-1c8">
         <name>.text.SYSCFG_DL_VCC_ADC_init</name>
         <load_address>0x7cec</load_address>
         <readonly>true</readonly>
         <executable>true</executable>
         <run_address>0x7cec</run_address>
         <size>0x70</size>
         <alignment>0x4</alignment>
         <input_file_ref idref="fl-1"/>
      </object_component>
      <object_component id="oc-fa">
         <name>.text.PID_Init</name>
         <load_address>0x7d5c</load_address>
         <readonly>true</readonly>
         <executable>true</executable>
         <run_address>0x7d5c</run_address>
         <size>0x6c</size>
         <alignment>0x4</alignment>
         <input_file_ref idref="fl-8"/>
      </object_component>
      <object_component id="oc-1f4">
         <name>.text.convertAnalogToDigital</name>
         <load_address>0x7dc8</load_address>
         <readonly>true</readonly>
         <executable>true</executable>
         <run_address>0x7dc8</run_address>
         <size>0x6c</size>
         <alignment>0x2</alignment>
         <input_file_ref idref="fl-7"/>
      </object_component>
      <object_component id="oc-247">
         <name>.text.truncf</name>
         <load_address>0x7e34</load_address>
         <readonly>true</readonly>
         <executable>true</executable>
         <run_address>0x7e34</run_address>
         <size>0x6c</size>
         <alignment>0x4</alignment>
         <input_file_ref idref="fl-4e"/>
      </object_component>
      <object_component id="oc-13c">
         <name>.text.OLED_Clear</name>
         <load_address>0x7ea0</load_address>
         <readonly>true</readonly>
         <executable>true</executable>
         <run_address>0x7ea0</run_address>
         <size>0x6a</size>
         <alignment>0x2</alignment>
         <input_file_ref idref="fl-1b"/>
      </object_component>
      <object_component id="oc-13e">
         <name>.text.OLED_ShowString</name>
         <load_address>0x7f0a</load_address>
         <readonly>true</readonly>
         <executable>true</executable>
         <run_address>0x7f0a</run_address>
         <size>0x68</size>
         <alignment>0x2</alignment>
         <input_file_ref idref="fl-1b"/>
      </object_component>
      <object_component id="oc-1a1">
         <name>.text.__ledf2</name>
         <load_address>0x7f74</load_address>
         <readonly>true</readonly>
         <executable>true</executable>
         <run_address>0x7f74</run_address>
         <size>0x68</size>
         <alignment>0x4</alignment>
         <input_file_ref idref="fl-131"/>
      </object_component>
      <object_component id="oc-406">
         <name>.text._mcpy</name>
         <load_address>0x7fdc</load_address>
         <readonly>true</readonly>
         <executable>true</executable>
         <run_address>0x7fdc</run_address>
         <size>0x66</size>
         <alignment>0x2</alignment>
         <input_file_ref idref="fl-4b"/>
      </object_component>
      <object_component id="oc-2fd">
         <name>.text.inv_imu_set_accel_mode</name>
         <load_address>0x8042</load_address>
         <readonly>true</readonly>
         <executable>true</executable>
         <run_address>0x8042</run_address>
         <size>0x64</size>
         <alignment>0x2</alignment>
         <input_file_ref idref="fl-16"/>
      </object_component>
      <object_component id="oc-d5">
         <name>.text.__aeabi_dcmp</name>
         <load_address>0x80a8</load_address>
         <readonly>true</readonly>
         <executable>true</executable>
         <run_address>0x80a8</run_address>
         <size>0x62</size>
         <alignment>0x4</alignment>
         <input_file_ref idref="fl-127"/>
      </object_component>
      <object_component id="oc-c9">
         <name>.text.__aeabi_fcmp</name>
         <load_address>0x810c</load_address>
         <readonly>true</readonly>
         <executable>true</executable>
         <run_address>0x810c</run_address>
         <size>0x62</size>
         <alignment>0x4</alignment>
         <input_file_ref idref="fl-128"/>
      </object_component>
      <object_component id="oc-2db">
         <name>.text.DL_ADC12_initSeqSample</name>
         <load_address>0x8170</load_address>
         <readonly>true</readonly>
         <executable>true</executable>
         <run_address>0x8170</run_address>
         <size>0x60</size>
         <alignment>0x4</alignment>
         <input_file_ref idref="fl-1"/>
      </object_component>
      <object_component id="oc-2fe">
         <name>.text.inv_imu_set_gyro_mode</name>
         <load_address>0x81d0</load_address>
         <readonly>true</readonly>
         <executable>true</executable>
         <run_address>0x81d0</run_address>
         <size>0x60</size>
         <alignment>0x2</alignment>
         <input_file_ref idref="fl-16"/>
      </object_component>
      <object_component id="oc-3f6">
         <name>.text.frexp</name>
         <load_address>0x8230</load_address>
         <readonly>true</readonly>
         <executable>true</executable>
         <run_address>0x8230</run_address>
         <size>0x5c</size>
         <alignment>0x4</alignment>
         <input_file_ref idref="fl-62"/>
      </object_component>
      <object_component id="oc-2fa">
         <name>.text.inv_imu_set_accel_ln_bw</name>
         <load_address>0x828c</load_address>
         <readonly>true</readonly>
         <executable>true</executable>
         <run_address>0x828c</run_address>
         <size>0x5c</size>
         <alignment>0x4</alignment>
         <input_file_ref idref="fl-16"/>
      </object_component>
      <object_component id="oc-2fb">
         <name>.text.inv_imu_set_gyro_ln_bw</name>
         <load_address>0x82e8</load_address>
         <readonly>true</readonly>
         <executable>true</executable>
         <run_address>0x82e8</run_address>
         <size>0x5c</size>
         <alignment>0x4</alignment>
         <input_file_ref idref="fl-16"/>
      </object_component>
      <object_component id="oc-113">
         <name>.text.printf</name>
         <load_address>0x8344</load_address>
         <readonly>true</readonly>
         <executable>true</executable>
         <run_address>0x8344</run_address>
         <size>0x5c</size>
         <alignment>0x4</alignment>
         <input_file_ref idref="fl-4a"/>
      </object_component>
      <object_component id="oc-1c3">
         <name>.text.SYSCFG_DL_I2C_0_init</name>
         <load_address>0x83a0</load_address>
         <readonly>true</readonly>
         <executable>true</executable>
         <run_address>0x83a0</run_address>
         <size>0x58</size>
         <alignment>0x4</alignment>
         <input_file_ref idref="fl-1"/>
      </object_component>
      <object_component id="oc-11c">
         <name>.text.Servo_SetPosition</name>
         <load_address>0x83f8</load_address>
         <readonly>true</readonly>
         <executable>true</executable>
         <run_address>0x83f8</run_address>
         <size>0x58</size>
         <alignment>0x4</alignment>
         <input_file_ref idref="fl-10"/>
      </object_component>
      <object_component id="oc-3fe">
         <name>.text.__TI_ltoa</name>
         <load_address>0x8450</load_address>
         <readonly>true</readonly>
         <executable>true</executable>
         <run_address>0x8450</run_address>
         <size>0x58</size>
         <alignment>0x2</alignment>
         <input_file_ref idref="fl-52"/>
      </object_component>
      <object_component id="oc-3a0">
         <name>.text._pconv_f</name>
         <load_address>0x84a8</load_address>
         <readonly>true</readonly>
         <executable>true</executable>
         <run_address>0x84a8</run_address>
         <size>0x58</size>
         <alignment>0x2</alignment>
         <input_file_ref idref="fl-4b"/>
      </object_component>
      <object_component id="oc-3ad">
         <name>.text.invSqrt1</name>
         <load_address>0x8500</load_address>
         <readonly>true</readonly>
         <executable>true</executable>
         <run_address>0x8500</run_address>
         <size>0x58</size>
         <alignment>0x4</alignment>
         <input_file_ref idref="fl-18"/>
      </object_component>
      <object_component id="oc-2fc">
         <name>.text.inv_imu_select_accel_lp_clk</name>
         <load_address>0x8558</load_address>
         <readonly>true</readonly>
         <executable>true</executable>
         <run_address>0x8558</run_address>
         <size>0x58</size>
         <alignment>0x4</alignment>
         <input_file_ref idref="fl-16"/>
      </object_component>
      <object_component id="oc-434">
         <name>.text.__aeabi_idivmod</name>
         <load_address>0x85b0</load_address>
         <readonly>true</readonly>
         <executable>true</executable>
         <run_address>0x85b0</run_address>
         <size>0x56</size>
         <alignment>0x4</alignment>
         <input_file_ref idref="fl-129"/>
      </object_component>
      <object_component id="oc-2f8">
         <name>.text.inv_imu_set_accel_frequency</name>
         <load_address>0x8606</load_address>
         <readonly>true</readonly>
         <executable>true</executable>
         <run_address>0x8606</run_address>
         <size>0x56</size>
         <alignment>0x2</alignment>
         <input_file_ref idref="fl-16"/>
      </object_component>
      <object_component id="oc-2f9">
         <name>.text.inv_imu_set_gyro_frequency</name>
         <load_address>0x865c</load_address>
         <readonly>true</readonly>
         <executable>true</executable>
         <run_address>0x865c</run_address>
         <size>0x56</size>
         <alignment>0x2</alignment>
         <input_file_ref idref="fl-16"/>
      </object_component>
      <object_component id="oc-1c4">
         <name>.text.SYSCFG_DL_USB_UART_0_init</name>
         <load_address>0x86b4</load_address>
         <readonly>true</readonly>
         <executable>true</executable>
         <run_address>0x86b4</run_address>
         <size>0x54</size>
         <alignment>0x4</alignment>
         <input_file_ref idref="fl-1"/>
      </object_component>
      <object_component id="oc-404">
         <name>.text._ecpy</name>
         <load_address>0x8708</load_address>
         <readonly>true</readonly>
         <executable>true</executable>
         <run_address>0x8708</run_address>
         <size>0x52</size>
         <alignment>0x2</alignment>
         <input_file_ref idref="fl-4b"/>
      </object_component>
      <object_component id="oc-301">
         <name>.text.icm45686_write_regs</name>
         <load_address>0x875a</load_address>
         <readonly>true</readonly>
         <executable>true</executable>
         <run_address>0x875a</run_address>
         <size>0x52</size>
         <alignment>0x2</alignment>
         <input_file_ref idref="fl-19"/>
      </object_component>
      <object_component id="oc-2f6">
         <name>.text.inv_imu_set_accel_fsr</name>
         <load_address>0x87ac</load_address>
         <readonly>true</readonly>
         <executable>true</executable>
         <run_address>0x87ac</run_address>
         <size>0x52</size>
         <alignment>0x2</alignment>
         <input_file_ref idref="fl-16"/>
      </object_component>
      <object_component id="oc-323">
         <name>.text.fputs</name>
         <load_address>0x8800</load_address>
         <readonly>true</readonly>
         <executable>true</executable>
         <run_address>0x8800</run_address>
         <size>0x50</size>
         <alignment>0x4</alignment>
         <input_file_ref idref="fl-12"/>
      </object_component>
      <object_component id="oc-2f7">
         <name>.text.inv_imu_set_gyro_fsr</name>
         <load_address>0x8850</load_address>
         <readonly>true</readonly>
         <executable>true</executable>
         <run_address>0x8850</run_address>
         <size>0x50</size>
         <alignment>0x2</alignment>
         <input_file_ref idref="fl-16"/>
      </object_component>
      <object_component id="oc-37a">
         <name>.text.io_write_reg</name>
         <load_address>0x88a0</load_address>
         <readonly>true</readonly>
         <executable>true</executable>
         <run_address>0x88a0</run_address>
         <size>0x50</size>
         <alignment>0x4</alignment>
         <input_file_ref idref="fl-19"/>
      </object_component>
      <object_component id="oc-379">
         <name>.text.spi0_read_write_byte</name>
         <load_address>0x88f0</load_address>
         <readonly>true</readonly>
         <executable>true</executable>
         <run_address>0x88f0</run_address>
         <size>0x50</size>
         <alignment>0x4</alignment>
         <input_file_ref idref="fl-19"/>
      </object_component>
      <object_component id="oc-2c0">
         <name>.text.DL_UART_setBaudRateDivisor</name>
         <load_address>0x8940</load_address>
         <readonly>true</readonly>
         <executable>true</executable>
         <run_address>0x8940</run_address>
         <size>0x4c</size>
         <alignment>0x4</alignment>
         <input_file_ref idref="fl-1"/>
      </object_component>
      <object_component id="oc-2dc">
         <name>.text.DL_ADC12_configConversionMem</name>
         <load_address>0x898c</load_address>
         <readonly>true</readonly>
         <executable>true</executable>
         <run_address>0x898c</run_address>
         <size>0x4a</size>
         <alignment>0x2</alignment>
         <input_file_ref idref="fl-1"/>
      </object_component>
      <object_component id="oc-30e">
         <name>.text.__fixdfsi</name>
         <load_address>0x89d8</load_address>
         <readonly>true</readonly>
         <executable>true</executable>
         <run_address>0x89d8</run_address>
         <size>0x4a</size>
         <alignment>0x4</alignment>
         <input_file_ref idref="fl-11f"/>
      </object_component>
      <object_component id="oc-309">
         <name>.text.adc_getValue</name>
         <load_address>0x8a22</load_address>
         <readonly>true</readonly>
         <executable>true</executable>
         <run_address>0x8a22</run_address>
         <size>0x4a</size>
         <alignment>0x2</alignment>
         <input_file_ref idref="fl-5"/>
      </object_component>
      <object_component id="oc-2be">
         <name>.text.DL_UART_init</name>
         <load_address>0x8a6c</load_address>
         <readonly>true</readonly>
         <executable>true</executable>
         <run_address>0x8a6c</run_address>
         <size>0x48</size>
         <alignment>0x4</alignment>
         <input_file_ref idref="fl-2f"/>
      </object_component>
      <object_component id="oc-2cf">
         <name>.text.DL_SPI_init</name>
         <load_address>0x8ab4</load_address>
         <readonly>true</readonly>
         <executable>true</executable>
         <run_address>0x8ab4</run_address>
         <size>0x44</size>
         <alignment>0x4</alignment>
         <input_file_ref idref="fl-2d"/>
      </object_component>
      <object_component id="oc-53">
         <name>.text.TIMA1_IRQHandler</name>
         <load_address>0x8af8</load_address>
         <readonly>true</readonly>
         <executable>true</executable>
         <run_address>0x8af8</run_address>
         <size>0x44</size>
         <alignment>0x4</alignment>
         <input_file_ref idref="fl-d"/>
      </object_component>
      <object_component id="oc-3f">
         <name>.text.TIMG8_IRQHandler</name>
         <load_address>0x8b3c</load_address>
         <readonly>true</readonly>
         <executable>true</executable>
         <run_address>0x8b3c</run_address>
         <size>0x44</size>
         <alignment>0x4</alignment>
         <input_file_ref idref="fl-d"/>
      </object_component>
      <object_component id="oc-246">
         <name>.text.constrain_float</name>
         <load_address>0x8b80</load_address>
         <readonly>true</readonly>
         <executable>true</executable>
         <run_address>0x8b80</run_address>
         <size>0x44</size>
         <alignment>0x2</alignment>
         <input_file_ref idref="fl-c"/>
      </object_component>
      <object_component id="oc-372">
         <name>.text.inv_imu_read_reg</name>
         <load_address>0x8bc4</load_address>
         <readonly>true</readonly>
         <executable>true</executable>
         <run_address>0x8bc4</run_address>
         <size>0x44</size>
         <alignment>0x2</alignment>
         <input_file_ref idref="fl-17"/>
      </object_component>
      <object_component id="oc-343">
         <name>.text.uart_send</name>
         <load_address>0x8c08</load_address>
         <readonly>true</readonly>
         <executable>true</executable>
         <run_address>0x8c08</run_address>
         <size>0x44</size>
         <alignment>0x2</alignment>
         <input_file_ref idref="fl-11"/>
      </object_component>
      <object_component id="oc-111">
         <name>.text.No_Mcu_Ganv_Sensor_Task_Without_tick</name>
         <load_address>0x8c4c</load_address>
         <readonly>true</readonly>
         <executable>true</executable>
         <run_address>0x8c4c</run_address>
         <size>0x42</size>
         <alignment>0x2</alignment>
         <input_file_ref idref="fl-7"/>
      </object_component>
      <object_component id="oc-2e8">
         <name>.text.inv_imu_write_reg</name>
         <load_address>0x8c8e</load_address>
         <readonly>true</readonly>
         <executable>true</executable>
         <run_address>0x8c8e</run_address>
         <size>0x42</size>
         <alignment>0x2</alignment>
         <input_file_ref idref="fl-17"/>
      </object_component>
      <object_component id="oc-2d5">
         <name>.text.DL_ADC12_setClockConfig</name>
         <load_address>0x8cd0</load_address>
         <readonly>true</readonly>
         <executable>true</executable>
         <run_address>0x8cd0</run_address>
         <size>0x40</size>
         <alignment>0x4</alignment>
         <input_file_ref idref="fl-2a"/>
      </object_component>
[...]
      </symbol>
      <symbol id="sm-52b">
         <name>atan2</name>
         <value>0x4c2d</value>
         <object_component_ref idref="oc-209"/>
      </symbol>
      <symbol id="sm-52c">
         <name>atan2l</name>
         <value>0x4c2d</value>
         <object_component_ref idref="oc-209"/>
      </symbol>
      <symbol id="sm-536">
         <name>sqrt</name>
         <value>0x4f25</value>
         <object_component_ref idref="oc-33a"/>
      </symbol>
      <symbol id="sm-537">
         <name>sqrtl</name>
         <value>0x4f25</value>
         <object_component_ref idref="oc-33a"/>
      </symbol>
      <symbol id="sm-54e">
         <name>atan</name>
         <value>0x3519</value>
         <object_component_ref idref="oc-32a"/>
      </symbol>
      <symbol id="sm-54f">
         <name>atanl</name>
         <value>0x3519</value>
         <object_component_ref idref="oc-32a"/>
      </symbol>
      <symbol id="sm-560">
         <name>printf</name>
         <value>0x8345</value>
         <object_component_ref idref="oc-113"/>
      </symbol>
      <symbol id="sm-5a9">
         <name>__TI_printfi</name>
         <value>0xc9d</value>
         <object_component_ref idref="oc-319"/>
      </symbol>
      <symbol id="sm-5ba">
         <name>sprintf</name>
         <value>0x9251</value>
         <object_component_ref idref="oc-13f"/>
      </symbol>
      <symbol id="sm-5cf">
         <name>sscanf</name>
         <value>0x9481</value>
         <object_component_ref idref="oc-220"/>
      </symbol>
      <symbol id="sm-5d9">
         <name>truncf</name>
         <value>0x7e35</value>
         <object_component_ref idref="oc-247"/>
      </symbol>
      <symbol id="sm-5da">
         <name>__aeabi_ctype_table_</name>
         <value>0xa940</value>
         <object_component_ref idref="oc-3c2"/>
      </symbol>
      <symbol id="sm-5db">
         <name>__aeabi_ctype_table_C</name>
         <value>0xa940</value>
         <object_component_ref idref="oc-3c2"/>
      </symbol>
      <symbol id="sm-5e6">
         <name>__aeabi_errno_addr</name>
         <value>0xa2cd</value>
         <object_component_ref idref="oc-333"/>
      </symbol>
      <symbol id="sm-5e7">
         <name>__aeabi_errno</name>
         <value>0x202025c8</value>
         <object_component_ref idref="oc-3b7"/>
      </symbol>
      <symbol id="sm-5f0">
         <name>_nop</name>
         <value>0x5f73</value>
         <object_component_ref idref="oc-31a"/>
      </symbol>
      <symbol id="sm-5f1">
         <name>_lock</name>
         <value>0x202025cc</value>
         <object_component_ref idref="oc-1f7"/>
      </symbol>
      <symbol id="sm-5f2">
         <name>_unlock</name>
         <value>0x202025d0</value>
         <object_component_ref idref="oc-1fd"/>
      </symbol>
      <symbol id="sm-5fb">
         <name>__TI_ltoa</name>
         <value>0x8451</value>
         <object_component_ref idref="oc-3fe"/>
      </symbol>
      <symbol id="sm-607">
         <name>atoi</name>
         <value>0x8e91</value>
         <object_component_ref idref="oc-38d"/>
      </symbol>
      <symbol id="sm-60c">
         <name>_ftable</name>
         <value>0x20202474</value>
         <object_component_ref idref="oc-1f9"/>
      </symbol>
      <symbol id="sm-615">
         <name>memccpy</name>
         <value>0x9803</value>
         <object_component_ref idref="oc-386"/>
      </symbol>
      <symbol id="sm-62b">
         <name>strtod</name>
         <value>0x2a5d</value>
         <object_component_ref idref="oc-3c8"/>
      </symbol>
      <symbol id="sm-62c">
         <name>strtold</name>
         <value>0x2a5d</value>
         <object_component_ref idref="oc-3c8"/>
      </symbol>
      <symbol id="sm-637">
         <name>_c_int00_noargs</name>
         <value>0x96dd</value>
         <object_component_ref idref="oc-6f"/>
      </symbol>
      <symbol id="sm-638">
         <name>__stack</name>
         <value>0x20207e00</value>
         <object_component_ref idref="oc-1d"/>
      </symbol>
      <symbol id="sm-647">
         <name>__TI_auto_init_nobinit_nopinit</name>
         <value>0x90f5</value>
         <object_component_ref idref="oc-180"/>
      </symbol>
      <symbol id="sm-64f">
         <name>_system_pre_init</name>
         <value>0xa341</value>
         <object_component_ref idref="oc-af"/>
      </symbol>
      <symbol id="sm-65a">
         <name>__TI_zero_init</name>
         <value>0xa185</value>
         <object_component_ref idref="oc-6c"/>
      </symbol>
      <symbol id="sm-663">
         <name>__TI_decompress_none</name>
         <value>0xa141</value>
         <object_component_ref idref="oc-23"/>
      </symbol>
      <symbol id="sm-66e">
         <name>__TI_decompress_lzss</name>
         <value>0x7931</value>
         <object_component_ref idref="oc-1f"/>
      </symbol>
      <symbol id="sm-678">
         <name>frexp</name>
         <value>0x8231</value>
         <object_component_ref idref="oc-3f6"/>
      </symbol>
      <symbol id="sm-679">
         <name>frexpl</name>
         <value>0x8231</value>
         <object_component_ref idref="oc-3f6"/>
      </symbol>
      <symbol id="sm-683">
         <name>scalbn</name>
         <value>0x692d</value>
         <object_component_ref idref="oc-3fa"/>
      </symbol>
      <symbol id="sm-684">
         <name>ldexp</name>
         <value>0x692d</value>
         <object_component_ref idref="oc-3fa"/>
      </symbol>
      <symbol id="sm-685">
         <name>scalbnl</name>
         <value>0x692d</value>
         <object_component_ref idref="oc-3fa"/>
      </symbol>
      <symbol id="sm-686">
         <name>ldexpl</name>
         <value>0x692d</value>
         <object_component_ref idref="oc-3fa"/>
      </symbol>
      <symbol id="sm-68f">
         <name>wcslen</name>
         <value>0xa175</value>
         <object_component_ref idref="oc-391"/>
      </symbol>
      <symbol id="sm-6b6">
         <name>__TI_scanfi</name>
         <value>0xc1</value>
         <object_component_ref idref="oc-346"/>
      </symbol>
      <symbol id="sm-6c1">
         <name>abort</name>
         <value>0xa319</value>
         <object_component_ref idref="oc-179"/>
      </symbol>
      <symbol id="sm-6cd">
         <name>strtol</name>
         <value>0x573d</value>
         <object_component_ref idref="oc-3d3"/>
      </symbol>
      <symbol id="sm-6d8">
         <name>strtoll</name>
         <value>0x41d9</value>
         <object_component_ref idref="oc-3db"/>
      </symbol>
      <symbol id="sm-6e3">
         <name>strtoul</name>
         <value>0x5af9</value>
         <object_component_ref idref="oc-3cf"/>
      </symbol>
      <symbol id="sm-6ee">
         <name>strtoull</name>
         <value>0x5095</value>
         <object_component_ref idref="oc-3d7"/>
      </symbol>
      <symbol id="sm-6f6">
         <name>HOSTexit</name>
         <value>0xa323</value>
         <object_component_ref idref="oc-25d"/>
      </symbol>
      <symbol id="sm-6f7">
         <name>C$$EXIT</name>
         <value>0xa322</value>
         <object_component_ref idref="oc-25d"/>
      </symbol>
      <symbol id="sm-707">
         <name>__aeabi_fadd</name>
         <value>0x6a0f</value>
         <object_component_ref idref="oc-c1"/>
      </symbol>
      <symbol id="sm-708">
         <name>__addsf3</name>
         <value>0x6a0f</value>
         <object_component_ref idref="oc-c1"/>
      </symbol>
      <symbol id="sm-709">
         <name>__aeabi_fsub</name>
         <value>0x6a05</value>
         <object_component_ref idref="oc-c1"/>
      </symbol>
      <symbol id="sm-70a">
         <name>__subsf3</name>
         <value>0x6a05</value>
         <object_component_ref idref="oc-c1"/>
      </symbol>
      <symbol id="sm-710">
         <name>__aeabi_dadd</name>
         <value>0x491b</value>
         <object_component_ref idref="oc-14d"/>
      </symbol>
      <symbol id="sm-711">
         <name>__adddf3</name>
         <value>0x491b</value>
         <object_component_ref idref="oc-14d"/>
      </symbol>
      <symbol id="sm-712">
         <name>__aeabi_dsub</name>
         <value>0x4911</value>
         <object_component_ref idref="oc-14d"/>
      </symbol>
      <symbol id="sm-713">
         <name>__subdf3</name>
         <value>0x4911</value>
         <object_component_ref idref="oc-14d"/>
      </symbol>
      <symbol id="sm-71f">
         <name>__aeabi_dmul</name>
         <value>0x6695</value>
         <object_component_ref idref="oc-149"/>
      </symbol>
      <symbol id="sm-720">
         <name>__muldf3</name>
         <value>0x6695</value>
         <object_component_ref idref="oc-149"/>
      </symbol>
      <symbol id="sm-729">
         <name>__muldsi3</name>
         <value>0x916d</value>
         <object_component_ref idref="oc-193"/>
      </symbol>
      <symbol id="sm-72f">
         <name>__aeabi_fmul</name>
         <value>0x7699</value>
         <object_component_ref idref="oc-c5"/>
      </symbol>
      <symbol id="sm-730">
         <name>__mulsf3</name>
         <value>0x7699</value>
         <object_component_ref idref="oc-c5"/>
      </symbol>
      <symbol id="sm-736">
         <name>__aeabi_fdiv</name>
         <value>0x7831</value>
         <object_component_ref idref="oc-cd"/>
      </symbol>
      <symbol id="sm-737">
         <name>__divsf3</name>
         <value>0x7831</value>
         <object_component_ref idref="oc-cd"/>
      </symbol>
      <symbol id="sm-73d">
         <name>__aeabi_ddiv</name>
         <value>0x6191</value>
         <object_component_ref idref="oc-204"/>
      </symbol>
      <symbol id="sm-73e">
         <name>__divdf3</name>
         <value>0x6191</value>
         <object_component_ref idref="oc-204"/>
      </symbol>
      <symbol id="sm-747">
         <name>__aeabi_f2d</name>
         <value>0x8e51</value>
         <object_component_ref idref="oc-d1"/>
      </symbol>
      <symbol id="sm-748">
         <name>__extendsfdf2</name>
         <value>0x8e51</value>
         <object_component_ref idref="oc-d1"/>
      </symbol>
      <symbol id="sm-74e">
         <name>__aeabi_d2iz</name>
         <value>0x89d9</value>
         <object_component_ref idref="oc-30e"/>
      </symbol>
      <symbol id="sm-74f">
         <name>__fixdfsi</name>
         <value>0x89d9</value>
         <object_component_ref idref="oc-30e"/>
      </symbol>
      <symbol id="sm-755">
         <name>__aeabi_f2iz</name>
         <value>0x9219</value>
         <object_component_ref idref="oc-94"/>
      </symbol>
      <symbol id="sm-756">
         <name>__fixsfsi</name>
         <value>0x9219</value>
         <object_component_ref idref="oc-94"/>
      </symbol>
      <symbol id="sm-75c">
         <name>__aeabi_i2d</name>
         <value>0x95b9</value>
         <object_component_ref idref="oc-145"/>
      </symbol>
      <symbol id="sm-75d">
         <name>__floatsidf</name>
         <value>0x95b9</value>
         <object_component_ref idref="oc-145"/>
      </symbol>
      <symbol id="sm-763">
         <name>__aeabi_i2f</name>
         <value>0x9041</value>
         <object_component_ref idref="oc-155"/>
      </symbol>
      <symbol id="sm-764">
         <name>__floatsisf</name>
         <value>0x9041</value>
         <object_component_ref idref="oc-155"/>
      </symbol>
      <symbol id="sm-76a">
         <name>__aeabi_ui2d</name>
         <value>0x9799</value>
         <object_component_ref idref="oc-200"/>
      </symbol>
      <symbol id="sm-76b">
         <name>__floatunsidf</name>
         <value>0x9799</value>
         <object_component_ref idref="oc-200"/>
      </symbol>
      <symbol id="sm-771">
         <name>__aeabi_ui2f</name>
         <value>0x96b5</value>
         <object_component_ref idref="oc-3a9"/>
      </symbol>
      <symbol id="sm-772">
         <name>__floatunsisf</name>
         <value>0x96b5</value>
         <object_component_ref idref="oc-3a9"/>
      </symbol>
      <symbol id="sm-778">
         <name>__aeabi_lmul</name>
         <value>0x97bd</value>
         <object_component_ref idref="oc-395"/>
      </symbol>
      <symbol id="sm-779">
         <name>__muldi3</name>
         <value>0x97bd</value>
         <object_component_ref idref="oc-395"/>
      </symbol>
      <symbol id="sm-780">
         <name>__aeabi_d2f</name>
         <value>0x7b91</value>
         <object_component_ref idref="oc-151"/>
      </symbol>
      <symbol id="sm-781">
         <name>__truncdfsf2</name>
         <value>0x7b91</value>
         <object_component_ref idref="oc-151"/>
      </symbol>
      <symbol id="sm-787">
         <name>__aeabi_dcmpeq</name>
         <value>0x80a9</value>
         <object_component_ref idref="oc-d5"/>
      </symbol>
      <symbol id="sm-788">
         <name>__aeabi_dcmplt</name>
         <value>0x80bd</value>
         <object_component_ref idref="oc-d5"/>
      </symbol>
      <symbol id="sm-789">
         <name>__aeabi_dcmple</name>
         <value>0x80d1</value>
         <object_component_ref idref="oc-d5"/>
      </symbol>
      <symbol id="sm-78a">
         <name>__aeabi_dcmpge</name>
         <value>0x80e5</value>
         <object_component_ref idref="oc-d5"/>
      </symbol>
      <symbol id="sm-78b">
         <name>__aeabi_dcmpgt</name>
         <value>0x80f9</value>
         <object_component_ref idref="oc-d5"/>
      </symbol>
      <symbol id="sm-794">
         <name>__aeabi_fcmpeq</name>
         <value>0x810d</value>
         <object_component_ref idref="oc-c9"/>
      </symbol>
      <symbol id="sm-795">
         <name>__aeabi_fcmplt</name>
         <value>0x8121</value>
         <object_component_ref idref="oc-c9"/>
      </symbol>
      <symbol id="sm-796">
         <name>__aeabi_fcmple</name>
         <value>0x8135</value>
         <object_component_ref idref="oc-c9"/>
      </symbol>
      <symbol id="sm-797">
         <name>__aeabi_fcmpge</name>
         <value>0x8149</value>
         <object_component_ref idref="oc-c9"/>
      </symbol>
      <symbol id="sm-798">
         <name>__aeabi_fcmpgt</name>
         <value>0x815d</value>
         <object_component_ref idref="oc-c9"/>
      </symbol>
      <symbol id="sm-79e">
         <name>__aeabi_idiv</name>
         <value>0x85b1</value>
         <object_component_ref idref="oc-434"/>
      </symbol>
      <symbol id="sm-79f">
         <name>__aeabi_idivmod</name>
         <value>0x85b1</value>
         <object_component_ref idref="oc-434"/>
      </symbol>
      <symbol id="sm-7a5">
         <name>__aeabi_memcpy</name>
         <value>0xa2d5</value>
         <object_component_ref idref="oc-5f"/>
      </symbol>
      <symbol id="sm-7a6">
         <name>__aeabi_memcpy4</name>
         <value>0xa2d5</value>
         <object_component_ref idref="oc-5f"/>
      </symbol>
      <symbol id="sm-7a7">
         <name>__aeabi_memcpy8</name>
         <value>0xa2d5</value>
         <object_component_ref idref="oc-5f"/>
      </symbol>
      <symbol id="sm-7b0">
         <name>__aeabi_memset</name>
         <value>0xa1cd</value>
         <object_component_ref idref="oc-385"/>
      </symbol>
      <symbol id="sm-7b1">
         <name>__aeabi_memset4</name>
         <value>0xa1cd</value>
         <object_component_ref idref="oc-385"/>
      </symbol>
      <symbol id="sm-7b2">
         <name>__aeabi_memset8</name>
         <value>0xa1cd</value>
         <object_component_ref idref="oc-385"/>
      </symbol>
      <symbol id="sm-7b3">
         <name>__aeabi_memclr</name>
         <value>0x7b85</value>
         <object_component_ref idref="oc-aa"/>
      </symbol>
      <symbol id="sm-7b4">
         <name>__aeabi_memclr4</name>
         <value>0x7b85</value>
         <object_component_ref idref="oc-aa"/>
      </symbol>
      <symbol id="sm-7b5">
         <name>__aeabi_memclr8</name>
         <value>0x7b85</value>
         <object_component_ref idref="oc-aa"/>
      </symbol>
      <symbol id="sm-7bb">
         <name>__aeabi_uidiv</name>
         <value>0x8e11</value>
         <object_component_ref idref="oc-1b2"/>
      </symbol>
      <symbol id="sm-7bc">
         <name>__aeabi_uidivmod</name>
         <value>0x8e11</value>
         <object_component_ref idref="oc-1b2"/>
      </symbol>
      <symbol id="sm-7c2">
         <name>__aeabi_uldivmod</name>
         <value>0xa075</value>
         <object_component_ref idref="oc-39a"/>
      </symbol>
      <symbol id="sm-7cb">
         <name>__eqsf2</name>
         <value>0x9131</value>
         <object_component_ref idref="oc-198"/>
      </symbol>
      <symbol id="sm-7cc">
         <name>__lesf2</name>
         <value>0x9131</value>
         <object_component_ref idref="oc-198"/>
      </symbol>
      <symbol id="sm-7cd">
         <name>__ltsf2</name>
         <value>0x9131</value>
         <object_component_ref idref="oc-198"/>
      </symbol>
      <symbol id="sm-7ce">
         <name>__nesf2</name>
         <value>0x9131</value>
         <object_component_ref idref="oc-198"/>
      </symbol>
      <symbol id="sm-7cf">
         <name>__cmpsf2</name>
         <value>0x9131</value>
         <object_component_ref idref="oc-198"/>
      </symbol>
      <symbol id="sm-7d0">
         <name>__gtsf2</name>
         <value>0x907d</value>
         <object_component_ref idref="oc-19d"/>
      </symbol>
      <symbol id="sm-7d1">
         <name>__gesf2</name>
         <value>0x907d</value>
         <object_component_ref idref="oc-19d"/>
      </symbol>
      <symbol id="sm-7d7">
         <name>__udivmoddi4</name>
         <value>0x71dd</value>
         <object_component_ref idref="oc-3f1"/>
      </symbol>
      <symbol id="sm-7dd">
         <name>__aeabi_llsl</name>
         <value>0x98a5</value>
         <object_component_ref idref="oc-429"/>
      </symbol>
      <symbol id="sm-7de">
         <name>__ashldi3</name>
         <value>0x98a5</value>
         <object_component_ref idref="oc-429"/>
      </symbol>
      <symbol id="sm-7ec">
         <name>__ledf2</name>
         <value>0x7f75</value>
         <object_component_ref idref="oc-1a1"/>
      </symbol>
      <symbol id="sm-7ed">
         <name>__gedf2</name>
         <value>0x7b11</value>
         <object_component_ref idref="oc-1a7"/>
      </symbol>
      <symbol id="sm-7ee">
         <name>__cmpdf2</name>
         <value>0x7f75</value>
         <object_component_ref idref="oc-1a1"/>
      </symbol>
      <symbol id="sm-7ef">
         <name>__eqdf2</name>
         <value>0x7f75</value>
         <object_component_ref idref="oc-1a1"/>
      </symbol>
      <symbol id="sm-7f0">
         <name>__ltdf2</name>
         <value>0x7f75</value>
         <object_component_ref idref="oc-1a1"/>
      </symbol>
      <symbol id="sm-7f1">
         <name>__nedf2</name>
         <value>0x7f75</value>
         <object_component_ref idref="oc-1a1"/>
      </symbol>
      <symbol id="sm-7f2">
         <name>__gtdf2</name>
         <value>0x7b11</value>
         <object_component_ref idref="oc-1a7"/>
      </symbol>
      <symbol id="sm-7fe">
         <name>__aeabi_idiv0</name>
         <value>0x4aa3</value>
         <object_component_ref idref="oc-26f"/>
      </symbol>
      <symbol id="sm-7ff">
         <name>__aeabi_ldiv0</name>
         <value>0x54af</value>
         <object_component_ref idref="oc-428"/>
      </symbol>
      <symbol id="sm-808">
         <name>TI_memcpy_small</name>
         <value>0xa12f</value>
         <object_component_ref idref="oc-e6"/>
      </symbol>
      <symbol id="sm-811">
         <name>TI_memset_small</name>
         <value>0xa1e9</value>
         <object_component_ref idref="oc-1ac"/>
      </symbol>
      <symbol id="sm-812">
         <name>__TI_static_base__</name>
         <value>0x0</value>
      </symbol>
      <symbol id="sm-816">
         <name>__mpu_init</name>
         <value>0x0</value>
      </symbol>
      <symbol id="sm-817">
         <name>_system_post_cinit</name>
         <value>0x0</value>
      </symbol>
   </symbol_table>
   <title>Link successful</title>
</link_info>
