<?xml version="1.0" encoding="ISO-8859-1" ?>
<link_info>
   <banner>TI ARM Clang Linker PC v4.0.2.LTS</banner>
   <copyright>Copyright (c) 1996-2018 Texas Instruments Incorporated</copyright>
   <command_line>E:\M0CCS\CCS\cssoftware\ccs\tools\compiler\ti-cgt-armllvm_4.0.2.LTS\bin\tiarmlnk -IE:\M0CCS\CCS\cssoftware\ccs\tools\compiler\ti-cgt-armllvm_4.0.2.LTS\lib -o car_driver_mspm0.out -mcar_driver_mspm0.map -iC:/TI/mspm0_sdk_2_05_01_00/source -iC:/Users/HuYiFei/Desktop/cocode/EDC_Control/car_driver_mspm0/car_driver_mspm0/Debug/syscfg -iE:/M0CCS/CCS/cssoftware/ccs/tools/compiler/ti-cgt-armllvm_4.0.2.LTS/lib --diag_wrap=off --display_error_number --warn_sections --xml_link_info=car_driver_mspm0_linkInfo.xml --rom_model ./syscfg/ti_msp_dl_config.o ./syscfg/boot_config.o ./startup_mspm0g350x_ticlang.o ./main.o ./car_bsp/ADC.o ./car_bsp/Buzzer.o ./car_bsp/No_Mcu_Ganv_Grayscale_Sensor.o ./car_bsp/PID.o ./car_bsp/draw.o ./car_bsp/key.o ./car_bsp/key1.o ./car_bsp/laser_tracker.o ./car_bsp/motor.o ./car_bsp/rgb.o ./car_bsp/sensor.o ./car_bsp/servo_protocol.o ./car_bsp/usart.o ./car_bsp/usb_uart0.o ./car_bsp/vcc_adc.o ./car_bsp/Grayscale_Sensor/IIC.o ./car_bsp/Grayscale_Sensor/hardware_iic.o ./car_bsp/ICM45686/ICM45686/inv_imu_driver.o ./car_bsp/ICM45686/ICM45686/inv_imu_transport.o ./car_bsp/ICM45686/IMU/IMU.o ./car_bsp/ICM45686/basic_read_reg.o ./car_bsp/ICM45686/timer_100us.o ./car_bsp/OLED/oled.o -lsyscfg/device_linker.cmd -ldevice.cmd.genlibs -llibc.a --start-group -llibc++.a -llibc++abi.a -llibc.a -llibsys.a -llibsysbm.a -llibclang_rt.builtins.a -llibclang_rt.profile.a --end-group --cg_opt_level=0</command_line>
   <link_time>0x688d015d</link_time>
   <link_errors>0x0</link_errors>
   <output_file>C:\Users\HuYiFei\Desktop\cocode\EDC_Control\car_driver_mspm0\car_driver_mspm0\Debug\car_driver_mspm0.out</output_file>
   <entry_point>
      <name>_c_int00_noargs</name>
      <address>0x9a09</address>
   </entry_point>
   <input_file_list>
      <input_file id="fl-1">
         <path>C:\Users\HuYiFei\Desktop\cocode\EDC_Control\car_driver_mspm0\car_driver_mspm0\Debug\.\syscfg\</path>
         <kind>object</kind>
         <file>ti_msp_dl_config.o</file>
         <name>ti_msp_dl_config.o</name>
      </input_file>
      <input_file id="fl-2">
         <path>C:\Users\HuYiFei\Desktop\cocode\EDC_Control\car_driver_mspm0\car_driver_mspm0\Debug\.\syscfg\</path>
         <kind>object</kind>
         <file>boot_config.o</file>
         <name>boot_config.o</name>
      </input_file>
      <input_file id="fl-3">
         <path>C:\Users\HuYiFei\Desktop\cocode\EDC_Control\car_driver_mspm0\car_driver_mspm0\Debug\.\</path>
         <kind>object</kind>
         <file>startup_mspm0g350x_ticlang.o</file>
         <name>startup_mspm0g350x_ticlang.o</name>
      </input_file>
      <input_file id="fl-4">
         <path>C:\Users\HuYiFei\Desktop\cocode\EDC_Control\car_driver_mspm0\car_driver_mspm0\Debug\.\</path>
         <kind>object</kind>
         <file>main.o</file>
         <name>main.o</name>
      </input_file>
      <input_file id="fl-5">
         <path>C:\Users\HuYiFei\Desktop\cocode\EDC_Control\car_driver_mspm0\car_driver_mspm0\Debug\.\car_bsp\</path>
         <kind>object</kind>
         <file>ADC.o</file>
         <name>ADC.o</name>
      </input_file>
      <input_file id="fl-6">
         <path>C:\Users\HuYiFei\Desktop\cocode\EDC_Control\car_driver_mspm0\car_driver_mspm0\Debug\.\car_bsp\</path>
         <kind>object</kind>
         <file>Buzzer.o</file>
         <name>Buzzer.o</name>
      </input_file>
      <input_file id="fl-7">
         <path>C:\Users\HuYiFei\Desktop\cocode\EDC_Control\car_driver_mspm0\car_driver_mspm0\Debug\.\car_bsp\</path>
         <kind>object</kind>
         <file>No_Mcu_Ganv_Grayscale_Sensor.o</file>
         <name>No_Mcu_Ganv_Grayscale_Sensor.o</name>
      </input_file>
      <input_file id="fl-8">
         <path>C:\Users\HuYiFei\Desktop\cocode\EDC_Control\car_driver_mspm0\car_driver_mspm0\Debug\.\car_bsp\</path>
         <kind>object</kind>
         <file>PID.o</file>
         <name>PID.o</name>
      </input_file>
      <input_file id="fl-9">
         <path>C:\Users\HuYiFei\Desktop\cocode\EDC_Control\car_driver_mspm0\car_driver_mspm0\Debug\.\car_bsp\</path>
         <kind>object</kind>
         <file>draw.o</file>
         <name>draw.o</name>
      </input_file>
      <input_file id="fl-a">
         <path>C:\Users\HuYiFei\Desktop\cocode\EDC_Control\car_driver_mspm0\car_driver_mspm0\Debug\.\car_bsp\</path>
         <kind>object</kind>
         <file>key.o</file>
         <name>key.o</name>
      </input_file>
      <input_file id="fl-b">
         <path>C:\Users\HuYiFei\Desktop\cocode\EDC_Control\car_driver_mspm0\car_driver_mspm0\Debug\.\car_bsp\</path>
         <kind>object</kind>
         <file>key1.o</file>
         <name>key1.o</name>
      </input_file>
      <input_file id="fl-c">
         <path>C:\Users\HuYiFei\Desktop\cocode\EDC_Control\car_driver_mspm0\car_driver_mspm0\Debug\.\car_bsp\</path>
         <kind>object</kind>
         <file>laser_tracker.o</file>
         <name>laser_tracker.o</name>
      </input_file>
      <input_file id="fl-d">
         <path>C:\Users\HuYiFei\Desktop\cocode\EDC_Control\car_driver_mspm0\car_driver_mspm0\Debug\.\car_bsp\</path>
         <kind>object</kind>
         <file>motor.o</file>
         <name>motor.o</name>
      </input_file>
      <input_file id="fl-e">
         <path>C:\Users\HuYiFei\Desktop\cocode\EDC_Control\car_driver_mspm0\car_driver_mspm0\Debug\.\car_bsp\</path>
         <kind>object</kind>
         <file>rgb.o</file>
         <name>rgb.o</name>
      </input_file>
      <input_file id="fl-f">
         <path>C:\Users\HuYiFei\Desktop\cocode\EDC_Control\car_driver_mspm0\car_driver_mspm0\Debug\.\car_bsp\</path>
         <kind>object</kind>
         <file>sensor.o</file>
         <name>sensor.o</name>
      </input_file>
      <input_file id="fl-10">
         <path>C:\Users\HuYiFei\Desktop\cocode\EDC_Control\car_driver_mspm0\car_driver_mspm0\Debug\.\car_bsp\</path>
         <kind>object</kind>
         <file>servo_protocol.o</file>
         <name>servo_protocol.o</name>
      </input_file>
      <input_file id="fl-11">
         <path>C:\Users\HuYiFei\Desktop\cocode\EDC_Control\car_driver_mspm0\car_driver_mspm0\Debug\.\car_bsp\</path>
         <kind>object</kind>
         <file>usart.o</file>
         <name>usart.o</name>
      </input_file>
      <input_file id="fl-12">
         <path>C:\Users\HuYiFei\Desktop\cocode\EDC_Control\car_driver_mspm0\car_driver_mspm0\Debug\.\car_bsp\</path>
         <kind>object</kind>
         <file>usb_uart0.o</file>
         <name>usb_uart0.o</name>
      </input_file>
      <input_file id="fl-13">
         <path>C:\Users\HuYiFei\Desktop\cocode\EDC_Control\car_driver_mspm0\car_driver_mspm0\Debug\.\car_bsp\</path>
         <kind>object</kind>
         <file>vcc_adc.o</file>
         <name>vcc_adc.o</name>
      </input_file>
      <input_file id="fl-14">
         <path>C:\Users\HuYiFei\Desktop\cocode\EDC_Control\car_driver_mspm0\car_driver_mspm0\Debug\.\car_bsp\Grayscale_Sensor\</path>
         <kind>object</kind>
         <file>IIC.o</file>
         <name>IIC.o</name>
      </input_file>
      <input_file id="fl-15">
         <path>C:\Users\HuYiFei\Desktop\cocode\EDC_Control\car_driver_mspm0\car_driver_mspm0\Debug\.\car_bsp\Grayscale_Sensor\</path>
         <kind>object</kind>
         <file>hardware_iic.o</file>
         <name>hardware_iic.o</name>
      </input_file>
      <input_file id="fl-16">
         <path>C:\Users\HuYiFei\Desktop\cocode\EDC_Control\car_driver_mspm0\car_driver_mspm0\Debug\.\car_bsp\ICM45686\ICM45686\</path>
         <kind>object</kind>
         <file>inv_imu_driver.o</file>
         <name>inv_imu_driver.o</name>
      </input_file>
      <input_file id="fl-17">
         <path>C:\Users\HuYiFei\Desktop\cocode\EDC_Control\car_driver_mspm0\car_driver_mspm0\Debug\.\car_bsp\ICM45686\ICM45686\</path>
         <kind>object</kind>
         <file>inv_imu_transport.o</file>
         <name>inv_imu_transport.o</name>
      </input_file>
      <input_file id="fl-18">
         <path>C:\Users\HuYiFei\Desktop\cocode\EDC_Control\car_driver_mspm0\car_driver_mspm0\Debug\.\car_bsp\ICM45686\IMU\</path>
         <kind>object</kind>
         <file>IMU.o</file>
         <name>IMU.o</name>
      </input_file>
      <input_file id="fl-19">
         <path>C:\Users\HuYiFei\Desktop\cocode\EDC_Control\car_driver_mspm0\car_driver_mspm0\Debug\.\car_bsp\ICM45686\</path>
         <kind>object</kind>
         <file>basic_read_reg.o</file>
         <name>basic_read_reg.o</name>
      </input_file>
      <input_file id="fl-1a">
         <path>C:\Users\HuYiFei\Desktop\cocode\EDC_Control\car_driver_mspm0\car_driver_mspm0\Debug\.\car_bsp\ICM45686\</path>
         <kind>object</kind>
         <file>timer_100us.o</file>
         <name>timer_100us.o</name>
      </input_file>
      <input_file id="fl-1b">
         <path>C:\Users\HuYiFei\Desktop\cocode\EDC_Control\car_driver_mspm0\car_driver_mspm0\Debug\.\car_bsp\OLED\</path>
         <kind>object</kind>
         <file>oled.o</file>
         <name>oled.o</name>
      </input_file>
      <input_file id="fl-29">
         <path>C:\Users\HuYiFei\Desktop\cocode\EDC_Control\car_driver_mspm0\car_driver_mspm0\Debug\</path>
         <kind>object</kind>
         <file>&lt;internal&gt;</file>
         <name>&lt;internal&gt;</name>
      </input_file>
      <input_file id="fl-2a">
         <path>C:\TI\mspm0_sdk_2_05_01_00\source\ti\driverlib\lib\ticlang\m0p\mspm0g1x0x_g3x0x\</path>
         <kind>archive</kind>
         <file>driverlib.a</file>
         <name>dl_adc12.o</name>
      </input_file>
      <input_file id="fl-2b">
         <path>C:\TI\mspm0_sdk_2_05_01_00\source\ti\driverlib\lib\ticlang\m0p\mspm0g1x0x_g3x0x\</path>
         <kind>archive</kind>
         <file>driverlib.a</file>
         <name>dl_common.o</name>
      </input_file>
      <input_file id="fl-2c">
         <path>C:\TI\mspm0_sdk_2_05_01_00\source\ti\driverlib\lib\ticlang\m0p\mspm0g1x0x_g3x0x\</path>
         <kind>archive</kind>
         <file>driverlib.a</file>
         <name>dl_i2c.o</name>
      </input_file>
      <input_file id="fl-2d">
         <path>C:\TI\mspm0_sdk_2_05_01_00\source\ti\driverlib\lib\ticlang\m0p\mspm0g1x0x_g3x0x\</path>
         <kind>archive</kind>
         <file>driverlib.a</file>
         <name>dl_spi.o</name>
      </input_file>
      <input_file id="fl-2e">
         <path>C:\TI\mspm0_sdk_2_05_01_00\source\ti\driverlib\lib\ticlang\m0p\mspm0g1x0x_g3x0x\</path>
         <kind>archive</kind>
         <file>driverlib.a</file>
         <name>dl_timer.o</name>
      </input_file>
      <input_file id="fl-2f">
         <path>C:\TI\mspm0_sdk_2_05_01_00\source\ti\driverlib\lib\ticlang\m0p\mspm0g1x0x_g3x0x\</path>
         <kind>archive</kind>
         <file>driverlib.a</file>
         <name>dl_uart.o</name>
      </input_file>
      <input_file id="fl-46">
         <path>E:\M0CCS\CCS\cssoftware\ccs\tools\compiler\ti-cgt-armllvm_4.0.2.LTS\lib\armv6m-ti-none-eabi\c\</path>
         <kind>archive</kind>
         <file>libc.a</file>
         <name>e_asin.c.obj</name>
      </input_file>
      <input_file id="fl-47">
         <path>E:\M0CCS\CCS\cssoftware\ccs\tools\compiler\ti-cgt-armllvm_4.0.2.LTS\lib\armv6m-ti-none-eabi\c\</path>
         <kind>archive</kind>
         <file>libc.a</file>
         <name>e_atan2.c.obj</name>
      </input_file>
      <input_file id="fl-48">
         <path>E:\M0CCS\CCS\cssoftware\ccs\tools\compiler\ti-cgt-armllvm_4.0.2.LTS\lib\armv6m-ti-none-eabi\c\</path>
         <kind>archive</kind>
         <file>libc.a</file>
         <name>e_sqrt.c.obj</name>
      </input_file>
      <input_file id="fl-49">
         <path>E:\M0CCS\CCS\cssoftware\ccs\tools\compiler\ti-cgt-armllvm_4.0.2.LTS\lib\armv6m-ti-none-eabi\c\</path>
         <kind>archive</kind>
         <file>libc.a</file>
         <name>s_atan.c.obj</name>
      </input_file>
      <input_file id="fl-4a">
         <path>E:\M0CCS\CCS\cssoftware\ccs\tools\compiler\ti-cgt-armllvm_4.0.2.LTS\lib\armv6m-ti-none-eabi\c\</path>
         <kind>archive</kind>
         <file>libc.a</file>
         <name>printf.c.obj</name>
      </input_file>
      <input_file id="fl-4b">
         <path>E:\M0CCS\CCS\cssoftware\ccs\tools\compiler\ti-cgt-armllvm_4.0.2.LTS\lib\armv6m-ti-none-eabi\c\</path>
         <kind>archive</kind>
         <file>libc.a</file>
         <name>_printfi.c.obj</name>
      </input_file>
      <input_file id="fl-4c">
         <path>E:\M0CCS\CCS\cssoftware\ccs\tools\compiler\ti-cgt-armllvm_4.0.2.LTS\lib\armv6m-ti-none-eabi\c\</path>
         <kind>archive</kind>
         <file>libc.a</file>
         <name>sprintf.c.obj</name>
      </input_file>
      <input_file id="fl-4d">
         <path>E:\M0CCS\CCS\cssoftware\ccs\tools\compiler\ti-cgt-armllvm_4.0.2.LTS\lib\armv6m-ti-none-eabi\c\</path>
         <kind>archive</kind>
         <file>libc.a</file>
         <name>sscanf.c.obj</name>
      </input_file>
      <input_file id="fl-4e">
         <path>E:\M0CCS\CCS\cssoftware\ccs\tools\compiler\ti-cgt-armllvm_4.0.2.LTS\lib\armv6m-ti-none-eabi\c\</path>
         <kind>archive</kind>
         <file>libc.a</file>
         <name>s_truncf.c.obj</name>
      </input_file>
      <input_file id="fl-4f">
         <path>E:\M0CCS\CCS\cssoftware\ccs\tools\compiler\ti-cgt-armllvm_4.0.2.LTS\lib\armv6m-ti-none-eabi\c\</path>
         <kind>archive</kind>
         <file>libc.a</file>
         <name>aeabi_ctype.S.obj</name>
      </input_file>
      <input_file id="fl-50">
         <path>E:\M0CCS\CCS\cssoftware\ccs\tools\compiler\ti-cgt-armllvm_4.0.2.LTS\lib\armv6m-ti-none-eabi\c\</path>
         <kind>archive</kind>
         <file>libc.a</file>
         <name>aeabi_portable.c.obj</name>
      </input_file>
      <input_file id="fl-51">
         <path>E:\M0CCS\CCS\cssoftware\ccs\tools\compiler\ti-cgt-armllvm_4.0.2.LTS\lib\armv6m-ti-none-eabi\c\</path>
         <kind>archive</kind>
         <file>libc.a</file>
         <name>_lock.c.obj</name>
      </input_file>
      <input_file id="fl-52">
         <path>E:\M0CCS\CCS\cssoftware\ccs\tools\compiler\ti-cgt-armllvm_4.0.2.LTS\lib\armv6m-ti-none-eabi\c\</path>
         <kind>archive</kind>
         <file>libc.a</file>
         <name>_ltoa.c.obj</name>
      </input_file>
      <input_file id="fl-53">
         <path>E:\M0CCS\CCS\cssoftware\ccs\tools\compiler\ti-cgt-armllvm_4.0.2.LTS\lib\armv6m-ti-none-eabi\c\</path>
         <kind>archive</kind>
         <file>libc.a</file>
         <name>assert.c.obj</name>
      </input_file>
      <input_file id="fl-54">
         <path>E:\M0CCS\CCS\cssoftware\ccs\tools\compiler\ti-cgt-armllvm_4.0.2.LTS\lib\armv6m-ti-none-eabi\c\</path>
         <kind>archive</kind>
         <file>libc.a</file>
         <name>atof.c.obj</name>
      </input_file>
      <input_file id="fl-55">
         <path>E:\M0CCS\CCS\cssoftware\ccs\tools\compiler\ti-cgt-armllvm_4.0.2.LTS\lib\armv6m-ti-none-eabi\c\</path>
         <kind>archive</kind>
         <file>libc.a</file>
         <name>atoi.c.obj</name>
      </input_file>
      <input_file id="fl-56">
         <path>E:\M0CCS\CCS\cssoftware\ccs\tools\compiler\ti-cgt-armllvm_4.0.2.LTS\lib\armv6m-ti-none-eabi\c\</path>
         <kind>archive</kind>
         <file>libc.a</file>
         <name>defs.c.obj</name>
      </input_file>
      <input_file id="fl-57">
         <path>E:\M0CCS\CCS\cssoftware\ccs\tools\compiler\ti-cgt-armllvm_4.0.2.LTS\lib\armv6m-ti-none-eabi\c\</path>
         <kind>archive</kind>
         <file>libc.a</file>
         <name>memccpy.c.obj</name>
      </input_file>
      <input_file id="fl-58">
         <path>E:\M0CCS\CCS\cssoftware\ccs\tools\compiler\ti-cgt-armllvm_4.0.2.LTS\lib\armv6m-ti-none-eabi\c\</path>
         <kind>archive</kind>
         <file>libc.a</file>
         <name>memory.c.obj</name>
      </input_file>
      <input_file id="fl-59">
         <path>E:\M0CCS\CCS\cssoftware\ccs\tools\compiler\ti-cgt-armllvm_4.0.2.LTS\lib\armv6m-ti-none-eabi\c\</path>
         <kind>archive</kind>
         <file>libc.a</file>
         <name>strtod.c.obj</name>
      </input_file>
      <input_file id="fl-5a">
         <path>E:\M0CCS\CCS\cssoftware\ccs\tools\compiler\ti-cgt-armllvm_4.0.2.LTS\lib\armv6m-ti-none-eabi\c\</path>
         <kind>archive</kind>
         <file>libc.a</file>
         <name>boot_cortex_m.c.obj</name>
      </input_file>
      <input_file id="fl-5b">
         <path>E:\M0CCS\CCS\cssoftware\ccs\tools\compiler\ti-cgt-armllvm_4.0.2.LTS\lib\armv6m-ti-none-eabi\c\</path>
         <kind>archive</kind>
         <file>libc.a</file>
         <name>mathacl_init.c.obj</name>
      </input_file>
      <input_file id="fl-5c">
         <path>E:\M0CCS\CCS\cssoftware\ccs\tools\compiler\ti-cgt-armllvm_4.0.2.LTS\lib\armv6m-ti-none-eabi\c\</path>
         <kind>archive</kind>
         <file>libc.a</file>
         <name>autoinit.c.obj</name>
      </input_file>
      <input_file id="fl-5d">
         <path>E:\M0CCS\CCS\cssoftware\ccs\tools\compiler\ti-cgt-armllvm_4.0.2.LTS\lib\armv6m-ti-none-eabi\c\</path>
         <kind>archive</kind>
         <file>libc.a</file>
         <name>pre_init.c.obj</name>
      </input_file>
      <input_file id="fl-5e">
         <path>E:\M0CCS\CCS\cssoftware\ccs\tools\compiler\ti-cgt-armllvm_4.0.2.LTS\lib\armv6m-ti-none-eabi\c\</path>
         <kind>archive</kind>
         <file>libc.a</file>
         <name>cpy_tbl.c.obj</name>
      </input_file>
      <input_file id="fl-5f">
         <path>E:\M0CCS\CCS\cssoftware\ccs\tools\compiler\ti-cgt-armllvm_4.0.2.LTS\lib\armv6m-ti-none-eabi\c\</path>
         <kind>archive</kind>
         <file>libc.a</file>
         <name>copy_zero_init.c.obj</name>
      </input_file>
      <input_file id="fl-60">
         <path>E:\M0CCS\CCS\cssoftware\ccs\tools\compiler\ti-cgt-armllvm_4.0.2.LTS\lib\armv6m-ti-none-eabi\c\</path>
         <kind>archive</kind>
         <file>libc.a</file>
         <name>copy_decompress_none.c.obj</name>
      </input_file>
      <input_file id="fl-61">
         <path>E:\M0CCS\CCS\cssoftware\ccs\tools\compiler\ti-cgt-armllvm_4.0.2.LTS\lib\armv6m-ti-none-eabi\c\</path>
         <kind>archive</kind>
         <file>libc.a</file>
         <name>copy_decompress_lzss.c.obj</name>
      </input_file>
      <input_file id="fl-62">
         <path>E:\M0CCS\CCS\cssoftware\ccs\tools\compiler\ti-cgt-armllvm_4.0.2.LTS\lib\armv6m-ti-none-eabi\c\</path>
         <kind>archive</kind>
         <file>libc.a</file>
         <name>s_frexp.c.obj</name>
      </input_file>
      <input_file id="fl-63">
         <path>E:\M0CCS\CCS\cssoftware\ccs\tools\compiler\ti-cgt-armllvm_4.0.2.LTS\lib\armv6m-ti-none-eabi\c\</path>
         <kind>archive</kind>
         <file>libc.a</file>
         <name>s_scalbn.c.obj</name>
      </input_file>
      <input_file id="fl-64">
         <path>E:\M0CCS\CCS\cssoftware\ccs\tools\compiler\ti-cgt-armllvm_4.0.2.LTS\lib\armv6m-ti-none-eabi\c\</path>
         <kind>archive</kind>
         <file>libc.a</file>
         <name>wcslen.c.obj</name>
      </input_file>
      <input_file id="fl-65">
         <path>E:\M0CCS\CCS\cssoftware\ccs\tools\compiler\ti-cgt-armllvm_4.0.2.LTS\lib\armv6m-ti-none-eabi\c\</path>
         <kind>archive</kind>
         <file>libc.a</file>
         <name>_scanfi.c.obj</name>
      </input_file>
      <input_file id="fl-66">
         <path>E:\M0CCS\CCS\cssoftware\ccs\tools\compiler\ti-cgt-armllvm_4.0.2.LTS\lib\armv6m-ti-none-eabi\c\</path>
         <kind>archive</kind>
         <file>libc.a</file>
         <name>fflush.c.obj</name>
      </input_file>
      <input_file id="fl-67">
         <path>E:\M0CCS\CCS\cssoftware\ccs\tools\compiler\ti-cgt-armllvm_4.0.2.LTS\lib\armv6m-ti-none-eabi\c\</path>
         <kind>archive</kind>
         <file>libc.a</file>
         <name>exit.c.obj</name>
      </input_file>
      <input_file id="fl-68">
         <path>E:\M0CCS\CCS\cssoftware\ccs\tools\compiler\ti-cgt-armllvm_4.0.2.LTS\lib\armv6m-ti-none-eabi\c\</path>
         <kind>archive</kind>
         <file>libc.a</file>
         <name>args_main.c.obj</name>
      </input_file>
      <input_file id="fl-69">
         <path>E:\M0CCS\CCS\cssoftware\ccs\tools\compiler\ti-cgt-armllvm_4.0.2.LTS\lib\armv6m-ti-none-eabi\c\</path>
         <kind>archive</kind>
         <file>libc.a</file>
         <name>strtol.c.obj</name>
      </input_file>
      <input_file id="fl-6a">
         <path>E:\M0CCS\CCS\cssoftware\ccs\tools\compiler\ti-cgt-armllvm_4.0.2.LTS\lib\armv6m-ti-none-eabi\c\</path>
         <kind>archive</kind>
         <file>libc.a</file>
         <name>strtoll.c.obj</name>
      </input_file>
      <input_file id="fl-6b">
         <path>E:\M0CCS\CCS\cssoftware\ccs\tools\compiler\ti-cgt-armllvm_4.0.2.LTS\lib\armv6m-ti-none-eabi\c\</path>
         <kind>archive</kind>
         <file>libc.a</file>
         <name>strtoul.c.obj</name>
      </input_file>
      <input_file id="fl-6c">
         <path>E:\M0CCS\CCS\cssoftware\ccs\tools\compiler\ti-cgt-armllvm_4.0.2.LTS\lib\armv6m-ti-none-eabi\c\</path>
         <kind>archive</kind>
         <file>libc.a</file>
         <name>strtoull.c.obj</name>
      </input_file>
      <input_file id="fl-10c">
         <path>E:\M0CCS\CCS\cssoftware\ccs\tools\compiler\ti-cgt-armllvm_4.0.2.LTS\lib\armv6m-ti-none-eabi\c\</path>
         <kind>archive</kind>
         <file>libsysbm.a</file>
         <name>hostexit.c.obj</name>
      </input_file>
      <input_file id="fl-10d">
         <path>E:\M0CCS\CCS\cssoftware\ccs\tools\compiler\ti-cgt-armllvm_4.0.2.LTS\lib\armv6m-ti-none-eabi\c\</path>
         <kind>archive</kind>
         <file>libsysbm.a</file>
         <name>write.c.obj</name>
      </input_file>
      <input_file id="fl-10e">
         <path>E:\M0CCS\CCS\cssoftware\ccs\tools\compiler\ti-cgt-armllvm_4.0.2.LTS\lib\armv6m-ti-none-eabi\c\</path>
         <kind>archive</kind>
         <file>libsysbm.a</file>
         <name>host_device.c.obj</name>
      </input_file>
      <input_file id="fl-10f">
         <path>E:\M0CCS\CCS\cssoftware\ccs\tools\compiler\ti-cgt-armllvm_4.0.2.LTS\lib\armv6m-ti-none-eabi\c\</path>
         <kind>archive</kind>
         <file>libsysbm.a</file>
         <name>hostclose.c.obj</name>
      </input_file>
      <input_file id="fl-110">
         <path>E:\M0CCS\CCS\cssoftware\ccs\tools\compiler\ti-cgt-armllvm_4.0.2.LTS\lib\armv6m-ti-none-eabi\c\</path>
         <kind>archive</kind>
         <file>libsysbm.a</file>
         <name>hostlseek.c.obj</name>
      </input_file>
      <input_file id="fl-111">
         <path>E:\M0CCS\CCS\cssoftware\ccs\tools\compiler\ti-cgt-armllvm_4.0.2.LTS\lib\armv6m-ti-none-eabi\c\</path>
         <kind>archive</kind>
         <file>libsysbm.a</file>
         <name>hostopen.c.obj</name>
      </input_file>
      <input_file id="fl-112">
         <path>E:\M0CCS\CCS\cssoftware\ccs\tools\compiler\ti-cgt-armllvm_4.0.2.LTS\lib\armv6m-ti-none-eabi\c\</path>
         <kind>archive</kind>
         <file>libsysbm.a</file>
         <name>hostread.c.obj</name>
      </input_file>
      <input_file id="fl-113">
         <path>E:\M0CCS\CCS\cssoftware\ccs\tools\compiler\ti-cgt-armllvm_4.0.2.LTS\lib\armv6m-ti-none-eabi\c\</path>
         <kind>archive</kind>
         <file>libsysbm.a</file>
         <name>hostrename.c.obj</name>
      </input_file>
      <input_file id="fl-114">
         <path>E:\M0CCS\CCS\cssoftware\ccs\tools\compiler\ti-cgt-armllvm_4.0.2.LTS\lib\armv6m-ti-none-eabi\c\</path>
         <kind>archive</kind>
         <file>libsysbm.a</file>
         <name>hostunlink.c.obj</name>
      </input_file>
      <input_file id="fl-115">
         <path>E:\M0CCS\CCS\cssoftware\ccs\tools\compiler\ti-cgt-armllvm_4.0.2.LTS\lib\armv6m-ti-none-eabi\c\</path>
         <kind>archive</kind>
         <file>libsysbm.a</file>
         <name>hostwrite.c.obj</name>
      </input_file>
      <input_file id="fl-116">
         <path>E:\M0CCS\CCS\cssoftware\ccs\tools\compiler\ti-cgt-armllvm_4.0.2.LTS\lib\armv6m-ti-none-eabi\c\</path>
         <kind>archive</kind>
         <file>libsysbm.a</file>
         <name>trgmsg.c.obj</name>
      </input_file>
      <input_file id="fl-117">
         <path>E:\M0CCS\CCS\cssoftware\ccs\tools\compiler\ti-cgt-armllvm_4.0.2.LTS\lib\armv6m-ti-none-eabi\</path>
         <kind>archive</kind>
         <file>libclang_rt.builtins.a</file>
         <name>addsf3.S.obj</name>
      </input_file>
      <input_file id="fl-118">
         <path>E:\M0CCS\CCS\cssoftware\ccs\tools\compiler\ti-cgt-armllvm_4.0.2.LTS\lib\armv6m-ti-none-eabi\</path>
         <kind>archive</kind>
         <file>libclang_rt.builtins.a</file>
         <name>adddf3.S.obj</name>
      </input_file>
      <input_file id="fl-119">
         <path>E:\M0CCS\CCS\cssoftware\ccs\tools\compiler\ti-cgt-armllvm_4.0.2.LTS\lib\armv6m-ti-none-eabi\</path>
         <kind>archive</kind>
         <file>libclang_rt.builtins.a</file>
         <name>muldf3.S.obj</name>
      </input_file>
      <input_file id="fl-11a">
         <path>E:\M0CCS\CCS\cssoftware\ccs\tools\compiler\ti-cgt-armllvm_4.0.2.LTS\lib\armv6m-ti-none-eabi\</path>
         <kind>archive</kind>
         <file>libclang_rt.builtins.a</file>
         <name>muldsi3.S.obj</name>
      </input_file>
      <input_file id="fl-11b">
         <path>E:\M0CCS\CCS\cssoftware\ccs\tools\compiler\ti-cgt-armllvm_4.0.2.LTS\lib\armv6m-ti-none-eabi\</path>
         <kind>archive</kind>
         <file>libclang_rt.builtins.a</file>
         <name>mulsf3.S.obj</name>
      </input_file>
      <input_file id="fl-11c">
         <path>E:\M0CCS\CCS\cssoftware\ccs\tools\compiler\ti-cgt-armllvm_4.0.2.LTS\lib\armv6m-ti-none-eabi\</path>
         <kind>archive</kind>
         <file>libclang_rt.builtins.a</file>
         <name>divsf3.S.obj</name>
      </input_file>
      <input_file id="fl-11d">
         <path>E:\M0CCS\CCS\cssoftware\ccs\tools\compiler\ti-cgt-armllvm_4.0.2.LTS\lib\armv6m-ti-none-eabi\</path>
         <kind>archive</kind>
         <file>libclang_rt.builtins.a</file>
         <name>divdf3.S.obj</name>
      </input_file>
      <input_file id="fl-11e">
         <path>E:\M0CCS\CCS\cssoftware\ccs\tools\compiler\ti-cgt-armllvm_4.0.2.LTS\lib\armv6m-ti-none-eabi\</path>
         <kind>archive</kind>
         <file>libclang_rt.builtins.a</file>
         <name>extendsfdf2.S.obj</name>
      </input_file>
      <input_file id="fl-11f">
         <path>E:\M0CCS\CCS\cssoftware\ccs\tools\compiler\ti-cgt-armllvm_4.0.2.LTS\lib\armv6m-ti-none-eabi\</path>
         <kind>archive</kind>
         <file>libclang_rt.builtins.a</file>
         <name>fixdfsi.S.obj</name>
      </input_file>
      <input_file id="fl-120">
         <path>E:\M0CCS\CCS\cssoftware\ccs\tools\compiler\ti-cgt-armllvm_4.0.2.LTS\lib\armv6m-ti-none-eabi\</path>
         <kind>archive</kind>
         <file>libclang_rt.builtins.a</file>
         <name>fixsfsi.S.obj</name>
      </input_file>
      <input_file id="fl-121">
         <path>E:\M0CCS\CCS\cssoftware\ccs\tools\compiler\ti-cgt-armllvm_4.0.2.LTS\lib\armv6m-ti-none-eabi\</path>
         <kind>archive</kind>
         <file>libclang_rt.builtins.a</file>
         <name>floatsidf.S.obj</name>
      </input_file>
      <input_file id="fl-122">
         <path>E:\M0CCS\CCS\cssoftware\ccs\tools\compiler\ti-cgt-armllvm_4.0.2.LTS\lib\armv6m-ti-none-eabi\</path>
         <kind>archive</kind>
         <file>libclang_rt.builtins.a</file>
         <name>floatsisf.S.obj</name>
      </input_file>
      <input_file id="fl-123">
         <path>E:\M0CCS\CCS\cssoftware\ccs\tools\compiler\ti-cgt-armllvm_4.0.2.LTS\lib\armv6m-ti-none-eabi\</path>
         <kind>archive</kind>
         <file>libclang_rt.builtins.a</file>
         <name>floatunsidf.S.obj</name>
      </input_file>
      <input_file id="fl-124">
         <path>E:\M0CCS\CCS\cssoftware\ccs\tools\compiler\ti-cgt-armllvm_4.0.2.LTS\lib\armv6m-ti-none-eabi\</path>
         <kind>archive</kind>
         <file>libclang_rt.builtins.a</file>
         <name>floatunsisf.S.obj</name>
      </input_file>
      <input_file id="fl-125">
         <path>E:\M0CCS\CCS\cssoftware\ccs\tools\compiler\ti-cgt-armllvm_4.0.2.LTS\lib\armv6m-ti-none-eabi\</path>
         <kind>archive</kind>
         <file>libclang_rt.builtins.a</file>
         <name>muldi3.S.obj</name>
      </input_file>
      <input_file id="fl-126">
         <path>E:\M0CCS\CCS\cssoftware\ccs\tools\compiler\ti-cgt-armllvm_4.0.2.LTS\lib\armv6m-ti-none-eabi\</path>
         <kind>archive</kind>
         <file>libclang_rt.builtins.a</file>
         <name>truncdfsf2.S.obj</name>
      </input_file>
      <input_file id="fl-127">
         <path>E:\M0CCS\CCS\cssoftware\ccs\tools\compiler\ti-cgt-armllvm_4.0.2.LTS\lib\armv6m-ti-none-eabi\</path>
         <kind>archive</kind>
         <file>libclang_rt.builtins.a</file>
         <name>aeabi_dcmp.S.obj</name>
      </input_file>
      <input_file id="fl-128">
         <path>E:\M0CCS\CCS\cssoftware\ccs\tools\compiler\ti-cgt-armllvm_4.0.2.LTS\lib\armv6m-ti-none-eabi\</path>
         <kind>archive</kind>
         <file>libclang_rt.builtins.a</file>
         <name>aeabi_fcmp.S.obj</name>
      </input_file>
      <input_file id="fl-129">
         <path>E:\M0CCS\CCS\cssoftware\ccs\tools\compiler\ti-cgt-armllvm_4.0.2.LTS\lib\armv6m-ti-none-eabi\</path>
         <kind>archive</kind>
         <file>libclang_rt.builtins.a</file>
         <name>aeabi_idivmod.S.obj</name>
      </input_file>
      <input_file id="fl-12a">
         <path>E:\M0CCS\CCS\cssoftware\ccs\tools\compiler\ti-cgt-armllvm_4.0.2.LTS\lib\armv6m-ti-none-eabi\</path>
         <kind>archive</kind>
         <file>libclang_rt.builtins.a</file>
         <name>aeabi_memcpy.S.obj</name>
      </input_file>
      <input_file id="fl-12b">
         <path>E:\M0CCS\CCS\cssoftware\ccs\tools\compiler\ti-cgt-armllvm_4.0.2.LTS\lib\armv6m-ti-none-eabi\</path>
         <kind>archive</kind>
         <file>libclang_rt.builtins.a</file>
         <name>aeabi_memset.S.obj</name>
      </input_file>
      <input_file id="fl-12c">
         <path>E:\M0CCS\CCS\cssoftware\ccs\tools\compiler\ti-cgt-armllvm_4.0.2.LTS\lib\armv6m-ti-none-eabi\</path>
         <kind>archive</kind>
         <file>libclang_rt.builtins.a</file>
         <name>aeabi_uidivmod.S.obj</name>
      </input_file>
      <input_file id="fl-12d">
         <path>E:\M0CCS\CCS\cssoftware\ccs\tools\compiler\ti-cgt-armllvm_4.0.2.LTS\lib\armv6m-ti-none-eabi\</path>
         <kind>archive</kind>
         <file>libclang_rt.builtins.a</file>
         <name>aeabi_uldivmod.S.obj</name>
      </input_file>
      <input_file id="fl-12e">
         <path>E:\M0CCS\CCS\cssoftware\ccs\tools\compiler\ti-cgt-armllvm_4.0.2.LTS\lib\armv6m-ti-none-eabi\</path>
         <kind>archive</kind>
         <file>libclang_rt.builtins.a</file>
         <name>comparesf2.S.obj</name>
      </input_file>
      <input_file id="fl-12f">
         <path>E:\M0CCS\CCS\cssoftware\ccs\tools\compiler\ti-cgt-armllvm_4.0.2.LTS\lib\armv6m-ti-none-eabi\</path>
         <kind>archive</kind>
         <file>libclang_rt.builtins.a</file>
         <name>udivmoddi4.S.obj</name>
      </input_file>
      <input_file id="fl-130">
         <path>E:\M0CCS\CCS\cssoftware\ccs\tools\compiler\ti-cgt-armllvm_4.0.2.LTS\lib\armv6m-ti-none-eabi\</path>
         <kind>archive</kind>
         <file>libclang_rt.builtins.a</file>
         <name>ashldi3.S.obj</name>
      </input_file>
      <input_file id="fl-131">
         <path>E:\M0CCS\CCS\cssoftware\ccs\tools\compiler\ti-cgt-armllvm_4.0.2.LTS\lib\armv6m-ti-none-eabi\</path>
         <kind>archive</kind>
         <file>libclang_rt.builtins.a</file>
         <name>comparedf2.c.obj</name>
      </input_file>
      <input_file id="fl-132">
         <path>E:\M0CCS\CCS\cssoftware\ccs\tools\compiler\ti-cgt-armllvm_4.0.2.LTS\lib\armv6m-ti-none-eabi\</path>
         <kind>archive</kind>
         <file>libclang_rt.builtins.a</file>
         <name>aeabi_div0.c.obj</name>
      </input_file>
      <input_file id="fl-133">
         <path>E:\M0CCS\CCS\cssoftware\ccs\tools\compiler\ti-cgt-armllvm_4.0.2.LTS\lib\armv6m-ti-none-eabi\c\</path>
         <kind>archive</kind>
         <file>libc.a</file>
         <name>memcpy16.S.obj</name>
      </input_file>
      <input_file id="fl-134">
         <path>E:\M0CCS\CCS\cssoftware\ccs\tools\compiler\ti-cgt-armllvm_4.0.2.LTS\lib\armv6m-ti-none-eabi\c\</path>
         <kind>archive</kind>
         <file>libc.a</file>
         <name>memset16.S.obj</name>
      </input_file>
   </input_file_list>
   <object_component_list>
      <object_component id="oc-1b">
         <name>.intvecs</name>
         <load_address>0x0</load_address>
         <readonly>true</readonly>
         <run_address>0x0</run_address>
         <size>0xc0</size>
         <alignment>0x4</alignment>
         <input_file_ref idref="fl-3"/>
      </object_component>
      <object_component id="oc-35f">
         <name>.text.__TI_scanfi</name>
         <load_address>0xc0</load_address>
         <readonly>true</readonly>
         <executable>true</executable>
         <run_address>0xc0</run_address>
         <size>0xbdc</size>
         <alignment>0x4</alignment>
         <input_file_ref idref="fl-65"/>
      </object_component>
      <object_component id="oc-b3">
         <name>.text.main</name>
         <load_address>0xc9c</load_address>
         <readonly>true</readonly>
         <executable>true</executable>
         <run_address>0xc9c</run_address>
         <size>0xb2c</size>
         <alignment>0x4</alignment>
         <input_file_ref idref="fl-4"/>
      </object_component>
      <object_component id="oc-332">
         <name>.text:__TI_printfi</name>
         <load_address>0x17c8</load_address>
         <readonly>true</readonly>
         <executable>true</executable>
         <run_address>0x17c8</run_address>
         <size>0x9d0</size>
         <alignment>0x4</alignment>
         <input_file_ref idref="fl-4b"/>
      </object_component>
      <object_component id="oc-341">
         <name>.text.IMU_AHRSupdate</name>
         <load_address>0x2198</load_address>
         <readonly>true</readonly>
         <executable>true</executable>
         <run_address>0x2198</run_address>
         <size>0x6ac</size>
         <alignment>0x4</alignment>
         <input_file_ref idref="fl-18"/>
      </object_component>
      <object_component id="oc-16c">
         <name>.text.control_camera</name>
         <load_address>0x2844</load_address>
         <readonly>true</readonly>
         <executable>true</executable>
         <run_address>0x2844</run_address>
         <size>0x560</size>
         <alignment>0x4</alignment>
         <input_file_ref idref="fl-c"/>
      </object_component>
      <object_component id="oc-3e1">
         <name>.text.strtod</name>
         <load_address>0x2da4</load_address>
         <readonly>true</readonly>
         <executable>true</executable>
         <run_address>0x2da4</run_address>
         <size>0x3b8</size>
         <alignment>0x4</alignment>
         <input_file_ref idref="fl-59"/>
      </object_component>
      <object_component id="oc-1fa">
         <name>.text.setup_imu</name>
         <load_address>0x315c</load_address>
         <readonly>true</readonly>
         <executable>true</executable>
         <run_address>0x315c</run_address>
         <size>0x3a0</size>
         <alignment>0x4</alignment>
         <input_file_ref idref="fl-19"/>
      </object_component>
      <object_component id="oc-223">
         <name>.text.asin</name>
         <load_address>0x34fc</load_address>
         <readonly>true</readonly>
         <executable>true</executable>
         <run_address>0x34fc</run_address>
         <size>0x364</size>
         <alignment>0x4</alignment>
         <input_file_ref idref="fl-46"/>
      </object_component>
      <object_component id="oc-343">
         <name>.text.atan</name>
         <load_address>0x3860</load_address>
         <readonly>true</readonly>
         <executable>true</executable>
         <run_address>0x3860</run_address>
         <size>0x2f8</size>
         <alignment>0x4</alignment>
         <input_file_ref idref="fl-49"/>
      </object_component>
      <object_component id="oc-3be">
         <name>.text.calGyroVariance</name>
         <load_address>0x3b58</load_address>
         <readonly>true</readonly>
         <executable>true</executable>
         <run_address>0x3b58</run_address>
         <size>0x2e0</size>
         <alignment>0x4</alignment>
         <input_file_ref idref="fl-18"/>
      </object_component>
      <object_component id="oc-1d2">
         <name>.text.SYSCFG_DL_GPIO_init</name>
         <load_address>0x3e38</load_address>
         <readonly>true</readonly>
         <executable>true</executable>
         <run_address>0x3e38</run_address>
         <size>0x288</size>
         <alignment>0x4</alignment>
         <input_file_ref idref="fl-1"/>
      </object_component>
      <object_component id="oc-98">
         <name>.text.set_motor</name>
         <load_address>0x40c0</load_address>
         <readonly>true</readonly>
         <executable>true</executable>
         <run_address>0x40c0</run_address>
         <size>0x22c</size>
         <alignment>0x4</alignment>
         <input_file_ref idref="fl-d"/>
      </object_component>
      <object_component id="oc-3b7">
         <name>.text._pconv_a</name>
         <load_address>0x42ec</load_address>
         <readonly>true</readonly>
         <executable>true</executable>
         <run_address>0x42ec</run_address>
         <size>0x220</size>
         <alignment>0x4</alignment>
         <input_file_ref idref="fl-4b"/>
      </object_component>
      <object_component id="oc-3f4">
         <name>.text.strtoll</name>
         <load_address>0x450c</load_address>
         <readonly>true</readonly>
         <executable>true</executable>
         <run_address>0x450c</run_address>
         <size>0x1e0</size>
         <alignment>0x4</alignment>
         <input_file_ref idref="fl-6a"/>
      </object_component>
      <object_component id="oc-3b8">
         <name>.text._pconv_g</name>
         <load_address>0x46ec</load_address>
         <readonly>true</readonly>
         <executable>true</executable>
         <run_address>0x46ec</run_address>
         <size>0x1dc</size>
         <alignment>0x4</alignment>
         <input_file_ref idref="fl-4b"/>
      </object_component>
      <object_component id="oc-12b">
         <name>.text.get_keychar</name>
         <load_address>0x48c8</load_address>
         <readonly>true</readonly>
         <executable>true</executable>
         <run_address>0x48c8</run_address>
         <size>0x1cc</size>
         <alignment>0x4</alignment>
         <input_file_ref idref="fl-a"/>
      </object_component>
      <object_component id="oc-11b">
         <name>.text.IMU_getYawPitchRoll</name>
         <load_address>0x4a94</load_address>
         <readonly>true</readonly>
         <executable>true</executable>
         <run_address>0x4a94</run_address>
         <size>0x1b0</size>
         <alignment>0x4</alignment>
         <input_file_ref idref="fl-18"/>
      </object_component>
      <object_component id="oc-158">
         <name>.text.adddf3_subdf3</name>
         <load_address>0x4c44</load_address>
         <readonly>true</readonly>
         <executable>true</executable>
         <run_address>0x4c44</run_address>
         <size>0x192</size>
         <alignment>0x4</alignment>
         <input_file_ref idref="fl-118"/>
      </object_component>
      <object_component id="oc-253">
         <name>.text.__aeabi_idiv0</name>
         <load_address>0x4dd6</load_address>
         <readonly>true</readonly>
         <executable>true</executable>
         <run_address>0x4dd6</run_address>
         <size>0x2</size>
         <alignment>0x2</alignment>
         <input_file_ref idref="fl-132"/>
      </object_component>
      <object_component id="oc-119">
         <name>.text.No_MCU_Ganv_Sensor_Init</name>
         <load_address>0x4dd8</load_address>
         <readonly>true</readonly>
         <executable>true</executable>
         <run_address>0x4dd8</run_address>
         <size>0x188</size>
         <alignment>0x4</alignment>
         <input_file_ref idref="fl-7"/>
      </object_component>
      <object_component id="oc-21f">
         <name>.text.atan2</name>
         <load_address>0x4f60</load_address>
         <readonly>true</readonly>
         <executable>true</executable>
         <run_address>0x4f60</run_address>
         <size>0x188</size>
         <alignment>0x4</alignment>
         <input_file_ref idref="fl-47"/>
      </object_component>
      <object_component id="oc-3bd">
         <name>.text.bsp_IcmGetRawData</name>
         <load_address>0x50e8</load_address>
         <readonly>true</readonly>
         <executable>true</executable>
         <run_address>0x50e8</run_address>
         <size>0x170</size>
         <alignment>0x4</alignment>
         <input_file_ref idref="fl-19"/>
      </object_component>
      <object_component id="oc-353">
         <name>.text.sqrt</name>
         <load_address>0x5258</load_address>
         <readonly>true</readonly>
         <executable>true</executable>
         <run_address>0x5258</run_address>
         <size>0x170</size>
         <alignment>0x4</alignment>
         <input_file_ref idref="fl-48"/>
      </object_component>
      <object_component id="oc-3f0">
         <name>.text.strtoull</name>
         <load_address>0x53c8</load_address>
         <readonly>true</readonly>
         <executable>true</executable>
         <run_address>0x53c8</run_address>
         <size>0x16c</size>
         <alignment>0x4</alignment>
         <input_file_ref idref="fl-6c"/>
      </object_component>
      <object_component id="oc-125">
         <name>.text.UART0_ProcessFrame</name>
         <load_address>0x5534</load_address>
         <readonly>true</readonly>
         <executable>true</executable>
         <run_address>0x5534</run_address>
         <size>0x15c</size>
         <alignment>0x4</alignment>
         <input_file_ref idref="fl-12"/>
      </object_component>
      <object_component id="oc-126">
         <name>.text.getKeyValue</name>
         <load_address>0x5690</load_address>
         <readonly>true</readonly>
         <executable>true</executable>
         <run_address>0x5690</run_address>
         <size>0x158</size>
         <alignment>0x4</alignment>
         <input_file_ref idref="fl-a"/>
      </object_component>
      <object_component id="oc-30e">
         <name>.text.inv_imu_set_config_int</name>
         <load_address>0x57e8</load_address>
         <readonly>true</readonly>
         <executable>true</executable>
         <run_address>0x57e8</run_address>
         <size>0x156</size>
         <alignment>0x2</alignment>
         <input_file_ref idref="fl-16"/>
      </object_component>
      <object_component id="oc-441">
         <name>.text.__aeabi_ldiv0</name>
         <load_address>0x593e</load_address>
         <readonly>true</readonly>
         <executable>true</executable>
         <run_address>0x593e</run_address>
         <size>0x2</size>
         <alignment>0x2</alignment>
         <input_file_ref idref="fl-132"/>
      </object_component>
      <object_component id="oc-fd">
         <name>.text.OLED_Init</name>
         <load_address>0x5940</load_address>
         <readonly>true</readonly>
         <executable>true</executable>
         <run_address>0x5940</run_address>
         <size>0x144</size>
         <alignment>0x4</alignment>
         <input_file_ref idref="fl-1b"/>
      </object_component>
      <object_component id="oc-3ec">
         <name>.text.strtol</name>
         <load_address>0x5a84</load_address>
         <readonly>true</readonly>
         <executable>true</executable>
         <run_address>0x5a84</run_address>
         <size>0x144</size>
         <alignment>0x4</alignment>
         <input_file_ref idref="fl-69"/>
      </object_component>
      <object_component id="oc-8f">
         <name>.text.PID_Compute</name>
         <load_address>0x5bc8</load_address>
         <readonly>true</readonly>
         <executable>true</executable>
         <run_address>0x5bc8</run_address>
         <size>0x13c</size>
         <alignment>0x4</alignment>
         <input_file_ref idref="fl-8"/>
      </object_component>
      <object_component id="oc-420">
         <name>.text.fcvt</name>
         <load_address>0x5d04</load_address>
         <readonly>true</readonly>
         <executable>true</executable>
         <run_address>0x5d04</run_address>
         <size>0x13c</size>
         <alignment>0x4</alignment>
         <input_file_ref idref="fl-4b"/>
      </object_component>
      <object_component id="oc-3e8">
         <name>.text.strtoul</name>
         <load_address>0x5e40</load_address>
         <readonly>true</readonly>
         <executable>true</executable>
         <run_address>0x5e40</run_address>
         <size>0x12c</size>
         <alignment>0x4</alignment>
         <input_file_ref idref="fl-6b"/>
      </object_component>
      <object_component id="oc-3ba">
         <name>.text._pconv_e</name>
         <load_address>0x5f6c</load_address>
         <readonly>true</readonly>
         <executable>true</executable>
         <run_address>0x5f6c</run_address>
         <size>0x120</size>
         <alignment>0x4</alignment>
         <input_file_ref idref="fl-4b"/>
      </object_component>
      <object_component id="oc-422">
         <name>.text.inv_imu_get_register_data</name>
         <load_address>0x608c</load_address>
         <readonly>true</readonly>
         <executable>true</executable>
         <run_address>0x608c</run_address>
         <size>0x112</size>
         <alignment>0x2</alignment>
         <input_file_ref idref="fl-16"/>
      </object_component>
      <object_component id="oc-333">
         <name>.text._nop</name>
         <load_address>0x619e</load_address>
         <readonly>true</readonly>
         <executable>true</executable>
         <run_address>0x619e</run_address>
         <size>0x2</size>
         <alignment>0x2</alignment>
         <input_file_ref idref="fl-51"/>
      </object_component>
      <object_component id="oc-3a">
         <name>.text.GROUP1_IRQHandler</name>
         <load_address>0x61a0</load_address>
         <readonly>true</readonly>
         <executable>true</executable>
         <run_address>0x61a0</run_address>
         <size>0x10c</size>
         <alignment>0x4</alignment>
         <input_file_ref idref="fl-b"/>
      </object_component>
      <object_component id="oc-340">
         <name>.text.IMU_getValues</name>
         <load_address>0x62ac</load_address>
         <readonly>true</readonly>
         <executable>true</executable>
         <run_address>0x62ac</run_address>
         <size>0x10c</size>
         <alignment>0x4</alignment>
         <input_file_ref idref="fl-18"/>
      </object_component>
      <object_component id="oc-21a">
         <name>.text.__divdf3</name>
         <load_address>0x63b8</load_address>
         <readonly>true</readonly>
         <executable>true</executable>
         <run_address>0x63b8</run_address>
         <size>0x10c</size>
         <alignment>0x4</alignment>
         <input_file_ref idref="fl-11d"/>
      </object_component>
      <object_component id="oc-1d1">
         <name>.text.SYSCFG_DL_initPower</name>
         <load_address>0x64c4</load_address>
         <readonly>true</readonly>
         <executable>true</executable>
         <run_address>0x64c4</run_address>
         <size>0x108</size>
         <alignment>0x4</alignment>
         <input_file_ref idref="fl-1"/>
      </object_component>
      <object_component id="oc-12c">
         <name>.text.handle_key_press</name>
         <load_address>0x65cc</load_address>
         <readonly>true</readonly>
         <executable>true</executable>
         <run_address>0x65cc</run_address>
         <size>0x108</size>
         <alignment>0x4</alignment>
         <input_file_ref idref="fl-4"/>
      </object_component>
      <object_component id="oc-2af">
         <name>.text.DL_Timer_initFourCCPWMMode</name>
         <load_address>0x66d4</load_address>
         <readonly>true</readonly>
         <executable>true</executable>
         <run_address>0x66d4</run_address>
         <size>0x104</size>
         <alignment>0x4</alignment>
         <input_file_ref idref="fl-2e"/>
      </object_component>
      <object_component id="oc-21e">
         <name>.text.IMU_getQ</name>
         <load_address>0x67d8</load_address>
         <readonly>true</readonly>
         <executable>true</executable>
         <run_address>0x67d8</run_address>
         <size>0x104</size>
         <alignment>0x4</alignment>
         <input_file_ref idref="fl-18"/>
      </object_component>
      <object_component id="oc-2c1">
         <name>.text.DL_Timer_initTimerMode</name>
         <load_address>0x68dc</load_address>
         <readonly>true</readonly>
         <executable>true</executable>
         <run_address>0x68dc</run_address>
         <size>0xe8</size>
         <alignment>0x4</alignment>
         <input_file_ref idref="fl-2e"/>
      </object_component>
      <object_component id="oc-154">
         <name>.text.__muldf3</name>
         <load_address>0x69c4</load_address>
         <readonly>true</readonly>
         <executable>true</executable>
         <run_address>0x69c4</run_address>
         <size>0xe4</size>
         <alignment>0x4</alignment>
         <input_file_ref idref="fl-119"/>
      </object_component>
      <object_component id="oc-209">
         <name>.text.Get_Analog_value</name>
         <load_address>0x6aa8</load_address>
         <readonly>true</readonly>
         <executable>true</executable>
         <run_address>0x6aa8</run_address>
         <size>0xdc</size>
         <alignment>0x4</alignment>
         <input_file_ref idref="fl-7"/>
      </object_component>
      <object_component id="oc-4e">
         <name>.text.TIMA0_IRQHandler</name>
         <load_address>0x6b84</load_address>
         <readonly>true</readonly>
         <executable>true</executable>
         <run_address>0x6b84</run_address>
         <size>0xd8</size>
         <alignment>0x4</alignment>
         <input_file_ref idref="fl-1a"/>
      </object_component>
      <object_component id="oc-413">
         <name>.text.scalbn</name>
         <load_address>0x6c5c</load_address>
         <readonly>true</readonly>
         <executable>true</executable>
         <run_address>0x6c5c</run_address>
         <size>0xd8</size>
         <alignment>0x4</alignment>
         <input_file_ref idref="fl-63"/>
      </object_component>
      <object_component id="oc-c1">
         <name>.text</name>
         <load_address>0x6d34</load_address>
         <readonly>true</readonly>
         <executable>true</executable>
         <run_address>0x6d34</run_address>
         <size>0xd8</size>
         <alignment>0x4</alignment>
         <input_file_ref idref="fl-117"/>
      </object_component>
      <object_component id="oc-259">
         <name>.text.OLED_ShowChar</name>
         <load_address>0x6e0c</load_address>
         <readonly>true</readonly>
         <executable>true</executable>
         <run_address>0x6e0c</run_address>
         <size>0xc8</size>
         <alignment>0x4</alignment>
         <input_file_ref idref="fl-1b"/>
      </object_component>
      <object_component id="oc-30c">
         <name>.text.inv_imu_soft_reset</name>
         <load_address>0x6ed4</load_address>
         <readonly>true</readonly>
         <executable>true</executable>
         <run_address>0x6ed4</run_address>
         <size>0xc6</size>
         <alignment>0x2</alignment>
         <input_file_ref idref="fl-16"/>
      </object_component>
      <object_component id="oc-381">
         <name>.text.write_mreg</name>
         <load_address>0x6f9a</load_address>
         <readonly>true</readonly>
         <executable>true</executable>
         <run_address>0x6f9a</run_address>
         <size>0xbc</size>
         <alignment>0x2</alignment>
         <input_file_ref idref="fl-17"/>
      </object_component>
      <object_component id="oc-3fa">
         <name>.text.check_out_of_bounds_mreg</name>
         <load_address>0x7056</load_address>
         <readonly>true</readonly>
         <executable>true</executable>
         <run_address>0x7056</run_address>
         <size>0xba</size>
         <alignment>0x2</alignment>
         <input_file_ref idref="fl-17"/>
      </object_component>
      <object_component id="oc-124">
         <name>.text.motor_init</name>
         <load_address>0x7110</load_address>
         <readonly>true</readonly>
         <executable>true</executable>
         <run_address>0x7110</run_address>
         <size>0xb8</size>
         <alignment>0x4</alignment>
         <input_file_ref idref="fl-d"/>
      </object_component>
      <object_component id="oc-3fb">
         <name>.text.read_mreg</name>
         <load_address>0x71c8</load_address>
         <readonly>true</readonly>
         <executable>true</executable>
         <run_address>0x71c8</run_address>
         <size>0xac</size>
         <alignment>0x2</alignment>
         <input_file_ref idref="fl-17"/>
      </object_component>
      <object_component id="oc-20b">
         <name>.text.normalizeAnalogValues</name>
         <load_address>0x7274</load_address>
         <readonly>true</readonly>
         <executable>true</executable>
         <run_address>0x7274</run_address>
         <size>0xaa</size>
         <alignment>0x2</alignment>
         <input_file_ref idref="fl-7"/>
      </object_component>
      <object_component id="oc-49">
         <name>.text.UART2_IRQHandler</name>
         <load_address>0x7320</load_address>
         <readonly>true</readonly>
         <executable>true</executable>
         <run_address>0x7320</run_address>
         <size>0xa8</size>
         <alignment>0x4</alignment>
         <input_file_ref idref="fl-12"/>
      </object_component>
      <object_component id="oc-147">
         <name>.text.OLED_DrawBMP</name>
         <load_address>0x73c8</load_address>
         <readonly>true</readonly>
         <executable>true</executable>
         <run_address>0x73c8</run_address>
         <size>0xa2</size>
         <alignment>0x2</alignment>
         <input_file_ref idref="fl-1b"/>
      </object_component>
      <object_component id="oc-30d">
         <name>.text.inv_imu_set_pin_config_int</name>
         <load_address>0x746a</load_address>
         <readonly>true</readonly>
         <executable>true</executable>
         <run_address>0x746a</run_address>
         <size>0xa2</size>
         <alignment>0x2</alignment>
         <input_file_ref idref="fl-16"/>
      </object_component>
      <object_component id="oc-40a">
         <name>.text</name>
         <load_address>0x750c</load_address>
         <readonly>true</readonly>
         <executable>true</executable>
         <run_address>0x750c</run_address>
         <size>0xa2</size>
         <alignment>0x4</alignment>
         <input_file_ref idref="fl-12f"/>
      </object_component>
      <object_component id="oc-2bb">
         <name>.text.DL_Timer_initCompareMode</name>
         <load_address>0x75b0</load_address>
         <readonly>true</readonly>
         <executable>true</executable>
         <run_address>0x75b0</run_address>
         <size>0xa0</size>
         <alignment>0x4</alignment>
         <input_file_ref idref="fl-2e"/>
      </object_component>
      <object_component id="oc-306">
         <name>.text.si_print_error_if_any</name>
         <load_address>0x7650</load_address>
         <readonly>true</readonly>
         <executable>true</executable>
         <run_address>0x7650</run_address>
         <size>0xa0</size>
         <alignment>0x4</alignment>
         <input_file_ref idref="fl-19"/>
      </object_component>
      <object_component id="oc-99">
         <name>.text.stop_all_motors</name>
         <load_address>0x76f0</load_address>
         <readonly>true</readonly>
         <executable>true</executable>
         <run_address>0x76f0</run_address>
         <size>0x98</size>
         <alignment>0x4</alignment>
         <input_file_ref idref="fl-d"/>
      </object_component>
      <object_component id="oc-229">
         <name>.text.BuildPacket</name>
         <load_address>0x7788</load_address>
         <readonly>true</readonly>
         <executable>true</executable>
         <run_address>0x7788</run_address>
         <size>0x90</size>
         <alignment>0x2</alignment>
         <input_file_ref idref="fl-10"/>
      </object_component>
      <object_component id="oc-1d4">
         <name>.text.SYSCFG_DL_PWM_G0_init</name>
         <load_address>0x7818</load_address>
         <readonly>true</readonly>
         <executable>true</executable>
         <run_address>0x7818</run_address>
         <size>0x90</size>
         <alignment>0x4</alignment>
         <input_file_ref idref="fl-1"/>
      </object_component>
      <object_component id="oc-1d5">
         <name>.text.SYSCFG_DL_PWM_MOTOR_1_2_init</name>
         <load_address>0x78a8</load_address>
         <readonly>true</readonly>
         <executable>true</executable>
         <run_address>0x78a8</run_address>
         <size>0x90</size>
         <alignment>0x4</alignment>
         <input_file_ref idref="fl-1"/>
      </object_component>
      <object_component id="oc-1d6">
         <name>.text.SYSCFG_DL_PWM_MOTOR_3_4_init</name>
         <load_address>0x7938</load_address>
         <readonly>true</readonly>
         <executable>true</executable>
         <run_address>0x7938</run_address>
         <size>0x90</size>
         <alignment>0x4</alignment>
         <input_file_ref idref="fl-1"/>
      </object_component>
      <object_component id="oc-c5">
         <name>.text.__mulsf3</name>
         <load_address>0x79c8</load_address>
         <readonly>true</readonly>
         <executable>true</executable>
         <run_address>0x79c8</run_address>
         <size>0x8c</size>
         <alignment>0x4</alignment>
         <input_file_ref idref="fl-11b"/>
      </object_component>
      <object_component id="oc-f0">
         <name>.text.set_rgb_duty</name>
         <load_address>0x7a54</load_address>
         <readonly>true</readonly>
         <executable>true</executable>
         <run_address>0x7a54</run_address>
         <size>0x88</size>
         <alignment>0x4</alignment>
         <input_file_ref idref="fl-e"/>
      </object_component>
      <object_component id="oc-2ad">
         <name>.text.__NVIC_SetPriority</name>
         <load_address>0x7adc</load_address>
         <readonly>true</readonly>
         <executable>true</executable>
         <run_address>0x7adc</run_address>
         <size>0x84</size>
         <alignment>0x4</alignment>
         <input_file_ref idref="fl-1"/>
      </object_component>
      <object_component id="oc-cd">
         <name>.text.__divsf3</name>
         <load_address>0x7b60</load_address>
         <readonly>true</readonly>
         <executable>true</executable>
         <run_address>0x7b60</run_address>
         <size>0x82</size>
         <alignment>0x4</alignment>
         <input_file_ref idref="fl-11c"/>
      </object_component>
      <object_component id="oc-107">
         <name>.text.IMU_init</name>
         <load_address>0x7be4</load_address>
         <readonly>true</readonly>
         <executable>true</executable>
         <run_address>0x7be4</run_address>
         <size>0x7c</size>
         <alignment>0x4</alignment>
         <input_file_ref idref="fl-18"/>
      </object_component>
      <object_component id="oc-1f">
         <name>.text:decompress:lzss</name>
         <load_address>0x7c60</load_address>
         <readonly>true</readonly>
         <executable>true</executable>
         <run_address>0x7c60</run_address>
         <size>0x7c</size>
         <alignment>0x4</alignment>
         <input_file_ref idref="fl-61"/>
      </object_component>
      <object_component id="oc-1ef">
         <name>.text.OLED_WR_Byte</name>
         <load_address>0x7cdc</load_address>
         <readonly>true</readonly>
         <executable>true</executable>
         <run_address>0x7cdc</run_address>
         <size>0x78</size>
         <alignment>0x4</alignment>
         <input_file_ref idref="fl-1b"/>
      </object_component>
      <object_component id="oc-319">
         <name>.text.icm45686_read_regs</name>
         <load_address>0x7d54</load_address>
         <readonly>true</readonly>
         <executable>true</executable>
         <run_address>0x7d54</run_address>
         <size>0x78</size>
         <alignment>0x4</alignment>
         <input_file_ref idref="fl-19"/>
      </object_component>
      <object_component id="oc-1c2">
         <name>.text.__gedf2</name>
         <load_address>0x7dcc</load_address>
         <readonly>true</readonly>
         <executable>true</executable>
         <run_address>0x7dcc</run_address>
         <size>0x74</size>
         <alignment>0x4</alignment>
         <input_file_ref idref="fl-131"/>
      </object_component>
      <object_component id="oc-15c">
         <name>.text.__truncdfsf2</name>
         <load_address>0x7e40</load_address>
         <readonly>true</readonly>
         <executable>true</executable>
         <run_address>0x7e40</run_address>
         <size>0x74</size>
         <alignment>0x10</alignment>
         <input_file_ref idref="fl-126"/>
      </object_component>
      <object_component id="oc-367">
         <name>.text._chkmbc</name>
         <load_address>0x7eb4</load_address>
         <readonly>true</readonly>
         <executable>true</executable>
         <run_address>0x7eb4</run_address>
         <size>0x74</size>
         <alignment>0x4</alignment>
         <input_file_ref idref="fl-4d"/>
      </object_component>
      <object_component id="oc-10c">
         <name>.text.No_MCU_Ganv_Sensor_Init_Frist</name>
         <load_address>0x7f28</load_address>
         <readonly>true</readonly>
         <executable>true</executable>
         <run_address>0x7f28</run_address>
         <size>0x72</size>
         <alignment>0x2</alignment>
         <input_file_ref idref="fl-7"/>
      </object_component>
      <object_component id="oc-1de">
         <name>.text.SYSCFG_DL_VCC_ADC_init</name>
         <load_address>0x7f9c</load_address>
         <readonly>true</readonly>
         <executable>true</executable>
         <run_address>0x7f9c</run_address>
         <size>0x70</size>
         <alignment>0x4</alignment>
         <input_file_ref idref="fl-1"/>
      </object_component>
      <object_component id="oc-f5">
         <name>.text.SYSCFG_DL_init</name>
         <load_address>0x800c</load_address>
         <readonly>true</readonly>
         <executable>true</executable>
         <run_address>0x800c</run_address>
         <size>0x70</size>
         <alignment>0x4</alignment>
         <input_file_ref idref="fl-1"/>
      </object_component>
      <object_component id="oc-fa">
         <name>.text.PID_Init</name>
         <load_address>0x807c</load_address>
         <readonly>true</readonly>
         <executable>true</executable>
         <run_address>0x807c</run_address>
         <size>0x6c</size>
         <alignment>0x4</alignment>
         <input_file_ref idref="fl-8"/>
      </object_component>
      <object_component id="oc-20a">
         <name>.text.convertAnalogToDigital</name>
         <load_address>0x80e8</load_address>
         <readonly>true</readonly>
         <executable>true</executable>
         <run_address>0x80e8</run_address>
         <size>0x6c</size>
         <alignment>0x2</alignment>
         <input_file_ref idref="fl-7"/>
      </object_component>
      <object_component id="oc-268">
         <name>.text.truncf</name>
         <load_address>0x8154</load_address>
         <readonly>true</readonly>
         <executable>true</executable>
         <run_address>0x8154</run_address>
         <size>0x6c</size>
         <alignment>0x4</alignment>
         <input_file_ref idref="fl-4e"/>
      </object_component>
      <object_component id="oc-146">
         <name>.text.OLED_Clear</name>
         <load_address>0x81c0</load_address>
         <readonly>true</readonly>
         <executable>true</executable>
         <run_address>0x81c0</run_address>
         <size>0x6a</size>
         <alignment>0x2</alignment>
         <input_file_ref idref="fl-1b"/>
      </object_component>
      <object_component id="oc-148">
         <name>.text.OLED_ShowString</name>
         <load_address>0x822a</load_address>
         <readonly>true</readonly>
         <executable>true</executable>
         <run_address>0x822a</run_address>
         <size>0x68</size>
         <alignment>0x2</alignment>
         <input_file_ref idref="fl-1b"/>
      </object_component>
      <object_component id="oc-1bc">
         <name>.text.__ledf2</name>
         <load_address>0x8294</load_address>
         <readonly>true</readonly>
         <executable>true</executable>
         <run_address>0x8294</run_address>
         <size>0x68</size>
         <alignment>0x4</alignment>
         <input_file_ref idref="fl-131"/>
      </object_component>
      <object_component id="oc-41f">
         <name>.text._mcpy</name>
         <load_address>0x82fc</load_address>
         <readonly>true</readonly>
         <executable>true</executable>
         <run_address>0x82fc</run_address>
         <size>0x66</size>
         <alignment>0x2</alignment>
         <input_file_ref idref="fl-4b"/>
      </object_component>
      <object_component id="oc-316">
         <name>.text.inv_imu_set_accel_mode</name>
         <load_address>0x8362</load_address>
         <readonly>true</readonly>
         <executable>true</executable>
         <run_address>0x8362</run_address>
         <size>0x64</size>
         <alignment>0x2</alignment>
         <input_file_ref idref="fl-16"/>
      </object_component>
      <object_component id="oc-d5">
         <name>.text.__aeabi_dcmp</name>
         <load_address>0x83c8</load_address>
         <readonly>true</readonly>
         <executable>true</executable>
         <run_address>0x83c8</run_address>
         <size>0x62</size>
         <alignment>0x4</alignment>
         <input_file_ref idref="fl-127"/>
      </object_component>
      <object_component id="oc-c9">
         <name>.text.__aeabi_fcmp</name>
         <load_address>0x842c</load_address>
         <readonly>true</readonly>
         <executable>true</executable>
         <run_address>0x842c</run_address>
         <size>0x62</size>
         <alignment>0x4</alignment>
         <input_file_ref idref="fl-128"/>
      </object_component>
      <object_component id="oc-2f4">
         <name>.text.DL_ADC12_initSeqSample</name>
         <load_address>0x8490</load_address>
         <readonly>true</readonly>
         <executable>true</executable>
         <run_address>0x8490</run_address>
         <size>0x60</size>
         <alignment>0x4</alignment>
         <input_file_ref idref="fl-1"/>
      </object_component>
      <object_component id="oc-317">
         <name>.text.inv_imu_set_gyro_mode</name>
         <load_address>0x84f0</load_address>
         <readonly>true</readonly>
         <executable>true</executable>
         <run_address>0x84f0</run_address>
         <size>0x60</size>
         <alignment>0x2</alignment>
         <input_file_ref idref="fl-16"/>
      </object_component>
      <object_component id="oc-40f">
         <name>.text.frexp</name>
         <load_address>0x8550</load_address>
         <readonly>true</readonly>
         <executable>true</executable>
         <run_address>0x8550</run_address>
         <size>0x5c</size>
         <alignment>0x4</alignment>
         <input_file_ref idref="fl-62"/>
      </object_component>
      <object_component id="oc-313">
         <name>.text.inv_imu_set_accel_ln_bw</name>
         <load_address>0x85ac</load_address>
         <readonly>true</readonly>
         <executable>true</executable>
         <run_address>0x85ac</run_address>
         <size>0x5c</size>
         <alignment>0x4</alignment>
         <input_file_ref idref="fl-16"/>
      </object_component>
      <object_component id="oc-314">
         <name>.text.inv_imu_set_gyro_ln_bw</name>
         <load_address>0x8608</load_address>
         <readonly>true</readonly>
         <executable>true</executable>
         <run_address>0x8608</run_address>
         <size>0x5c</size>
         <alignment>0x4</alignment>
         <input_file_ref idref="fl-16"/>
      </object_component>
      <object_component id="oc-113">
         <name>.text.printf</name>
         <load_address>0x8664</load_address>
         <readonly>true</readonly>
         <executable>true</executable>
         <run_address>0x8664</run_address>
         <size>0x5c</size>
         <alignment>0x4</alignment>
         <input_file_ref idref="fl-4a"/>
      </object_component>
      <object_component id="oc-1da">
         <name>.text.SYSCFG_DL_I2C_0_init</name>
         <load_address>0x86c0</load_address>
         <readonly>true</readonly>
         <executable>true</executable>
         <run_address>0x86c0</run_address>
         <size>0x58</size>
         <alignment>0x4</alignment>
         <input_file_ref idref="fl-1"/>
      </object_component>
      <object_component id="oc-11c">
         <name>.text.Servo_SetPosition</name>
         <load_address>0x8718</load_address>
         <readonly>true</readonly>
         <executable>true</executable>
         <run_address>0x8718</run_address>
         <size>0x58</size>
         <alignment>0x4</alignment>
         <input_file_ref idref="fl-10"/>
      </object_component>
      <object_component id="oc-417">
         <name>.text.__TI_ltoa</name>
         <load_address>0x8770</load_address>
         <readonly>true</readonly>
         <executable>true</executable>
         <run_address>0x8770</run_address>
         <size>0x58</size>
         <alignment>0x2</alignment>
         <input_file_ref idref="fl-52"/>
      </object_component>
      <object_component id="oc-3b9">
         <name>.text._pconv_f</name>
         <load_address>0x87c8</load_address>
         <readonly>true</readonly>
         <executable>true</executable>
         <run_address>0x87c8</run_address>
         <size>0x58</size>
         <alignment>0x2</alignment>
         <input_file_ref idref="fl-4b"/>
      </object_component>
      <object_component id="oc-3c6">
         <name>.text.invSqrt1</name>
         <load_address>0x8820</load_address>
         <readonly>true</readonly>
         <executable>true</executable>
         <run_address>0x8820</run_address>
         <size>0x58</size>
         <alignment>0x4</alignment>
         <input_file_ref idref="fl-18"/>
      </object_component>
      <object_component id="oc-315">
         <name>.text.inv_imu_select_accel_lp_clk</name>
         <load_address>0x8878</load_address>
         <readonly>true</readonly>
         <executable>true</executable>
         <run_address>0x8878</run_address>
         <size>0x58</size>
         <alignment>0x4</alignment>
         <input_file_ref idref="fl-16"/>
      </object_component>
      <object_component id="oc-168">
         <name>.text.__aeabi_idivmod</name>
         <load_address>0x88d0</load_address>
         <readonly>true</readonly>
         <executable>true</executable>
         <run_address>0x88d0</run_address>
         <size>0x56</size>
         <alignment>0x4</alignment>
         <input_file_ref idref="fl-129"/>
      </object_component>
      <object_component id="oc-311">
         <name>.text.inv_imu_set_accel_frequency</name>
         <load_address>0x8926</load_address>
         <readonly>true</readonly>
         <executable>true</executable>
         <run_address>0x8926</run_address>
         <size>0x56</size>
         <alignment>0x2</alignment>
         <input_file_ref idref="fl-16"/>
      </object_component>
      <object_component id="oc-312">
         <name>.text.inv_imu_set_gyro_frequency</name>
         <load_address>0x897c</load_address>
         <readonly>true</readonly>
         <executable>true</executable>
         <run_address>0x897c</run_address>
         <size>0x56</size>
         <alignment>0x2</alignment>
         <input_file_ref idref="fl-16"/>
      </object_component>
      <object_component id="oc-1db">
         <name>.text.SYSCFG_DL_USB_UART_0_init</name>
         <load_address>0x89d4</load_address>
         <readonly>true</readonly>
         <executable>true</executable>
         <run_address>0x89d4</run_address>
         <size>0x54</size>
         <alignment>0x4</alignment>
         <input_file_ref idref="fl-1"/>
      </object_component>
      <object_component id="oc-41d">
         <name>.text._ecpy</name>
         <load_address>0x8a28</load_address>
         <readonly>true</readonly>
         <executable>true</executable>
         <run_address>0x8a28</run_address>
         <size>0x52</size>
         <alignment>0x2</alignment>
         <input_file_ref idref="fl-4b"/>
      </object_component>
      <object_component id="oc-31a">
         <name>.text.icm45686_write_regs</name>
         <load_address>0x8a7a</load_address>
         <readonly>true</readonly>
         <executable>true</executable>
         <run_address>0x8a7a</run_address>
         <size>0x52</size>
         <alignment>0x2</alignment>
         <input_file_ref idref="fl-19"/>
      </object_component>
      <object_component id="oc-30f">
         <name>.text.inv_imu_set_accel_fsr</name>
         <load_address>0x8acc</load_address>
         <readonly>true</readonly>
         <executable>true</executable>
         <run_address>0x8acc</run_address>
         <size>0x52</size>
         <alignment>0x2</alignment>
         <input_file_ref idref="fl-16"/>
      </object_component>
      <object_component id="oc-33c">
         <name>.text.fputs</name>
         <load_address>0x8b20</load_address>
         <readonly>true</readonly>
         <executable>true</executable>
         <run_address>0x8b20</run_address>
         <size>0x50</size>
         <alignment>0x4</alignment>
         <input_file_ref idref="fl-12"/>
      </object_component>
      <object_component id="oc-310">
         <name>.text.inv_imu_set_gyro_fsr</name>
         <load_address>0x8b70</load_address>
         <readonly>true</readonly>
         <executable>true</executable>
         <run_address>0x8b70</run_address>
         <size>0x50</size>
         <alignment>0x2</alignment>
         <input_file_ref idref="fl-16"/>
      </object_component>
      <object_component id="oc-393">
         <name>.text.io_write_reg</name>
         <load_address>0x8bc0</load_address>
         <readonly>true</readonly>
         <executable>true</executable>
         <run_address>0x8bc0</run_address>
         <size>0x50</size>
         <alignment>0x4</alignment>
         <input_file_ref idref="fl-19"/>
      </object_component>
      <object_component id="oc-392">
         <name>.text.spi0_read_write_byte</name>
         <load_address>0x8c10</load_address>
         <readonly>true</readonly>
         <executable>true</executable>
         <run_address>0x8c10</run_address>
         <size>0x50</size>
         <alignment>0x4</alignment>
         <input_file_ref idref="fl-19"/>
      </object_component>
      <object_component id="oc-2db">
         <name>.text.DL_UART_setBaudRateDivisor</name>
         <load_address>0x8c60</load_address>
         <readonly>true</readonly>
         <executable>true</executable>
         <run_address>0x8c60</run_address>
         <size>0x4c</size>
         <alignment>0x4</alignment>
         <input_file_ref idref="fl-1"/>
      </object_component>
      <object_component id="oc-164">
         <name>.text.set_buzzer_hz_duty</name>
         <load_address>0x8cac</load_address>
         <readonly>true</readonly>
         <executable>true</executable>
         <run_address>0x8cac</run_address>
         <size>0x4c</size>
         <alignment>0x4</alignment>
         <input_file_ref idref="fl-6"/>
      </object_component>
      <object_component id="oc-2f5">
         <name>.text.DL_ADC12_configConversionMem</name>
         <load_address>0x8cf8</load_address>
         <readonly>true</readonly>
         <executable>true</executable>
         <run_address>0x8cf8</run_address>
         <size>0x4a</size>
         <alignment>0x2</alignment>
         <input_file_ref idref="fl-1"/>
      </object_component>
      <object_component id="oc-327">
         <name>.text.__fixdfsi</name>
         <load_address>0x8d44</load_address>
         <readonly>true</readonly>
         <executable>true</executable>
         <run_address>0x8d44</run_address>
         <size>0x4a</size>
         <alignment>0x4</alignment>
         <input_file_ref idref="fl-11f"/>
      </object_component>
      <object_component id="oc-322">
         <name>.text.adc_getValue</name>
         <load_address>0x8d8e</load_address>
         <readonly>true</readonly>
         <executable>true</executable>
         <run_address>0x8d8e</run_address>
         <size>0x4a</size>
         <alignment>0x2</alignment>
         <input_file_ref idref="fl-5"/>
      </object_component>
      <object_component id="oc-2d9">
         <name>.text.DL_UART_init</name>
         <load_address>0x8dd8</load_address>
         <readonly>true</readonly>
         <executable>true</executable>
         <run_address>0x8dd8</run_address>
         <size>0x48</size>
         <alignment>0x4</alignment>
         <input_file_ref idref="fl-2f"/>
      </object_component>
      <object_component id="oc-2e8">
         <name>.text.DL_SPI_init</name>
         <load_address>0x8e20</load_address>
         <readonly>true</readonly>
         <executable>true</executable>
         <run_address>0x8e20</run_address>
         <size>0x44</size>
         <alignment>0x4</alignment>
         <input_file_ref idref="fl-2d"/>
      </object_component>
      <object_component id="oc-53">
         <name>.text.TIMA1_IRQHandler</name>
         <load_address>0x8e64</load_address>
         <readonly>true</readonly>
         <executable>true</executable>
         <run_address>0x8e64</run_address>
         <size>0x44</size>
         <alignment>0x4</alignment>
         <input_file_ref idref="fl-d"/>
      </object_component>
      <object_component id="oc-3f">
         <name>.text.TIMG8_IRQHandler</name>
         <load_address>0x8ea8</load_address>
         <readonly>true</readonly>
         <executable>true</executable>
         <run_address>0x8ea8</run_address>
         <size>0x44</size>
         <alignment>0x4</alignment>
         <input_file_ref idref="fl-d"/>
      </object_component>
      <object_component id="oc-267">
         <name>.text.constrain_float</name>
         <load_address>0x8eec</load_address>
         <readonly>true</readonly>
         <executable>true</executable>
         <run_address>0x8eec</run_address>
         <size>0x44</size>
         <alignment>0x2</alignment>
         <input_file_ref idref="fl-c"/>
      </object_component>
      <object_component id="oc-38b">
         <name>.text.inv_imu_read_reg</name>
         <load_address>0x8f30</load_address>
         <readonly>true</readonly>
         <executable>true</executable>
         <run_address>0x8f30</run_address>
         <size>0x44</size>
         <alignment>0x2</alignment>
         <input_file_ref idref="fl-17"/>
      </object_component>
      <object_component id="oc-35c">
         <name>.text.uart_send</name>
         <load_address>0x8f74</load_address>
         <readonly>true</readonly>
         <executable>true</executable>
         <run_address>0x8f74</run_address>
         <size>0x44</size>
         <alignment>0x2</alignment>
         <input_file_ref idref="fl-11"/>
      </object_component>
      <object_component id="oc-111">
         <name>.text.No_Mcu_Ganv_Sensor_Task_Without_tick</name>
         <load_address>0x8fb8</load_address>
         <readonly>true</readonly>
         <executable>true</executable>
         <run_address>0x8fb8</run_address>
         <size>0x42</size>
[...]
      </symbol>
      <symbol id="sm-545">
         <name>atan2</name>
         <value>0x4f61</value>
         <object_component_ref idref="oc-21f"/>
      </symbol>
      <symbol id="sm-546">
         <name>atan2l</name>
         <value>0x4f61</value>
         <object_component_ref idref="oc-21f"/>
      </symbol>
      <symbol id="sm-550">
         <name>sqrt</name>
         <value>0x5259</value>
         <object_component_ref idref="oc-353"/>
      </symbol>
      <symbol id="sm-551">
         <name>sqrtl</name>
         <value>0x5259</value>
         <object_component_ref idref="oc-353"/>
      </symbol>
      <symbol id="sm-568">
         <name>atan</name>
         <value>0x3861</value>
         <object_component_ref idref="oc-343"/>
      </symbol>
      <symbol id="sm-569">
         <name>atanl</name>
         <value>0x3861</value>
         <object_component_ref idref="oc-343"/>
      </symbol>
      <symbol id="sm-57a">
         <name>printf</name>
         <value>0x8665</value>
         <object_component_ref idref="oc-113"/>
      </symbol>
      <symbol id="sm-5c3">
         <name>__TI_printfi</name>
         <value>0x17c9</value>
         <object_component_ref idref="oc-332"/>
      </symbol>
      <symbol id="sm-5d4">
         <name>sprintf</name>
         <value>0x957d</value>
         <object_component_ref idref="oc-149"/>
      </symbol>
      <symbol id="sm-5e9">
         <name>sscanf</name>
         <value>0x97ad</value>
         <object_component_ref idref="oc-236"/>
      </symbol>
      <symbol id="sm-5f3">
         <name>truncf</name>
         <value>0x8155</value>
         <object_component_ref idref="oc-268"/>
      </symbol>
      <symbol id="sm-5f4">
         <name>__aeabi_ctype_table_</name>
         <value>0xaca0</value>
         <object_component_ref idref="oc-3db"/>
      </symbol>
      <symbol id="sm-5f5">
         <name>__aeabi_ctype_table_C</name>
         <value>0xaca0</value>
         <object_component_ref idref="oc-3db"/>
      </symbol>
      <symbol id="sm-600">
         <name>__aeabi_errno_addr</name>
         <value>0xa631</value>
         <object_component_ref idref="oc-34c"/>
      </symbol>
      <symbol id="sm-601">
         <name>__aeabi_errno</name>
         <value>0x202025d0</value>
         <object_component_ref idref="oc-3d0"/>
      </symbol>
      <symbol id="sm-60a">
         <name>_nop</name>
         <value>0x619f</value>
         <object_component_ref idref="oc-333"/>
      </symbol>
      <symbol id="sm-60b">
         <name>_lock</name>
         <value>0x202025d4</value>
         <object_component_ref idref="oc-20d"/>
      </symbol>
      <symbol id="sm-60c">
         <name>_unlock</name>
         <value>0x202025d8</value>
         <object_component_ref idref="oc-213"/>
      </symbol>
      <symbol id="sm-615">
         <name>__TI_ltoa</name>
         <value>0x8771</value>
         <object_component_ref idref="oc-417"/>
      </symbol>
      <symbol id="sm-621">
         <name>atoi</name>
         <value>0x91bd</value>
         <object_component_ref idref="oc-3a6"/>
      </symbol>
      <symbol id="sm-626">
         <name>_ftable</name>
         <value>0x20202474</value>
         <object_component_ref idref="oc-20f"/>
      </symbol>
      <symbol id="sm-62f">
         <name>memccpy</name>
         <value>0x9b2f</value>
         <object_component_ref idref="oc-39f"/>
      </symbol>
      <symbol id="sm-645">
         <name>strtod</name>
         <value>0x2da5</value>
         <object_component_ref idref="oc-3e1"/>
      </symbol>
      <symbol id="sm-646">
         <name>strtold</name>
         <value>0x2da5</value>
         <object_component_ref idref="oc-3e1"/>
      </symbol>
      <symbol id="sm-651">
         <name>_c_int00_noargs</name>
         <value>0x9a09</value>
         <object_component_ref idref="oc-6f"/>
      </symbol>
      <symbol id="sm-652">
         <name>__stack</name>
         <value>0x20207e00</value>
         <object_component_ref idref="oc-1d"/>
      </symbol>
      <symbol id="sm-661">
         <name>__TI_auto_init_nobinit_nopinit</name>
         <value>0x9421</value>
         <object_component_ref idref="oc-19b"/>
      </symbol>
      <symbol id="sm-669">
         <name>_system_pre_init</name>
         <value>0xa6a5</value>
         <object_component_ref idref="oc-af"/>
      </symbol>
      <symbol id="sm-674">
         <name>__TI_zero_init</name>
         <value>0xa4dd</value>
         <object_component_ref idref="oc-6c"/>
      </symbol>
      <symbol id="sm-67d">
         <name>__TI_decompress_none</name>
         <value>0xa499</value>
         <object_component_ref idref="oc-23"/>
      </symbol>
      <symbol id="sm-688">
         <name>__TI_decompress_lzss</name>
         <value>0x7c61</value>
         <object_component_ref idref="oc-1f"/>
      </symbol>
      <symbol id="sm-692">
         <name>frexp</name>
         <value>0x8551</value>
         <object_component_ref idref="oc-40f"/>
      </symbol>
      <symbol id="sm-693">
         <name>frexpl</name>
         <value>0x8551</value>
         <object_component_ref idref="oc-40f"/>
      </symbol>
      <symbol id="sm-69d">
         <name>scalbn</name>
         <value>0x6c5d</value>
         <object_component_ref idref="oc-413"/>
      </symbol>
      <symbol id="sm-69e">
         <name>ldexp</name>
         <value>0x6c5d</value>
         <object_component_ref idref="oc-413"/>
      </symbol>
      <symbol id="sm-69f">
         <name>scalbnl</name>
         <value>0x6c5d</value>
         <object_component_ref idref="oc-413"/>
      </symbol>
      <symbol id="sm-6a0">
         <name>ldexpl</name>
         <value>0x6c5d</value>
         <object_component_ref idref="oc-413"/>
      </symbol>
      <symbol id="sm-6a9">
         <name>wcslen</name>
         <value>0xa4cd</value>
         <object_component_ref idref="oc-3aa"/>
      </symbol>
      <symbol id="sm-6d0">
         <name>__TI_scanfi</name>
         <value>0xc1</value>
         <object_component_ref idref="oc-35f"/>
      </symbol>
      <symbol id="sm-6db">
         <name>abort</name>
         <value>0xa67d</value>
         <object_component_ref idref="oc-194"/>
      </symbol>
      <symbol id="sm-6e7">
         <name>strtol</name>
         <value>0x5a85</value>
         <object_component_ref idref="oc-3ec"/>
      </symbol>
      <symbol id="sm-6f2">
         <name>strtoll</name>
         <value>0x450d</value>
         <object_component_ref idref="oc-3f4"/>
      </symbol>
      <symbol id="sm-6fd">
         <name>strtoul</name>
         <value>0x5e41</value>
         <object_component_ref idref="oc-3e8"/>
      </symbol>
      <symbol id="sm-708">
         <name>strtoull</name>
         <value>0x53c9</value>
         <object_component_ref idref="oc-3f0"/>
      </symbol>
      <symbol id="sm-710">
         <name>HOSTexit</name>
         <value>0xa687</value>
         <object_component_ref idref="oc-27e"/>
      </symbol>
      <symbol id="sm-711">
         <name>C$$EXIT</name>
         <value>0xa686</value>
         <object_component_ref idref="oc-27e"/>
      </symbol>
      <symbol id="sm-721">
         <name>__aeabi_fadd</name>
         <value>0x6d3f</value>
         <object_component_ref idref="oc-c1"/>
      </symbol>
      <symbol id="sm-722">
         <name>__addsf3</name>
         <value>0x6d3f</value>
         <object_component_ref idref="oc-c1"/>
      </symbol>
      <symbol id="sm-723">
         <name>__aeabi_fsub</name>
         <value>0x6d35</value>
         <object_component_ref idref="oc-c1"/>
      </symbol>
      <symbol id="sm-724">
         <name>__subsf3</name>
         <value>0x6d35</value>
         <object_component_ref idref="oc-c1"/>
      </symbol>
      <symbol id="sm-72a">
         <name>__aeabi_dadd</name>
         <value>0x4c4f</value>
         <object_component_ref idref="oc-158"/>
      </symbol>
      <symbol id="sm-72b">
         <name>__adddf3</name>
         <value>0x4c4f</value>
         <object_component_ref idref="oc-158"/>
      </symbol>
      <symbol id="sm-72c">
         <name>__aeabi_dsub</name>
         <value>0x4c45</value>
         <object_component_ref idref="oc-158"/>
      </symbol>
      <symbol id="sm-72d">
         <name>__subdf3</name>
         <value>0x4c45</value>
         <object_component_ref idref="oc-158"/>
      </symbol>
      <symbol id="sm-739">
         <name>__aeabi_dmul</name>
         <value>0x69c5</value>
         <object_component_ref idref="oc-154"/>
      </symbol>
      <symbol id="sm-73a">
         <name>__muldf3</name>
         <value>0x69c5</value>
         <object_component_ref idref="oc-154"/>
      </symbol>
      <symbol id="sm-743">
         <name>__muldsi3</name>
         <value>0x9499</value>
         <object_component_ref idref="oc-1ae"/>
      </symbol>
      <symbol id="sm-749">
         <name>__aeabi_fmul</name>
         <value>0x79c9</value>
         <object_component_ref idref="oc-c5"/>
      </symbol>
      <symbol id="sm-74a">
         <name>__mulsf3</name>
         <value>0x79c9</value>
         <object_component_ref idref="oc-c5"/>
      </symbol>
      <symbol id="sm-750">
         <name>__aeabi_fdiv</name>
         <value>0x7b61</value>
         <object_component_ref idref="oc-cd"/>
      </symbol>
      <symbol id="sm-751">
         <name>__divsf3</name>
         <value>0x7b61</value>
         <object_component_ref idref="oc-cd"/>
      </symbol>
      <symbol id="sm-757">
         <name>__aeabi_ddiv</name>
         <value>0x63b9</value>
         <object_component_ref idref="oc-21a"/>
      </symbol>
      <symbol id="sm-758">
         <name>__divdf3</name>
         <value>0x63b9</value>
         <object_component_ref idref="oc-21a"/>
      </symbol>
      <symbol id="sm-761">
         <name>__aeabi_f2d</name>
         <value>0x917d</value>
         <object_component_ref idref="oc-d1"/>
      </symbol>
      <symbol id="sm-762">
         <name>__extendsfdf2</name>
         <value>0x917d</value>
         <object_component_ref idref="oc-d1"/>
      </symbol>
      <symbol id="sm-768">
         <name>__aeabi_d2iz</name>
         <value>0x8d45</value>
         <object_component_ref idref="oc-327"/>
      </symbol>
      <symbol id="sm-769">
         <name>__fixdfsi</name>
         <value>0x8d45</value>
         <object_component_ref idref="oc-327"/>
      </symbol>
      <symbol id="sm-76f">
         <name>__aeabi_f2iz</name>
         <value>0x9545</value>
         <object_component_ref idref="oc-94"/>
      </symbol>
      <symbol id="sm-770">
         <name>__fixsfsi</name>
         <value>0x9545</value>
         <object_component_ref idref="oc-94"/>
      </symbol>
      <symbol id="sm-776">
         <name>__aeabi_i2d</name>
         <value>0x98e5</value>
         <object_component_ref idref="oc-150"/>
      </symbol>
      <symbol id="sm-777">
         <name>__floatsidf</name>
         <value>0x98e5</value>
         <object_component_ref idref="oc-150"/>
      </symbol>
      <symbol id="sm-77d">
         <name>__aeabi_i2f</name>
         <value>0x936d</value>
         <object_component_ref idref="oc-160"/>
      </symbol>
      <symbol id="sm-77e">
         <name>__floatsisf</name>
         <value>0x936d</value>
         <object_component_ref idref="oc-160"/>
      </symbol>
      <symbol id="sm-784">
         <name>__aeabi_ui2d</name>
         <value>0x9ac5</value>
         <object_component_ref idref="oc-216"/>
      </symbol>
      <symbol id="sm-785">
         <name>__floatunsidf</name>
         <value>0x9ac5</value>
         <object_component_ref idref="oc-216"/>
      </symbol>
      <symbol id="sm-78b">
         <name>__aeabi_ui2f</name>
         <value>0x99e1</value>
         <object_component_ref idref="oc-3c2"/>
      </symbol>
      <symbol id="sm-78c">
         <name>__floatunsisf</name>
         <value>0x99e1</value>
         <object_component_ref idref="oc-3c2"/>
      </symbol>
      <symbol id="sm-792">
         <name>__aeabi_lmul</name>
         <value>0x9ae9</value>
         <object_component_ref idref="oc-3ae"/>
      </symbol>
      <symbol id="sm-793">
         <name>__muldi3</name>
         <value>0x9ae9</value>
         <object_component_ref idref="oc-3ae"/>
      </symbol>
      <symbol id="sm-79a">
         <name>__aeabi_d2f</name>
         <value>0x7e41</value>
         <object_component_ref idref="oc-15c"/>
      </symbol>
      <symbol id="sm-79b">
         <name>__truncdfsf2</name>
         <value>0x7e41</value>
         <object_component_ref idref="oc-15c"/>
      </symbol>
      <symbol id="sm-7a1">
         <name>__aeabi_dcmpeq</name>
         <value>0x83c9</value>
         <object_component_ref idref="oc-d5"/>
      </symbol>
      <symbol id="sm-7a2">
         <name>__aeabi_dcmplt</name>
         <value>0x83dd</value>
         <object_component_ref idref="oc-d5"/>
      </symbol>
      <symbol id="sm-7a3">
         <name>__aeabi_dcmple</name>
         <value>0x83f1</value>
         <object_component_ref idref="oc-d5"/>
      </symbol>
      <symbol id="sm-7a4">
         <name>__aeabi_dcmpge</name>
         <value>0x8405</value>
         <object_component_ref idref="oc-d5"/>
      </symbol>
      <symbol id="sm-7a5">
         <name>__aeabi_dcmpgt</name>
         <value>0x8419</value>
         <object_component_ref idref="oc-d5"/>
      </symbol>
      <symbol id="sm-7ae">
         <name>__aeabi_fcmpeq</name>
         <value>0x842d</value>
         <object_component_ref idref="oc-c9"/>
      </symbol>
      <symbol id="sm-7af">
         <name>__aeabi_fcmplt</name>
         <value>0x8441</value>
         <object_component_ref idref="oc-c9"/>
      </symbol>
      <symbol id="sm-7b0">
         <name>__aeabi_fcmple</name>
         <value>0x8455</value>
         <object_component_ref idref="oc-c9"/>
      </symbol>
      <symbol id="sm-7b1">
         <name>__aeabi_fcmpge</name>
         <value>0x8469</value>
         <object_component_ref idref="oc-c9"/>
      </symbol>
      <symbol id="sm-7b2">
         <name>__aeabi_fcmpgt</name>
         <value>0x847d</value>
         <object_component_ref idref="oc-c9"/>
      </symbol>
      <symbol id="sm-7b8">
         <name>__aeabi_idiv</name>
         <value>0x88d1</value>
         <object_component_ref idref="oc-168"/>
      </symbol>
      <symbol id="sm-7b9">
         <name>__aeabi_idivmod</name>
         <value>0x88d1</value>
         <object_component_ref idref="oc-168"/>
      </symbol>
      <symbol id="sm-7bf">
         <name>__aeabi_memcpy</name>
         <value>0xa639</value>
         <object_component_ref idref="oc-5f"/>
      </symbol>
      <symbol id="sm-7c0">
         <name>__aeabi_memcpy4</name>
         <value>0xa639</value>
         <object_component_ref idref="oc-5f"/>
      </symbol>
      <symbol id="sm-7c1">
         <name>__aeabi_memcpy8</name>
         <value>0xa639</value>
         <object_component_ref idref="oc-5f"/>
      </symbol>
      <symbol id="sm-7ca">
         <name>__aeabi_memset</name>
         <value>0xa525</value>
         <object_component_ref idref="oc-39e"/>
      </symbol>
      <symbol id="sm-7cb">
         <name>__aeabi_memset4</name>
         <value>0xa525</value>
         <object_component_ref idref="oc-39e"/>
      </symbol>
      <symbol id="sm-7cc">
         <name>__aeabi_memset8</name>
         <value>0xa525</value>
         <object_component_ref idref="oc-39e"/>
      </symbol>
      <symbol id="sm-7cd">
         <name>__aeabi_memclr</name>
         <value>0xa551</value>
         <object_component_ref idref="oc-aa"/>
      </symbol>
      <symbol id="sm-7ce">
         <name>__aeabi_memclr4</name>
         <value>0xa551</value>
         <object_component_ref idref="oc-aa"/>
      </symbol>
      <symbol id="sm-7cf">
         <name>__aeabi_memclr8</name>
         <value>0xa551</value>
         <object_component_ref idref="oc-aa"/>
      </symbol>
      <symbol id="sm-7d5">
         <name>__aeabi_uidiv</name>
         <value>0x913d</value>
         <object_component_ref idref="oc-12f"/>
      </symbol>
      <symbol id="sm-7d6">
         <name>__aeabi_uidivmod</name>
         <value>0x913d</value>
         <object_component_ref idref="oc-12f"/>
      </symbol>
      <symbol id="sm-7dc">
         <name>__aeabi_uldivmod</name>
         <value>0xa3cd</value>
         <object_component_ref idref="oc-3b3"/>
      </symbol>
      <symbol id="sm-7e5">
         <name>__eqsf2</name>
         <value>0x945d</value>
         <object_component_ref idref="oc-1b3"/>
      </symbol>
      <symbol id="sm-7e6">
         <name>__lesf2</name>
         <value>0x945d</value>
         <object_component_ref idref="oc-1b3"/>
      </symbol>
      <symbol id="sm-7e7">
         <name>__ltsf2</name>
         <value>0x945d</value>
         <object_component_ref idref="oc-1b3"/>
      </symbol>
      <symbol id="sm-7e8">
         <name>__nesf2</name>
         <value>0x945d</value>
         <object_component_ref idref="oc-1b3"/>
      </symbol>
      <symbol id="sm-7e9">
         <name>__cmpsf2</name>
         <value>0x945d</value>
         <object_component_ref idref="oc-1b3"/>
      </symbol>
      <symbol id="sm-7ea">
         <name>__gtsf2</name>
         <value>0x93a9</value>
         <object_component_ref idref="oc-1b8"/>
      </symbol>
      <symbol id="sm-7eb">
         <name>__gesf2</name>
         <value>0x93a9</value>
         <object_component_ref idref="oc-1b8"/>
      </symbol>
      <symbol id="sm-7f1">
         <name>__udivmoddi4</name>
         <value>0x750d</value>
         <object_component_ref idref="oc-40a"/>
      </symbol>
      <symbol id="sm-7f7">
         <name>__aeabi_llsl</name>
         <value>0x9bd1</value>
         <object_component_ref idref="oc-442"/>
      </symbol>
      <symbol id="sm-7f8">
         <name>__ashldi3</name>
         <value>0x9bd1</value>
         <object_component_ref idref="oc-442"/>
      </symbol>
      <symbol id="sm-806">
         <name>__ledf2</name>
         <value>0x8295</value>
         <object_component_ref idref="oc-1bc"/>
      </symbol>
      <symbol id="sm-807">
         <name>__gedf2</name>
         <value>0x7dcd</value>
         <object_component_ref idref="oc-1c2"/>
      </symbol>
      <symbol id="sm-808">
         <name>__cmpdf2</name>
         <value>0x8295</value>
         <object_component_ref idref="oc-1bc"/>
      </symbol>
      <symbol id="sm-809">
         <name>__eqdf2</name>
         <value>0x8295</value>
         <object_component_ref idref="oc-1bc"/>
      </symbol>
      <symbol id="sm-80a">
         <name>__ltdf2</name>
         <value>0x8295</value>
         <object_component_ref idref="oc-1bc"/>
      </symbol>
      <symbol id="sm-80b">
         <name>__nedf2</name>
         <value>0x8295</value>
         <object_component_ref idref="oc-1bc"/>
      </symbol>
      <symbol id="sm-80c">
         <name>__gtdf2</name>
         <value>0x7dcd</value>
         <object_component_ref idref="oc-1c2"/>
      </symbol>
      <symbol id="sm-818">
         <name>__aeabi_idiv0</name>
         <value>0x4dd7</value>
         <object_component_ref idref="oc-253"/>
      </symbol>
      <symbol id="sm-819">
         <name>__aeabi_ldiv0</name>
         <value>0x593f</value>
         <object_component_ref idref="oc-441"/>
      </symbol>
      <symbol id="sm-822">
         <name>TI_memcpy_small</name>
         <value>0xa487</value>
         <object_component_ref idref="oc-e6"/>
      </symbol>
      <symbol id="sm-82b">
         <name>TI_memset_small</name>
         <value>0xa541</value>
         <object_component_ref idref="oc-1c7"/>
      </symbol>
      <symbol id="sm-82c">
         <name>__TI_static_base__</name>
         <value>0x0</value>
      </symbol>
      <symbol id="sm-830">
         <name>__mpu_init</name>
         <value>0x0</value>
      </symbol>
      <symbol id="sm-831">
         <name>_system_post_cinit</name>
         <value>0x0</value>
      </symbol>
   </symbol_table>
   <title>Link successful</title>
</link_info>
